C:/Users/Crystic/Downloads/stm32cubemp1-v1-7-0/STM32Cube_FW_MP1_V1.7.0/Projects/STM32MP157C-DK2/Applications/OpenAMP/OpenAMP_TTY_echo/Src/main.c:87:5:main	40	static
C:/Users/Crystic/Downloads/stm32cubemp1-v1-7-0/STM32Cube_FW_MP1_V1.7.0/Projects/STM32MP157C-DK2/Applications/OpenAMP/OpenAMP_TTY_echo/Src/main.c:228:6:SystemClock_Config	336	static
C:/Users/Crystic/Downloads/stm32cubemp1-v1-7-0/STM32Cube_FW_MP1_V1.7.0/Projects/STM32MP157C-DK2/Applications/OpenAMP/OpenAMP_TTY_echo/Src/main.c:343:13:MX_IPCC_Init	8	static
C:/Users/Crystic/Downloads/stm32cubemp1-v1-7-0/STM32Cube_FW_MP1_V1.7.0/Projects/STM32MP157C-DK2/Applications/OpenAMP/OpenAMP_TTY_echo/Src/main.c:354:6:VIRT_UART0_RxCpltCallback	24	static
C:/Users/Crystic/Downloads/stm32cubemp1-v1-7-0/STM32Cube_FW_MP1_V1.7.0/Projects/STM32MP157C-DK2/Applications/OpenAMP/OpenAMP_TTY_echo/Src/main.c:374:6:VIRT_UART1_RxCpltCallback	24	static
C:/Users/Crystic/Downloads/stm32cubemp1-v1-7-0/STM32Cube_FW_MP1_V1.7.0/Projects/STM32MP157C-DK2/Applications/OpenAMP/OpenAMP_TTY_echo/Src/main.c:386:13:EXTI14_IRQHandler_Config	48	static
C:/Users/Crystic/Downloads/stm32cubemp1-v1-7-0/STM32Cube_FW_MP1_V1.7.0/Projects/STM32MP157C-DK2/Applications/OpenAMP/OpenAMP_TTY_echo/Src/main.c:427:13:MX_I2C5_Init	8	static
C:/Users/Crystic/Downloads/stm32cubemp1-v1-7-0/STM32Cube_FW_MP1_V1.7.0/Projects/STM32MP157C-DK2/Applications/OpenAMP/OpenAMP_TTY_echo/Src/main.c:473:13:MX_GPIO_Init	4	static
C:/Users/Crystic/Downloads/stm32cubemp1-v1-7-0/STM32Cube_FW_MP1_V1.7.0/Projects/STM32MP157C-DK2/Applications/OpenAMP/OpenAMP_TTY_echo/Src/main.c:495:6:HAL_I2C_ErrorCallback	16	static
C:/Users/Crystic/Downloads/stm32cubemp1-v1-7-0/STM32Cube_FW_MP1_V1.7.0/Projects/STM32MP157C-DK2/Applications/OpenAMP/OpenAMP_TTY_echo/Src/main.c:515:6:Error_Handler	8	static
C:/Users/Crystic/Downloads/stm32cubemp1-v1-7-0/STM32Cube_FW_MP1_V1.7.0/Projects/STM32MP157C-DK2/Applications/OpenAMP/OpenAMP_TTY_echo/Src/main.c:528:13:Exti14FallingCb	8	static
