C:/Users/Crystic/Downloads/stm32cubemp1-v1-7-0/STM32Cube_FW_MP1_V1.7.0/Projects/STM32MP157C-DK2/Applications/OpenAMP/OpenAMP_TTY_echo/Src/main.c:105:8:user_i2c_read	2
C:/Users/Crystic/Downloads/stm32cubemp1-v1-7-0/STM32Cube_FW_MP1_V1.7.0/Projects/STM32MP157C-DK2/Applications/OpenAMP/OpenAMP_TTY_echo/Src/main.c:113:6:user_delay_ms	1
C:/Users/Crystic/Downloads/stm32cubemp1-v1-7-0/STM32Cube_FW_MP1_V1.7.0/Projects/STM32MP157C-DK2/Applications/OpenAMP/OpenAMP_TTY_echo/Src/main.c:118:8:user_i2c_write	2
C:/Users/Crystic/Downloads/stm32cubemp1-v1-7-0/STM32Cube_FW_MP1_V1.7.0/Projects/STM32MP157C-DK2/Applications/OpenAMP/OpenAMP_TTY_echo/Src/main.c:132:5:main	10
C:/Users/Crystic/Downloads/stm32cubemp1-v1-7-0/STM32Cube_FW_MP1_V1.7.0/Projects/STM32MP157C-DK2/Applications/OpenAMP/OpenAMP_TTY_echo/Src/main.c:310:6:SystemClock_Config	3
C:/Users/Crystic/Downloads/stm32cubemp1-v1-7-0/STM32Cube_FW_MP1_V1.7.0/Projects/STM32MP157C-DK2/Applications/OpenAMP/OpenAMP_TTY_echo/Src/main.c:425:13:MX_IPCC_Init	2
C:/Users/Crystic/Downloads/stm32cubemp1-v1-7-0/STM32Cube_FW_MP1_V1.7.0/Projects/STM32MP157C-DK2/Applications/OpenAMP/OpenAMP_TTY_echo/Src/main.c:436:6:VIRT_UART0_RxCpltCallback	1
C:/Users/Crystic/Downloads/stm32cubemp1-v1-7-0/STM32Cube_FW_MP1_V1.7.0/Projects/STM32MP157C-DK2/Applications/OpenAMP/OpenAMP_TTY_echo/Src/main.c:456:6:VIRT_UART1_RxCpltCallback	1
C:/Users/Crystic/Downloads/stm32cubemp1-v1-7-0/STM32Cube_FW_MP1_V1.7.0/Projects/STM32MP157C-DK2/Applications/OpenAMP/OpenAMP_TTY_echo/Src/main.c:468:6:VIRT_UART2_RxCpltCallback	1
C:/Users/Crystic/Downloads/stm32cubemp1-v1-7-0/STM32Cube_FW_MP1_V1.7.0/Projects/STM32MP157C-DK2/Applications/OpenAMP/OpenAMP_TTY_echo/Src/main.c:479:13:EXTI14_IRQHandler_Config	1
C:/Users/Crystic/Downloads/stm32cubemp1-v1-7-0/STM32Cube_FW_MP1_V1.7.0/Projects/STM32MP157C-DK2/Applications/OpenAMP/OpenAMP_TTY_echo/Src/main.c:520:13:MX_I2C5_Init	4
C:/Users/Crystic/Downloads/stm32cubemp1-v1-7-0/STM32Cube_FW_MP1_V1.7.0/Projects/STM32MP157C-DK2/Applications/OpenAMP/OpenAMP_TTY_echo/Src/main.c:566:13:MX_GPIO_Init	1
C:/Users/Crystic/Downloads/stm32cubemp1-v1-7-0/STM32Cube_FW_MP1_V1.7.0/Projects/STM32MP157C-DK2/Applications/OpenAMP/OpenAMP_TTY_echo/Src/main.c:588:6:HAL_I2C_ErrorCallback	2
C:/Users/Crystic/Downloads/stm32cubemp1-v1-7-0/STM32Cube_FW_MP1_V1.7.0/Projects/STM32MP157C-DK2/Applications/OpenAMP/OpenAMP_TTY_echo/Src/main.c:608:6:Error_Handler	1
C:/Users/Crystic/Downloads/stm32cubemp1-v1-7-0/STM32Cube_FW_MP1_V1.7.0/Projects/STM32MP157C-DK2/Applications/OpenAMP/OpenAMP_TTY_echo/Src/main.c:621:13:Exti14FallingCb	1
