C:/Users/Crystic/Downloads/stm32cubemp1-v1-7-0/STM32Cube_FW_MP1_V1.7.0/Projects/STM32MP157C-DK2/Applications/OpenAMP/OpenAMP_TTY_echo/Src/main.c:105:8:user_i2c_read	32	static
C:/Users/Crystic/Downloads/stm32cubemp1-v1-7-0/STM32Cube_FW_MP1_V1.7.0/Projects/STM32MP157C-DK2/Applications/OpenAMP/OpenAMP_TTY_echo/Src/main.c:113:6:user_delay_ms	16	static
C:/Users/Crystic/Downloads/stm32cubemp1-v1-7-0/STM32Cube_FW_MP1_V1.7.0/Projects/STM32MP157C-DK2/Applications/OpenAMP/OpenAMP_TTY_echo/Src/main.c:118:8:user_i2c_write	32	static
C:/Users/Crystic/Downloads/stm32cubemp1-v1-7-0/STM32Cube_FW_MP1_V1.7.0/Projects/STM32MP157C-DK2/Applications/OpenAMP/OpenAMP_TTY_echo/Src/main.c:132:5:main	136	static
C:/Users/Crystic/Downloads/stm32cubemp1-v1-7-0/STM32Cube_FW_MP1_V1.7.0/Projects/STM32MP157C-DK2/Applications/OpenAMP/OpenAMP_TTY_echo/Src/main.c:310:6:SystemClock_Config	336	static
C:/Users/Crystic/Downloads/stm32cubemp1-v1-7-0/STM32Cube_FW_MP1_V1.7.0/Projects/STM32MP157C-DK2/Applications/OpenAMP/OpenAMP_TTY_echo/Src/main.c:425:13:MX_IPCC_Init	8	static
C:/Users/Crystic/Downloads/stm32cubemp1-v1-7-0/STM32Cube_FW_MP1_V1.7.0/Projects/STM32MP157C-DK2/Applications/OpenAMP/OpenAMP_TTY_echo/Src/main.c:436:6:VIRT_UART0_RxCpltCallback	24	static
C:/Users/Crystic/Downloads/stm32cubemp1-v1-7-0/STM32Cube_FW_MP1_V1.7.0/Projects/STM32MP157C-DK2/Applications/OpenAMP/OpenAMP_TTY_echo/Src/main.c:456:6:VIRT_UART1_RxCpltCallback	24	static
C:/Users/Crystic/Downloads/stm32cubemp1-v1-7-0/STM32Cube_FW_MP1_V1.7.0/Projects/STM32MP157C-DK2/Applications/OpenAMP/OpenAMP_TTY_echo/Src/main.c:468:6:VIRT_UART2_RxCpltCallback	24	static
C:/Users/Crystic/Downloads/stm32cubemp1-v1-7-0/STM32Cube_FW_MP1_V1.7.0/Projects/STM32MP157C-DK2/Applications/OpenAMP/OpenAMP_TTY_echo/Src/main.c:479:13:EXTI14_IRQHandler_Config	48	static
C:/Users/Crystic/Downloads/stm32cubemp1-v1-7-0/STM32Cube_FW_MP1_V1.7.0/Projects/STM32MP157C-DK2/Applications/OpenAMP/OpenAMP_TTY_echo/Src/main.c:520:13:MX_I2C5_Init	8	static
C:/Users/Crystic/Downloads/stm32cubemp1-v1-7-0/STM32Cube_FW_MP1_V1.7.0/Projects/STM32MP157C-DK2/Applications/OpenAMP/OpenAMP_TTY_echo/Src/main.c:566:13:MX_GPIO_Init	4	static
C:/Users/Crystic/Downloads/stm32cubemp1-v1-7-0/STM32Cube_FW_MP1_V1.7.0/Projects/STM32MP157C-DK2/Applications/OpenAMP/OpenAMP_TTY_echo/Src/main.c:588:6:HAL_I2C_ErrorCallback	16	static
C:/Users/Crystic/Downloads/stm32cubemp1-v1-7-0/STM32Cube_FW_MP1_V1.7.0/Projects/STM32MP157C-DK2/Applications/OpenAMP/OpenAMP_TTY_echo/Src/main.c:608:6:Error_Handler	8	static
C:/Users/Crystic/Downloads/stm32cubemp1-v1-7-0/STM32Cube_FW_MP1_V1.7.0/Projects/STM32MP157C-DK2/Applications/OpenAMP/OpenAMP_TTY_echo/Src/main.c:621:13:Exti14FallingCb	8	static
