C:/Users/Crystic/Downloads/stm32cubemp1-v1-7-0/STM32Cube_FW_MP1_V1.7.0/Projects/STM32MP157C-DK2/Applications/OpenAMP/OpenAMP_TTY_echo/Src/main.c:87:5:main	12
C:/Users/Crystic/Downloads/stm32cubemp1-v1-7-0/STM32Cube_FW_MP1_V1.7.0/Projects/STM32MP157C-DK2/Applications/OpenAMP/OpenAMP_TTY_echo/Src/main.c:228:6:SystemClock_Config	3
C:/Users/Crystic/Downloads/stm32cubemp1-v1-7-0/STM32Cube_FW_MP1_V1.7.0/Projects/STM32MP157C-DK2/Applications/OpenAMP/OpenAMP_TTY_echo/Src/main.c:343:13:MX_IPCC_Init	2
C:/Users/Crystic/Downloads/stm32cubemp1-v1-7-0/STM32Cube_FW_MP1_V1.7.0/Projects/STM32MP157C-DK2/Applications/OpenAMP/OpenAMP_TTY_echo/Src/main.c:354:6:VIRT_UART0_RxCpltCallback	1
C:/Users/Crystic/Downloads/stm32cubemp1-v1-7-0/STM32Cube_FW_MP1_V1.7.0/Projects/STM32MP157C-DK2/Applications/OpenAMP/OpenAMP_TTY_echo/Src/main.c:374:6:VIRT_UART1_RxCpltCallback	1
C:/Users/Crystic/Downloads/stm32cubemp1-v1-7-0/STM32Cube_FW_MP1_V1.7.0/Projects/STM32MP157C-DK2/Applications/OpenAMP/OpenAMP_TTY_echo/Src/main.c:386:13:EXTI14_IRQHandler_Config	1
C:/Users/Crystic/Downloads/stm32cubemp1-v1-7-0/STM32Cube_FW_MP1_V1.7.0/Projects/STM32MP157C-DK2/Applications/OpenAMP/OpenAMP_TTY_echo/Src/main.c:427:13:MX_I2C5_Init	4
C:/Users/Crystic/Downloads/stm32cubemp1-v1-7-0/STM32Cube_FW_MP1_V1.7.0/Projects/STM32MP157C-DK2/Applications/OpenAMP/OpenAMP_TTY_echo/Src/main.c:473:13:MX_GPIO_Init	1
C:/Users/Crystic/Downloads/stm32cubemp1-v1-7-0/STM32Cube_FW_MP1_V1.7.0/Projects/STM32MP157C-DK2/Applications/OpenAMP/OpenAMP_TTY_echo/Src/main.c:495:6:HAL_I2C_ErrorCallback	2
C:/Users/Crystic/Downloads/stm32cubemp1-v1-7-0/STM32Cube_FW_MP1_V1.7.0/Projects/STM32MP157C-DK2/Applications/OpenAMP/OpenAMP_TTY_echo/Src/main.c:515:6:Error_Handler	1
C:/Users/Crystic/Downloads/stm32cubemp1-v1-7-0/STM32Cube_FW_MP1_V1.7.0/Projects/STM32MP157C-DK2/Applications/OpenAMP/OpenAMP_TTY_echo/Src/main.c:528:13:Exti14FallingCb	1
