Archive member included to satisfy reference by file (symbol)

C:/ST/STM32CubeIDE_1.19.0/STM32CubeIDE/plugins/com.st.stm32cube.ide.mcu.externaltools.gnu-tools-for-stm32.13.3.rel1.win32_1.0.0.202411081344/tools/bin/../lib/gcc/arm-none-eabi/13.3.1/../../../../arm-none-eabi/lib/thumb/v7e-m+fp/hard\libc_nano.a(libc_a-assert.o)
                              ./Middlewares/OpenAMP/libmetal/device.o (__assert_func)
C:/ST/STM32CubeIDE_1.19.0/STM32CubeIDE/plugins/com.st.stm32cube.ide.mcu.externaltools.gnu-tools-for-stm32.13.3.rel1.win32_1.0.0.202411081344/tools/bin/../lib/gcc/arm-none-eabi/13.3.1/../../../../arm-none-eabi/lib/thumb/v7e-m+fp/hard\libc_nano.a(libc_a-exit.o)
                              C:/ST/STM32CubeIDE_1.19.0/STM32CubeIDE/plugins/com.st.stm32cube.ide.mcu.externaltools.gnu-tools-for-stm32.13.3.rel1.win32_1.0.0.202411081344/tools/bin/../lib/gcc/arm-none-eabi/13.3.1/../../../../arm-none-eabi/lib/thumb/v7e-m+fp/hard/crt0.o (exit)
C:/ST/STM32CubeIDE_1.19.0/STM32CubeIDE/plugins/com.st.stm32cube.ide.mcu.externaltools.gnu-tools-for-stm32.13.3.rel1.win32_1.0.0.202411081344/tools/bin/../lib/gcc/arm-none-eabi/13.3.1/../../../../arm-none-eabi/lib/thumb/v7e-m+fp/hard\libc_nano.a(libc_a-malloc.o)
                              ./Middlewares/OpenAMP/open-amp/remoteproc/remoteproc_virtio.o (malloc)
C:/ST/STM32CubeIDE_1.19.0/STM32CubeIDE/plugins/com.st.stm32cube.ide.mcu.externaltools.gnu-tools-for-stm32.13.3.rel1.win32_1.0.0.202411081344/tools/bin/../lib/gcc/arm-none-eabi/13.3.1/../../../../arm-none-eabi/lib/thumb/v7e-m+fp/hard\libc_nano.a(libc_a-mallocr.o)
                              C:/ST/STM32CubeIDE_1.19.0/STM32CubeIDE/plugins/com.st.stm32cube.ide.mcu.externaltools.gnu-tools-for-stm32.13.3.rel1.win32_1.0.0.202411081344/tools/bin/../lib/gcc/arm-none-eabi/13.3.1/../../../../arm-none-eabi/lib/thumb/v7e-m+fp/hard\libc_nano.a(libc_a-malloc.o) (_malloc_r)
C:/ST/STM32CubeIDE_1.19.0/STM32CubeIDE/plugins/com.st.stm32cube.ide.mcu.externaltools.gnu-tools-for-stm32.13.3.rel1.win32_1.0.0.202411081344/tools/bin/../lib/gcc/arm-none-eabi/13.3.1/../../../../arm-none-eabi/lib/thumb/v7e-m+fp/hard\libc_nano.a(libc_a-mlock.o)
                              C:/ST/STM32CubeIDE_1.19.0/STM32CubeIDE/plugins/com.st.stm32cube.ide.mcu.externaltools.gnu-tools-for-stm32.13.3.rel1.win32_1.0.0.202411081344/tools/bin/../lib/gcc/arm-none-eabi/13.3.1/../../../../arm-none-eabi/lib/thumb/v7e-m+fp/hard\libc_nano.a(libc_a-mallocr.o) (__malloc_lock)
C:/ST/STM32CubeIDE_1.19.0/STM32CubeIDE/plugins/com.st.stm32cube.ide.mcu.externaltools.gnu-tools-for-stm32.13.3.rel1.win32_1.0.0.202411081344/tools/bin/../lib/gcc/arm-none-eabi/13.3.1/../../../../arm-none-eabi/lib/thumb/v7e-m+fp/hard\libc_nano.a(libc_a-nano-vfprintf_float.o)
                              (_printf_float)
C:/ST/STM32CubeIDE_1.19.0/STM32CubeIDE/plugins/com.st.stm32cube.ide.mcu.externaltools.gnu-tools-for-stm32.13.3.rel1.win32_1.0.0.202411081344/tools/bin/../lib/gcc/arm-none-eabi/13.3.1/../../../../arm-none-eabi/lib/thumb/v7e-m+fp/hard\libc_nano.a(libc_a-nano-vfprintf_i.o)
                              C:/ST/STM32CubeIDE_1.19.0/STM32CubeIDE/plugins/com.st.stm32cube.ide.mcu.externaltools.gnu-tools-for-stm32.13.3.rel1.win32_1.0.0.202411081344/tools/bin/../lib/gcc/arm-none-eabi/13.3.1/../../../../arm-none-eabi/lib/thumb/v7e-m+fp/hard\libc_nano.a(libc_a-nano-vfprintf_float.o) (_printf_common)
C:/ST/STM32CubeIDE_1.19.0/STM32CubeIDE/plugins/com.st.stm32cube.ide.mcu.externaltools.gnu-tools-for-stm32.13.3.rel1.win32_1.0.0.202411081344/tools/bin/../lib/gcc/arm-none-eabi/13.3.1/../../../../arm-none-eabi/lib/thumb/v7e-m+fp/hard\libc_nano.a(libc_a-nano-vfscanf_float.o)
                              (_scanf_float)
C:/ST/STM32CubeIDE_1.19.0/STM32CubeIDE/plugins/com.st.stm32cube.ide.mcu.externaltools.gnu-tools-for-stm32.13.3.rel1.win32_1.0.0.202411081344/tools/bin/../lib/gcc/arm-none-eabi/13.3.1/../../../../arm-none-eabi/lib/thumb/v7e-m+fp/hard\libc_nano.a(libc_a-findfp.o)
                              C:/ST/STM32CubeIDE_1.19.0/STM32CubeIDE/plugins/com.st.stm32cube.ide.mcu.externaltools.gnu-tools-for-stm32.13.3.rel1.win32_1.0.0.202411081344/tools/bin/../lib/gcc/arm-none-eabi/13.3.1/../../../../arm-none-eabi/lib/thumb/v7e-m+fp/hard\libc_nano.a(libc_a-exit.o) (__stdio_exit_handler)
C:/ST/STM32CubeIDE_1.19.0/STM32CubeIDE/plugins/com.st.stm32cube.ide.mcu.externaltools.gnu-tools-for-stm32.13.3.rel1.win32_1.0.0.202411081344/tools/bin/../lib/gcc/arm-none-eabi/13.3.1/../../../../arm-none-eabi/lib/thumb/v7e-m+fp/hard\libc_nano.a(libc_a-fprintf.o)
                              C:/ST/STM32CubeIDE_1.19.0/STM32CubeIDE/plugins/com.st.stm32cube.ide.mcu.externaltools.gnu-tools-for-stm32.13.3.rel1.win32_1.0.0.202411081344/tools/bin/../lib/gcc/arm-none-eabi/13.3.1/../../../../arm-none-eabi/lib/thumb/v7e-m+fp/hard\libc_nano.a(libc_a-assert.o) (fiprintf)
[...]
Memory Configuration

Name             Origin             Length             Attributes
m_interrupts     0x00000000         0x00000298         xr
m_text           0x10000000         0x00020000         xr
m_data           0x10020000         0x00020000         rw
m_ipc_shm        0x10040000         0x00008000         rw
*default*        0x00000000         0xffffffff

Linker script and memory map

LOAD C:/ST/STM32CubeIDE_1.19.0/STM32CubeIDE/plugins/com.st.stm32cube.ide.mcu.externaltools.gnu-tools-for-stm32.13.3.rel1.win32_1.0.0.202411081344/tools/bin/../lib/gcc/arm-none-eabi/13.3.1/thumb/v7e-m+fp/hard/crti.o
LOAD C:/ST/STM32CubeIDE_1.19.0/STM32CubeIDE/plugins/com.st.stm32cube.ide.mcu.externaltools.gnu-tools-for-stm32.13.3.rel1.win32_1.0.0.202411081344/tools/bin/../lib/gcc/arm-none-eabi/13.3.1/thumb/v7e-m+fp/hard/crtbegin.o
LOAD C:/ST/STM32CubeIDE_1.19.0/STM32CubeIDE/plugins/com.st.stm32cube.ide.mcu.externaltools.gnu-tools-for-stm32.13.3.rel1.win32_1.0.0.202411081344/tools/bin/../lib/gcc/arm-none-eabi/13.3.1/../../../../arm-none-eabi/lib/thumb/v7e-m+fp/hard/crt0.o
LOAD ./Application/Startup/startup_stm32mp157caax.o
LOAD ./Application/User/lock_resource.o
LOAD ./Application/User/main.o
LOAD ./Application/User/mbox_ipcc.o
LOAD ./Application/User/openamp.o
LOAD ./Application/User/openamp_log.o
LOAD ./Application/User/rsc_table.o
LOAD ./Application/User/ssd1306_tests.o
LOAD ./Application/User/stm32mp1xx_hal_msp.o
LOAD ./Application/User/stm32mp1xx_it.o
LOAD ./Application/User/syscalls.o
LOAD ./Drivers/BME280/bme280.o
LOAD ./Drivers/BSP/stm32mp15xx_disco.o
LOAD ./Drivers/CMSIS/system_stm32mp1xx.o
LOAD ./Drivers/OLED/ssd1306.o
LOAD ./Drivers/OLED/ssd1306_fonts.o
LOAD ./Drivers/STM32MP1xx_HAL_Driver/stm32mp1xx_hal.o
LOAD ./Drivers/STM32MP1xx_HAL_Driver/stm32mp1xx_hal_cortex.o
LOAD ./Drivers/STM32MP1xx_HAL_Driver/stm32mp1xx_hal_dma.o
LOAD ./Drivers/STM32MP1xx_HAL_Driver/stm32mp1xx_hal_dma_ex.o
LOAD ./Drivers/STM32MP1xx_HAL_Driver/stm32mp1xx_hal_exti.o
LOAD ./Drivers/STM32MP1xx_HAL_Driver/stm32mp1xx_hal_gpio.o
LOAD ./Drivers/STM32MP1xx_HAL_Driver/stm32mp1xx_hal_hsem.o
LOAD ./Drivers/STM32MP1xx_HAL_Driver/stm32mp1xx_hal_i2c.o
LOAD ./Drivers/STM32MP1xx_HAL_Driver/stm32mp1xx_hal_i2c_ex.o
LOAD ./Drivers/STM32MP1xx_HAL_Driver/stm32mp1xx_hal_ipcc.o
LOAD ./Drivers/STM32MP1xx_HAL_Driver/stm32mp1xx_hal_pwr.o
LOAD ./Drivers/STM32MP1xx_HAL_Driver/stm32mp1xx_hal_pwr_ex.o
LOAD ./Drivers/STM32MP1xx_HAL_Driver/stm32mp1xx_hal_rcc.o
LOAD ./Drivers/STM32MP1xx_HAL_Driver/stm32mp1xx_hal_rcc_ex.o
LOAD ./Middlewares/OpenAMP/libmetal/device.o
LOAD ./Middlewares/OpenAMP/libmetal/init.o
LOAD ./Middlewares/OpenAMP/libmetal/io.o
LOAD ./Middlewares/OpenAMP/libmetal/log.o
LOAD ./Middlewares/OpenAMP/libmetal/shmem.o
LOAD ./Middlewares/OpenAMP/libmetal/generic/condition.o
LOAD ./Middlewares/OpenAMP/libmetal/generic/generic_device.o
LOAD ./Middlewares/OpenAMP/libmetal/generic/generic_init.o
LOAD ./Middlewares/OpenAMP/libmetal/generic/generic_io.o
LOAD ./Middlewares/OpenAMP/libmetal/generic/generic_shmem.o
LOAD ./Middlewares/OpenAMP/libmetal/generic/time.o
LOAD ./Middlewares/OpenAMP/libmetal/generic/template/sys.o
LOAD ./Middlewares/OpenAMP/open-amp/remoteproc/remoteproc_virtio.o
LOAD ./Middlewares/OpenAMP/open-amp/rpmsg/rpmsg.o
LOAD ./Middlewares/OpenAMP/open-amp/rpmsg/rpmsg_virtio.o
LOAD ./Middlewares/OpenAMP/open-amp/virtio/virtio.o
LOAD ./Middlewares/OpenAMP/open-amp/virtio/virtqueue.o
LOAD ./Middlewares/OpenAMP/virtual_driver/virt_uart.o
START GROUP
LOAD C:/ST/STM32CubeIDE_1.19.0/STM32CubeIDE/plugins/com.st.stm32cube.ide.mcu.externaltools.gnu-tools-for-stm32.13.3.rel1.win32_1.0.0.202411081344/tools/bin/../lib/gcc/arm-none-eabi/13.3.1/../../../../arm-none-eabi/lib/thumb/v7e-m+fp/hard\libc_nano.a
LOAD C:/ST/STM32CubeIDE_1.19.0/STM32CubeIDE/plugins/com.st.stm32cube.ide.mcu.externaltools.gnu-tools-for-stm32.13.3.rel1.win32_1.0.0.202411081344/tools/bin/../lib/gcc/arm-none-eabi/13.3.1/../../../../arm-none-eabi/lib/thumb/v7e-m+fp/hard\libm.a
END GROUP
START GROUP
LOAD C:/ST/STM32CubeIDE_1.19.0/STM32CubeIDE/plugins/com.st.stm32cube.ide.mcu.externaltools.gnu-tools-for-stm32.13.3.rel1.win32_1.0.0.202411081344/tools/bin/../lib/gcc/arm-none-eabi/13.3.1/thumb/v7e-m+fp/hard\libgcc.a
LOAD C:/ST/STM32CubeIDE_1.19.0/STM32CubeIDE/plugins/com.st.stm32cube.ide.mcu.externaltools.gnu-tools-for-stm32.13.3.rel1.win32_1.0.0.202411081344/tools/bin/../lib/gcc/arm-none-eabi/13.3.1/../../../../arm-none-eabi/lib/thumb/v7e-m+fp/hard\libc_nano.a
END GROUP
START GROUP
LOAD C:/ST/STM32CubeIDE_1.19.0/STM32CubeIDE/plugins/com.st.stm32cube.ide.mcu.externaltools.gnu-tools-for-stm32.13.3.rel1.win32_1.0.0.202411081344/tools/bin/../lib/gcc/arm-none-eabi/13.3.1/thumb/v7e-m+fp/hard\libgcc.a
LOAD C:/ST/STM32CubeIDE_1.19.0/STM32CubeIDE/plugins/com.st.stm32cube.ide.mcu.externaltools.gnu-tools-for-stm32.13.3.rel1.win32_1.0.0.202411081344/tools/bin/../lib/gcc/arm-none-eabi/13.3.1/../../../../arm-none-eabi/lib/thumb/v7e-m+fp/hard\libc_nano.a
LOAD C:/ST/STM32CubeIDE_1.19.0/STM32CubeIDE/plugins/com.st.stm32cube.ide.mcu.externaltools.gnu-tools-for-stm32.13.3.rel1.win32_1.0.0.202411081344/tools/bin/../lib/gcc/arm-none-eabi/13.3.1/../../../../arm-none-eabi/lib/thumb/v7e-m+fp/hard\libnosys.a
END GROUP
START GROUP
LOAD C:/ST/STM32CubeIDE_1.19.0/STM32CubeIDE/plugins/com.st.stm32cube.ide.mcu.externaltools.gnu-tools-for-stm32.13.3.rel1.win32_1.0.0.202411081344/tools/bin/../lib/gcc/arm-none-eabi/13.3.1/thumb/v7e-m+fp/hard\libgcc.a
LOAD C:/ST/STM32CubeIDE_1.19.0/STM32CubeIDE/plugins/com.st.stm32cube.ide.mcu.externaltools.gnu-tools-for-stm32.13.3.rel1.win32_1.0.0.202411081344/tools/bin/../lib/gcc/arm-none-eabi/13.3.1/../../../../arm-none-eabi/lib/thumb/v7e-m+fp/hard\libc_nano.a
LOAD C:/ST/STM32CubeIDE_1.19.0/STM32CubeIDE/plugins/com.st.stm32cube.ide.mcu.externaltools.gnu-tools-for-stm32.13.3.rel1.win32_1.0.0.202411081344/tools/bin/../lib/gcc/arm-none-eabi/13.3.1/../../../../arm-none-eabi/lib/thumb/v7e-m+fp/hard\libnosys.a
END GROUP
LOAD C:/ST/STM32CubeIDE_1.19.0/STM32CubeIDE/plugins/com.st.stm32cube.ide.mcu.externaltools.gnu-tools-for-stm32.13.3.rel1.win32_1.0.0.202411081344/tools/bin/../lib/gcc/arm-none-eabi/13.3.1/thumb/v7e-m+fp/hard/crtend.o
LOAD C:/ST/STM32CubeIDE_1.19.0/STM32CubeIDE/plugins/com.st.stm32cube.ide.mcu.externaltools.gnu-tools-for-stm32.13.3.rel1.win32_1.0.0.202411081344/tools/bin/../lib/gcc/arm-none-eabi/13.3.1/thumb/v7e-m+fp/hard/crtn.o
                0x10040000                        _estack = 0x10040000
                0x00000200                        _Min_Heap_Size = 0x200
                0x00000400                        _Min_Stack_Size = 0x400
                0x10040000                        __OPENAMP_region_start__ = ORIGIN (m_ipc_shm)
                0x10048000                        __OPENAMP_region_end__ = (ORIGIN (m_ipc_shm) + LENGTH (m_ipc_shm))

.isr_vector     0x00000000      0x298
                0x00000000                        . = ALIGN (0x4)
 *(.isr_vector)
 .isr_vector    0x00000000      0x298 ./Application/Startup/startup_stm32mp157caax.o
                0x00000000                g_pfnVectors
                0x00000298                        . = ALIGN (0x4)

.text           0x10000000    0x113b0
                0x10000000                        . = ALIGN (0x4)
 *(.text)
 .text          0x10000000       0x40 C:/ST/STM32CubeIDE_1.19.0/STM32CubeIDE/plugins/com.st.stm32cube.ide.mcu.externaltools.gnu-tools-for-stm32.13.3.rel1.win32_1.0.0.202411081344/tools/bin/../lib/gcc/arm-none-eabi/13.3.1/thumb/v7e-m+fp/hard/crtbegin.o
 .text          0x10000040       0x14 C:/ST/STM32CubeIDE_1.19.0/STM32CubeIDE/plugins/com.st.stm32cube.ide.mcu.externaltools.gnu-tools-for-stm32.13.3.rel1.win32_1.0.0.202411081344/tools/bin/../lib/gcc/arm-none-eabi/13.3.1/../../../../arm-none-eabi/lib/thumb/v7e-m+fp/hard\libc_nano.a(libc_a-strcmp.o)
                0x10000040                strcmp
 *fill*         0x10000054        0xc 
 .text          0x10000060       0xa0 C:/ST/STM32CubeIDE_1.19.0/STM32CubeIDE/plugins/com.st.stm32cube.ide.mcu.externaltools.gnu-tools-for-stm32.13.3.rel1.win32_1.0.0.202411081344/tools/bin/../lib/gcc/arm-none-eabi/13.3.1/../../../../arm-none-eabi/lib/thumb/v7e-m+fp/hard\libc_nano.a(libc_a-memchr.o)
                0x10000060                memchr
 .text          0x10000100       0x10 C:/ST/STM32CubeIDE_1.19.0/STM32CubeIDE/plugins/com.st.stm32cube.ide.mcu.externaltools.gnu-tools-for-stm32.13.3.rel1.win32_1.0.0.202411081344/tools/bin/../lib/gcc/arm-none-eabi/13.3.1/../../../../arm-none-eabi/lib/thumb/v7e-m+fp/hard\libc_nano.a(libc_a-strlen.o)
                0x10000100                strlen
 .text          0x10000110      0x378 C:/ST/STM32CubeIDE_1.19.0/STM32CubeIDE/plugins/com.st.stm32cube.ide.mcu.externaltools.gnu-tools-for-stm32.13.3.rel1.win32_1.0.0.202411081344/tools/bin/../lib/gcc/arm-none-eabi/13.3.1/thumb/v7e-m+fp/hard\libgcc.a(_arm_addsubdf3.o)
                0x10000110                __aeabi_drsub
                0x10000118                __aeabi_dsub
                0x10000118                __subdf3
                0x1000011c                __aeabi_dadd
                0x1000011c                __adddf3
                0x10000394                __floatunsidf
                0x10000394                __aeabi_ui2d
                0x100003b4                __floatsidf
                0x100003b4                __aeabi_i2d
                0x100003d8                __aeabi_f2d
                0x100003d8                __extendsfdf2
                0x1000041c                __floatundidf
                0x1000041c                __aeabi_ul2d
                0x1000042c                __floatdidf
                0x1000042c                __aeabi_l2d
 .text          0x10000488      0x424 C:/ST/STM32CubeIDE_1.19.0/STM32CubeIDE/plugins/com.st.stm32cube.ide.mcu.externaltools.gnu-tools-for-stm32.13.3.rel1.win32_1.0.0.202411081344/tools/bin/../lib/gcc/arm-none-eabi/13.3.1/thumb/v7e-m+fp/hard\libgcc.a(_arm_muldivdf3.o)
                0x10000488                __aeabi_dmul
                0x10000488                __muldf3
                0x100006dc                __divdf3
                0x100006dc                __aeabi_ddiv
 .text          0x100008ac      0x110 C:/ST/STM32CubeIDE_1.19.0/STM32CubeIDE/plugins/com.st.stm32cube.ide.mcu.externaltools.gnu-tools-for-stm32.13.3.rel1.win32_1.0.0.202411081344/tools/bin/../lib/gcc/arm-none-eabi/13.3.1/thumb/v7e-m+fp/hard\libgcc.a(_arm_cmpdf2.o)
                0x100008ac                __gtdf2
                0x100008ac                __gedf2
                0x100008b4                __ltdf2
                0x100008b4                __ledf2
                0x100008bc                __nedf2
                0x100008bc                __eqdf2
                0x100008bc                __cmpdf2
                0x10000938                __aeabi_cdrcmple
                0x10000948                __aeabi_cdcmpeq
                0x10000948                __aeabi_cdcmple
                0x10000958                __aeabi_dcmpeq
                0x1000096c                __aeabi_dcmplt
                0x10000980                __aeabi_dcmple
                0x10000994                __aeabi_dcmpge
                0x100009a8                __aeabi_dcmpgt
 .text          0x100009bc       0x2c C:/ST/STM32CubeIDE_1.19.0/STM32CubeIDE/plugins/com.st.stm32cube.ide.mcu.externaltools.gnu-tools-for-stm32.13.3.rel1.win32_1.0.0.202411081344/tools/bin/../lib/gcc/arm-none-eabi/13.3.1/thumb/v7e-m+fp/hard\libgcc.a(_arm_unorddf2.o)
                0x100009bc                __unorddf2
                0x100009bc                __aeabi_dcmpun
 .text          0x100009e8       0x50 C:/ST/STM32CubeIDE_1.19.0/STM32CubeIDE/plugins/com.st.stm32cube.ide.mcu.externaltools.gnu-tools-for-stm32.13.3.rel1.win32_1.0.0.202411081344/tools/bin/../lib/gcc/arm-none-eabi/13.3.1/thumb/v7e-m+fp/hard\libgcc.a(_arm_fixdfsi.o)
                0x100009e8                __aeabi_d2iz
                0x100009e8                __fixdfsi
 .text          0x10000a38       0x40 C:/ST/STM32CubeIDE_1.19.0/STM32CubeIDE/plugins/com.st.stm32cube.ide.mcu.externaltools.gnu-tools-for-stm32.13.3.rel1.win32_1.0.0.202411081344/tools/bin/../lib/gcc/arm-none-eabi/13.3.1/thumb/v7e-m+fp/hard\libgcc.a(_arm_fixunsdfsi.o)
                0x10000a38                __aeabi_d2uiz
                0x10000a38                __fixunsdfsi
 .text          0x10000a78       0xa0 C:/ST/STM32CubeIDE_1.19.0/STM32CubeIDE/plugins/com.st.stm32cube.ide.mcu.externaltools.gnu-tools-for-stm32.13.3.rel1.win32_1.0.0.202411081344/tools/bin/../lib/gcc/arm-none-eabi/13.3.1/thumb/v7e-m+fp/hard\libgcc.a(_arm_truncdfsf2.o)
                0x10000a78                __truncdfsf2
                0x10000a78                __aeabi_d2f
 .text          0x10000b18       0xa0 C:/ST/STM32CubeIDE_1.19.0/STM32CubeIDE/plugins/com.st.stm32cube.ide.mcu.externaltools.gnu-tools-for-stm32.13.3.rel1.win32_1.0.0.202411081344/tools/bin/../lib/gcc/arm-none-eabi/13.3.1/thumb/v7e-m+fp/hard\libgcc.a(_aeabi_ldivmod.o)
                0x10000b18                __aeabi_ldivmod
 .text          0x10000bb8       0x30 C:/ST/STM32CubeIDE_1.19.0/STM32CubeIDE/plugins/com.st.stm32cube.ide.mcu.externaltools.gnu-tools-for-stm32.13.3.rel1.win32_1.0.0.202411081344/tools/bin/../lib/gcc/arm-none-eabi/13.3.1/thumb/v7e-m+fp/hard\libgcc.a(_fixdfdi.o)
                0x10000bb8                __fixdfdi
                0x10000bb8                __aeabi_d2lz
 .text          0x10000be8       0x3c C:/ST/STM32CubeIDE_1.19.0/STM32CubeIDE/plugins/com.st.stm32cube.ide.mcu.externaltools.gnu-tools-for-stm32.13.3.rel1.win32_1.0.0.202411081344/tools/bin/../lib/gcc/arm-none-eabi/13.3.1/thumb/v7e-m+fp/hard\libgcc.a(_fixunsdfdi.o)
                0x10000be8                __fixunsdfdi
                0x10000be8                __aeabi_d2ulz
 .text          0x10000c24      0x2f8 C:/ST/STM32CubeIDE_1.19.0/STM32CubeIDE/plugins/com.st.stm32cube.ide.mcu.externaltools.gnu-tools-for-stm32.13.3.rel1.win32_1.0.0.202411081344/tools/bin/../lib/gcc/arm-none-eabi/13.3.1/thumb/v7e-m+fp/hard\libgcc.a(_udivmoddi4.o)
                0x10000c24                __udivmoddi4
 .text          0x10000f1c        0x4 C:/ST/STM32CubeIDE_1.19.0/STM32CubeIDE/plugins/com.st.stm32cube.ide.mcu.externaltools.gnu-tools-for-stm32.13.3.rel1.win32_1.0.0.202411081344/tools/bin/../lib/gcc/arm-none-eabi/13.3.1/thumb/v7e-m+fp/hard\libgcc.a(_dvmd_tls.o)
                0x10000f1c                __aeabi_idiv0
                0x10000f1c                __aeabi_ldiv0
 *(.text*)
 .text.Default_Handler
                0x10000f20        0x2 ./Application/Startup/startup_stm32mp157caax.o
                0x10000f20                EXTI2_IRQHandler
                0x10000f20                TIM8_TRG_COM_IRQHandler
                0x10000f20                TIM8_CC_IRQHandler
                0x10000f20                EXTI5_IRQHandler
                0x10000f20                UART8_IRQHandler
                0x10000f20                SPI4_IRQHandler
                0x10000f20                EXTI13_IRQHandler
                0x10000f20                TIM1_CC_IRQHandler
                0x10000f20                DMA2_Stream5_IRQHandler
                0x10000f20                ETH1_WKUP_IRQHandler
                0x10000f20                TAMP_IRQHandler
                0x10000f20                DMA1_Stream5_IRQHandler
                0x10000f20                TIM6_IRQHandler
                0x10000f20                EXTI12_IRQHandler
                0x10000f20                EXTI3_IRQHandler
                0x10000f20                LPTIM4_IRQHandler
                0x10000f20                EXTI8_IRQHandler
                0x10000f20                LPTIM2_IRQHandler
                0x10000f20                DFSDM1_FLT1_IRQHandler
                0x10000f20                I2C3_ER_IRQHandler
                0x10000f20                DFSDM1_FLT2_IRQHandler
                0x10000f20                MDMA_IRQHandler
                0x10000f20                IPCC_TX1_IRQHandler
                0x10000f20                LPTIM3_IRQHandler
                0x10000f20                EXTI0_IRQHandler
                0x10000f20                I2C2_EV_IRQHandler
                0x10000f20                DMA1_Stream2_IRQHandler
                0x10000f20                FPU_IRQHandler
                0x10000f20                USBH_OHCI_IRQHandler
                0x10000f20                FDCAN1_IT1_IRQHandler
                0x10000f20                LTDC_ER_IRQHandler
                0x10000f20                DMA2_Stream2_IRQHandler
                0x10000f20                IPCC_RX0_IRQHandler
                0x10000f20                OTG_IRQHandler
                0x10000f20                SPI1_IRQHandler
                0x10000f20                DCMI_IRQHandler
                0x10000f20                TIM8_UP_IRQHandler
                0x10000f20                DMA2_Stream3_IRQHandler
                0x10000f20                USBH_EHCI_IRQHandler
                0x10000f20                nCTIIRQ2_IRQHandler
                0x10000f20                HASH1_IRQHandler
                0x10000f20                GPU_IRQHandler
                0x10000f20                SAI2_IRQHandler
                0x10000f20                ADC1_IRQHandler
                0x10000f20                RESERVED148_IRQHandler
                0x10000f20                RTC_TIMESTAMP_IRQHandler
                0x10000f20                DFSDM1_FLT3_IRQHandler
                0x10000f20                USART6_IRQHandler
                0x10000f20                EXTI15_IRQHandler
                0x10000f20                TIM17_IRQHandler
                0x10000f20                USART3_IRQHandler
                0x10000f20                EXTI9_IRQHandler
                0x10000f20                LPTIM5_IRQHandler
                0x10000f20                UART5_IRQHandler
                0x10000f20                DMA2_Stream0_IRQHandler
                0x10000f20                TIM4_IRQHandler
                0x10000f20                RCC_WAKEUP_IRQHandler
                0x10000f20                CRYP2_IRQHandler
                0x10000f20                QUADSPI_IRQHandler
                0x10000f20                I2C1_EV_IRQHandler
                0x10000f20                DMA1_Stream6_IRQHandler
                0x10000f20                RESERVED99_IRQHandler
                0x10000f20                DMAMUX1_OVR_IRQHandler
                0x10000f20                DMA1_Stream1_IRQHandler
                0x10000f20                TIM16_IRQHandler
                0x10000f20                UART4_IRQHandler
                0x10000f20                TIM3_IRQHandler
                0x10000f20                RCC_IRQHandler
                0x10000f20                TIM1_TRG_COM_IRQHandler
                0x10000f20                nCTIIRQ1_IRQHandler
                0x10000f20                Default_Handler
                0x10000f20                CEC_IRQHandler
                0x10000f20                DFSDM1_FLT4_IRQHandler
                0x10000f20                TIM14_IRQHandler
                0x10000f20                TIM13_IRQHandler
                0x10000f20                DMA1_Stream7_IRQHandler
                0x10000f20                IPCC_TX0_IRQHandler
                0x10000f20                SPI5_IRQHandler
                0x10000f20                TIM12_IRQHandler
                0x10000f20                TIM7_IRQHandler
                0x10000f20                SDMMC1_IRQHandler
                0x10000f20                TIM5_IRQHandler
                0x10000f20                DMA2_Stream7_IRQHandler
                0x10000f20                TIM15_IRQHandler
                0x10000f20                PVD_AVD_IRQHandler
                0x10000f20                I2C3_EV_IRQHandler
                0x10000f20                SDMMC3_IRQHandler
                0x10000f20                ETH1_IRQHandler
                0x10000f20                LTDC_IRQHandler
                0x10000f20                SAI3_IRQHandler
                0x10000f20                SPDIF_RX_IRQHandler
                0x10000f20                ADC2_IRQHandler
                0x10000f20                SPI2_IRQHandler
                0x10000f20                DFSDM1_FLT5_IRQHandler
                0x10000f20                DMA1_Stream0_IRQHandler
                0x10000f20                EXTI11_IRQHandler
                0x10000f20                CRYP1_IRQHandler
                0x10000f20                RNG2_IRQHandler
                0x10000f20                RNG1_IRQHandler
                0x10000f20                HASH2_IRQHandler
                0x10000f20                EXTI4_IRQHandler
                0x10000f20                ETH1_LPI_IRQHandler
                0x10000f20                FDCAN2_IT1_IRQHandler
                0x10000f20                DSI_IRQHandler
                0x10000f20                TIM1_UP_IRQHandler
                0x10000f20                HSEM_IT2_IRQHandler
                0x10000f20                SPI6_IRQHandler
                0x10000f20                MDIOS_IRQHandler
                0x10000f20                I2C4_EV_IRQHandler
                0x10000f20                FDCAN2_IT0_IRQHandler
                0x10000f20                I2C6_ER_IRQHandler
                0x10000f20                FDCAN1_IT0_IRQHandler
                0x10000f20                TIM2_IRQHandler
                0x10000f20                EXTI7_IRQHandler
                0x10000f20                TIM1_BRK_IRQHandler
                0x10000f20                DAC_IRQHandler
                0x10000f20                EXTI1_IRQHandler
                0x10000f20                SDMMC2_IRQHandler
                0x10000f20                DTS_IRQHandler
                0x10000f20                UART7_IRQHandler
                0x10000f20                USART2_IRQHandler
                0x10000f20                I2C6_EV_IRQHandler
                0x10000f20                DFSDM1_FLT0_IRQHandler
                0x10000f20                SAI4_IRQHandler
                0x10000f20                I2C2_ER_IRQHandler
                0x10000f20                DMA2_Stream1_IRQHandler
                0x10000f20                TIM8_BRK_IRQHandler
                0x10000f20                WWDG1_IRQHandler
                0x10000f20                DMA2_Stream4_IRQHandler
                0x10000f20                USART1_IRQHandler
                0x10000f20                RESERVED143_IRQHandler
                0x10000f20                EXTI10_IRQHandler
                0x10000f20                SPI3_IRQHandler
                0x10000f20                WAKEUP_PIN_IRQHandler
                0x10000f20                DMA1_Stream4_IRQHandler
                0x10000f20                I2C1_ER_IRQHandler
                0x10000f20                FMC_IRQHandler
                0x10000f20                FDCAN_CAL_IRQHandler
                0x10000f20                EXTI6_IRQHandler
                0x10000f20                MPU_SEV_IRQHandler
                0x10000f20                LPTIM1_IRQHandler
                0x10000f20                RTC_WKUP_ALARM_IRQHandler
                0x10000f20                I2C4_ER_IRQHandler
                0x10000f20                DMA2_Stream6_IRQHandler
                0x10000f20                SAI1_IRQHandler
                0x10000f20                DMA1_Stream3_IRQHandler
                0x10000f20                RESERVED4_IRQHandler
 *fill*         0x10000f22        0x2 
 .text.Periph_Lock
                0x10000f24      0x11c ./Application/User/lock_resource.o
                0x10000f24                Periph_Lock
 .text.Periph_Unlock
                0x10001040       0xe8 ./Application/User/lock_resource.o
                0x10001040                Periph_Unlock
 .text.user_i2c_read
                0x10001128       0x50 ./Application/User/main.o
                0x10001128                user_i2c_read
 .text.user_delay_ms
                0x10001178       0x16 ./Application/User/main.o
                0x10001178                user_delay_ms
 *fill*         0x1000118e        0x2 
 .text.user_i2c_write
                0x10001190       0x50 ./Application/User/main.o
                0x10001190                user_i2c_write
 .text.main     0x100011e0      0x550 ./Application/User/main.o
                0x100011e0                main
 .text.SystemClock_Config
                0x10001730      0x3e2 ./Application/User/main.o
                0x10001730                SystemClock_Config
 *fill*         0x10001b12        0x2 
 .text.MX_IPCC_Init
                0x10001b14       0x28 ./Application/User/main.o
 .text.VIRT_UART0_RxCpltCallback
                0x10001b3c       0x88 ./Application/User/main.o
                0x10001b3c                VIRT_UART0_RxCpltCallback
 .text.VIRT_UART1_RxCpltCallback
                0x10001bc4       0x94 ./Application/User/main.o
                0x10001bc4                VIRT_UART1_RxCpltCallback
 .text.EXTI14_IRQHandler_Config
                0x10001c58       0x98 ./Application/User/main.o
 .text.MX_I2C5_Init
                0x10001cf0       0x84 ./Application/User/main.o
 .text.MX_GPIO_Init
                0x10001d74       0x6a ./Application/User/main.o
 .text.HAL_I2C_ErrorCallback
                0x10001dde       0x20 ./Application/User/main.o
                0x10001dde                HAL_I2C_ErrorCallback
 .text.Error_Handler
                0x10001dfe       0x16 ./Application/User/main.o
                0x10001dfe                Error_Handler
 .text.Exti14FallingCb
                0x10001e14       0x18 ./Application/User/main.o
 .text.MAILBOX_Init
                0x10001e2c       0xc0 ./Application/User/mbox_ipcc.o
                0x10001e2c                MAILBOX_Init
 .text.MAILBOX_Poll
                0x10001eec       0x54 ./Application/User/mbox_ipcc.o
                0x10001eec                MAILBOX_Poll
 .text.MAILBOX_Notify
                0x10001f40       0xa0 ./Application/User/mbox_ipcc.o
                0x10001f40                MAILBOX_Notify
 .text.IPCC_channel1_callback
                0x10001fe0       0x2c ./Application/User/mbox_ipcc.o
                0x10001fe0                IPCC_channel1_callback
 .text.IPCC_channel2_callback
                0x1000200c       0x2c ./Application/User/mbox_ipcc.o
                0x1000200c                IPCC_channel2_callback
 .text.metal_device_io_region
                0x10002038       0x36 ./Application/User/openamp.o
 *fill*         0x1000206e        0x2 
 .text.OPENAMP_shmem_init
                0x10002070      0x140 ./Application/User/openamp.o
 .text.MX_OPENAMP_Init
                0x100021b0      0x128 ./Application/User/openamp.o
                0x100021b0                MX_OPENAMP_Init
 .text.OPENAMP_create_endpoint
                0x100022d8       0x3c ./Application/User/openamp.o
                0x100022d8                OPENAMP_create_endpoint
 .text.OPENAMP_check_for_message
                0x10002314       0x18 ./Application/User/openamp.o
                0x10002314                OPENAMP_check_for_message
 .text.log_buff
                0x1000232c       0x4c ./Application/User/openamp_log.o
                0x1000232c                log_buff
 .text.__io_putchar
                0x10002378       0x18 ./Application/User/openamp_log.o
                0x10002378                __io_putchar
 .text.resource_table_init
                0x10002390       0x28 ./Application/User/rsc_table.o
                0x10002390                resource_table_init
 .text.HAL_MspInit
                0x100023b8        0xe ./Application/User/stm32mp1xx_hal_msp.o
                0x100023b8                HAL_MspInit
 *fill*         0x100023c6        0x2 
 .text.HAL_IPCC_MspInit
                0x100023c8       0x3c ./Application/User/stm32mp1xx_hal_msp.o
                0x100023c8                HAL_IPCC_MspInit
 .text.HAL_I2C_MspInit
                0x10002404       0xd8 ./Application/User/stm32mp1xx_hal_msp.o
                0x10002404                HAL_I2C_MspInit
 .text.NMI_Handler
                0x100024dc        0xe ./Application/User/stm32mp1xx_it.o
                0x100024dc                NMI_Handler
 .text.HardFault_Handler
                0x100024ea        0x8 ./Application/User/stm32mp1xx_it.o
                0x100024ea                HardFault_Handler
 .text.MemManage_Handler
                0x100024f2        0x8 ./Application/User/stm32mp1xx_it.o
                0x100024f2                MemManage_Handler
 .text.BusFault_Handler
                0x100024fa        0x8 ./Application/User/stm32mp1xx_it.o
                0x100024fa                BusFault_Handler
 .text.UsageFault_Handler
                0x10002502        0x8 ./Application/User/stm32mp1xx_it.o
                0x10002502                UsageFault_Handler
 .text.SVC_Handler
                0x1000250a        0xe ./Application/User/stm32mp1xx_it.o
                0x1000250a                SVC_Handler
 .text.DebugMon_Handler
                0x10002518        0xe ./Application/User/stm32mp1xx_it.o
                0x10002518                DebugMon_Handler
 .text.PendSV_Handler
                0x10002526        0xe ./Application/User/stm32mp1xx_it.o
                0x10002526                PendSV_Handler
 .text.SysTick_Handler
                0x10002534       0x10 ./Application/User/stm32mp1xx_it.o
                0x10002534                SysTick_Handler
 .text.IPCC_RX1_IRQHandler
                0x10002544       0x14 ./Application/User/stm32mp1xx_it.o
                0x10002544                IPCC_RX1_IRQHandler
 .text.EXTI14_IRQHandler
                0x10002558       0x14 ./Application/User/stm32mp1xx_it.o
                0x10002558                EXTI14_IRQHandler
 .text.I2C5_EV_IRQHandler
                0x1000256c       0x14 ./Application/User/stm32mp1xx_it.o
                0x1000256c                I2C5_EV_IRQHandler
 .text.I2C5_ER_IRQHandler
                0x10002580       0x14 ./Application/User/stm32mp1xx_it.o
                0x10002580                I2C5_ER_IRQHandler
 .text._getpid  0x10002594       0x10 ./Application/User/syscalls.o
                0x10002594                _getpid
 .text._kill    0x100025a4       0x20 ./Application/User/syscalls.o
                0x100025a4                _kill
 .text._exit    0x100025c4       0x16 ./Application/User/syscalls.o
                0x100025c4                _exit
 .text._read    0x100025da       0x3a ./Application/User/syscalls.o
                0x100025da                _read
 .text._write   0x10002614       0x38 ./Application/User/syscalls.o
                0x10002614                _write
 .text._close   0x1000264c       0x18 ./Application/User/syscalls.o
                0x1000264c                _close
 .text._fstat   0x10002664       0x20 ./Application/User/syscalls.o
                0x10002664                _fstat
 .text._isatty  0x10002684       0x16 ./Application/User/syscalls.o
                0x10002684                _isatty
 .text._lseek   0x1000269a       0x1a ./Application/User/syscalls.o
                0x1000269a                _lseek
 .text.bme280_init
                0x100026b4       0x96 ./Drivers/BME280/bme280.o
                0x100026b4                bme280_init
 .text.bme280_get_regs
                0x1000274a       0x60 ./Drivers/BME280/bme280.o
                0x1000274a                bme280_get_regs
 .text.bme280_set_regs
                0x100027aa       0xf2 ./Drivers/BME280/bme280.o
                0x100027aa                bme280_set_regs
 .text.bme280_set_sensor_settings
                0x1000289c       0xaa ./Drivers/BME280/bme280.o
                0x1000289c                bme280_set_sensor_settings
 .text.bme280_set_sensor_mode
                0x10002946       0x68 ./Drivers/BME280/bme280.o
                0x10002946                bme280_set_sensor_mode
 .text.bme280_get_sensor_mode
                0x100029ae       0x46 ./Drivers/BME280/bme280.o
                0x100029ae                bme280_get_sensor_mode
 .text.bme280_soft_reset
                0x100029f4       0x4a ./Drivers/BME280/bme280.o
                0x100029f4                bme280_soft_reset
 .text.bme280_get_sensor_data
                0x10002a3e       0x94 ./Drivers/BME280/bme280.o
                0x10002a3e                bme280_get_sensor_data
 .text.bme280_parse_sensor_data
                0x10002ad2       0x8c ./Drivers/BME280/bme280.o
                0x10002ad2                bme280_parse_sensor_data
 .text.bme280_compensate_data
                0x10002b5e       0x92 ./Drivers/BME280/bme280.o
                0x10002b5e                bme280_compensate_data
 .text.set_osr_settings
                0x10002bf0       0x4e ./Drivers/BME280/bme280.o
 .text.set_osr_humidity_settings
                0x10002c3e       0x74 ./Drivers/BME280/bme280.o
 .text.set_osr_press_temp_settings
                0x10002cb2       0x78 ./Drivers/BME280/bme280.o
 .text.set_filter_standby_settings
                0x10002d2a       0x78 ./Drivers/BME280/bme280.o
 .text.fill_filter_settings
                0x10002da2       0x3c ./Drivers/BME280/bme280.o
 .text.fill_standby_settings
                0x10002dde       0x36 ./Drivers/BME280/bme280.o
 .text.fill_osr_press_settings
                0x10002e14       0x3c ./Drivers/BME280/bme280.o
 .text.fill_osr_temp_settings
                0x10002e50       0x36 ./Drivers/BME280/bme280.o
 .text.parse_device_settings
                0x10002e86       0x68 ./Drivers/BME280/bme280.o
 .text.write_power_mode
                0x10002eee       0x66 ./Drivers/BME280/bme280.o
 .text.put_device_to_sleep
                0x10002f54       0x60 ./Drivers/BME280/bme280.o
 .text.reload_device_settings
                0x10002fb4       0x3a ./Drivers/BME280/bme280.o
 *fill*         0x10002fee        0x2 
 .text.compensate_temperature
                0x10002ff0       0xc4 ./Drivers/BME280/bme280.o
 .text.compensate_pressure
                0x100030b4      0x740 ./Drivers/BME280/bme280.o
 .text.compensate_humidity
                0x100037f4      0x158 ./Drivers/BME280/bme280.o
 .text.get_calib_data
                0x1000394c       0x88 ./Drivers/BME280/bme280.o
 .text.interleave_reg_addr
                0x100039d4       0x58 ./Drivers/BME280/bme280.o
 .text.parse_temp_press_calib_data
                0x10003a2c      0x178 ./Drivers/BME280/bme280.o
 .text.parse_humidity_calib_data
                0x10003ba4       0xa0 ./Drivers/BME280/bme280.o
 .text.are_settings_changed
                0x10003c44       0x38 ./Drivers/BME280/bme280.o
 .text.null_ptr_check
                0x10003c7c       0x40 ./Drivers/BME280/bme280.o
 .text.BSP_LED_Init
                0x10003cbc       0xb8 ./Drivers/BSP/stm32mp15xx_disco.o
                0x10003cbc                BSP_LED_Init
 .text.BSP_LED_Off
                0x10003d74       0x70 ./Drivers/BSP/stm32mp15xx_disco.o
                0x10003d74                BSP_LED_Off
 .text.BSP_LED_Toggle
                0x10003de4       0x3c ./Drivers/BSP/stm32mp15xx_disco.o
                0x10003de4                BSP_LED_Toggle
 .text.SystemInit
                0x10003e20       0x4c ./Drivers/CMSIS/system_stm32mp1xx.o
                0x10003e20                SystemInit
 .text.ssd1306_Reset
                0x10003e6c        0xe ./Drivers/OLED/ssd1306.o
                0x10003e6c                ssd1306_Reset
 *fill*         0x10003e7a        0x2 
 .text.ssd1306_WriteCommand
                0x10003e7c       0x30 ./Drivers/OLED/ssd1306.o
                0x10003e7c                ssd1306_WriteCommand
 .text.ssd1306_WriteData
                0x10003eac       0x34 ./Drivers/OLED/ssd1306.o
                0x10003eac                ssd1306_WriteData
 .text.ssd1306_Init
                0x10003ee0       0xd8 ./Drivers/OLED/ssd1306.o
                0x10003ee0                ssd1306_Init
 .text.ssd1306_Fill
                0x10003fb8       0x30 ./Drivers/OLED/ssd1306.o
                0x10003fb8                ssd1306_Fill
 .text.ssd1306_Clear
                0x10003fe8       0x12 ./Drivers/OLED/ssd1306.o
                0x10003fe8                ssd1306_Clear
 *fill*         0x10003ffa        0x2 
 .text.ssd1306_UpdateScreen
                0x10003ffc       0x50 ./Drivers/OLED/ssd1306.o
                0x10003ffc                ssd1306_UpdateScreen
 .text.ssd1306_DrawPixel
                0x1000404c       0xa8 ./Drivers/OLED/ssd1306.o
                0x1000404c                ssd1306_DrawPixel
 .text.ssd1306_WriteChar
                0x100040f4      0x124 ./Drivers/OLED/ssd1306.o
                0x100040f4                ssd1306_WriteChar
 .text.ssd1306_WriteString
                0x10004218       0x4c ./Drivers/OLED/ssd1306.o
                0x10004218                ssd1306_WriteString
 .text.ssd1306_SetCursor
                0x10004264       0x30 ./Drivers/OLED/ssd1306.o
                0x10004264                ssd1306_SetCursor
 .text.ssd1306_SetContrast
                0x10004294       0x26 ./Drivers/OLED/ssd1306.o
                0x10004294                ssd1306_SetContrast
 *fill*         0x100042ba        0x2 
 .text.ssd1306_SetDisplayOn
                0x100042bc       0x3c ./Drivers/OLED/ssd1306.o
                0x100042bc                ssd1306_SetDisplayOn
 .text.HAL_Init
                0x100042f8       0x34 ./Drivers/STM32MP1xx_HAL_Driver/stm32mp1xx_hal.o
                0x100042f8                HAL_Init
 .text.HAL_InitTick
                0x1000432c       0x6c ./Drivers/STM32MP1xx_HAL_Driver/stm32mp1xx_hal.o
                0x1000432c                HAL_InitTick
 .text.HAL_IncTick
                0x10004398       0x28 ./Drivers/STM32MP1xx_HAL_Driver/stm32mp1xx_hal.o
                0x10004398                HAL_IncTick
 .text.HAL_GetTick
                0x100043c0       0x18 ./Drivers/STM32MP1xx_HAL_Driver/stm32mp1xx_hal.o
                0x100043c0                HAL_GetTick
 .text.HAL_Delay
                0x100043d8       0x48 ./Drivers/STM32MP1xx_HAL_Driver/stm32mp1xx_hal.o
                0x100043d8                HAL_Delay
 .text.HAL_GetHalVersion
                0x10004420       0x14 ./Drivers/STM32MP1xx_HAL_Driver/stm32mp1xx_hal.o
                0x10004420                HAL_GetHalVersion
 .text.__NVIC_SetPriorityGrouping
                0x10004434       0x48 ./Drivers/STM32MP1xx_HAL_Driver/stm32mp1xx_hal_cortex.o
 .text.__NVIC_GetPriorityGrouping
                0x1000447c       0x1c ./Drivers/STM32MP1xx_HAL_Driver/stm32mp1xx_hal_cortex.o
 .text.__NVIC_EnableIRQ
                0x10004498       0x3c ./Drivers/STM32MP1xx_HAL_Driver/stm32mp1xx_hal_cortex.o
 .text.__NVIC_SetPriority
                0x100044d4       0x54 ./Drivers/STM32MP1xx_HAL_Driver/stm32mp1xx_hal_cortex.o
 .text.NVIC_EncodePriority
                0x10004528       0x66 ./Drivers/STM32MP1xx_HAL_Driver/stm32mp1xx_hal_cortex.o
 *fill*         0x1000458e        0x2 
 .text.SysTick_Config
                0x10004590       0x44 ./Drivers/STM32MP1xx_HAL_Driver/stm32mp1xx_hal_cortex.o
 .text.HAL_NVIC_SetPriorityGrouping
                0x100045d4       0x16 ./Drivers/STM32MP1xx_HAL_Driver/stm32mp1xx_hal_cortex.o
                0x100045d4                HAL_NVIC_SetPriorityGrouping
 .text.HAL_NVIC_SetPriority
                0x100045ea       0x38 ./Drivers/STM32MP1xx_HAL_Driver/stm32mp1xx_hal_cortex.o
                0x100045ea                HAL_NVIC_SetPriority
 .text.HAL_NVIC_EnableIRQ
                0x10004622       0x1c ./Drivers/STM32MP1xx_HAL_Driver/stm32mp1xx_hal_cortex.o
                0x10004622                HAL_NVIC_EnableIRQ
 .text.HAL_SYSTICK_Config
                0x1000463e       0x18 ./Drivers/STM32MP1xx_HAL_Driver/stm32mp1xx_hal_cortex.o
                0x1000463e                HAL_SYSTICK_Config
 .text.HAL_SYSTICK_IRQHandler
                0x10004656        0xc ./Drivers/STM32MP1xx_HAL_Driver/stm32mp1xx_hal_cortex.o
                0x10004656                HAL_SYSTICK_IRQHandler
 .text.HAL_SYSTICK_Callback
                0x10004662        0xe ./Drivers/STM32MP1xx_HAL_Driver/stm32mp1xx_hal_cortex.o
                0x10004662                HAL_SYSTICK_Callback
 .text.HAL_DMA_Abort_IT
                0x10004670       0x4e ./Drivers/STM32MP1xx_HAL_Driver/stm32mp1xx_hal_dma.o
                0x10004670                HAL_DMA_Abort_IT
 .text.HAL_DMA_GetState
                0x100046be       0x1c ./Drivers/STM32MP1xx_HAL_Driver/stm32mp1xx_hal_dma.o
                0x100046be                HAL_DMA_GetState
 *fill*         0x100046da        0x2 
 .text.HAL_EXTI_SetConfigLine
                0x100046dc      0x1f0 ./Drivers/STM32MP1xx_HAL_Driver/stm32mp1xx_hal_exti.o
                0x100046dc                HAL_EXTI_SetConfigLine
 .text.HAL_EXTI_RegisterCallback
                0x100048cc       0x58 ./Drivers/STM32MP1xx_HAL_Driver/stm32mp1xx_hal_exti.o
                0x100048cc                HAL_EXTI_RegisterCallback
 .text.HAL_EXTI_IRQHandler
                0x10004924       0x90 ./Drivers/STM32MP1xx_HAL_Driver/stm32mp1xx_hal_exti.o
                0x10004924                HAL_EXTI_IRQHandler
 .text.HAL_GPIO_Init
                0x100049b4      0x354 ./Drivers/STM32MP1xx_HAL_Driver/stm32mp1xx_hal_gpio.o
                0x100049b4                HAL_GPIO_Init
 .text.HAL_GPIO_WritePin
                0x10004d08       0x32 ./Drivers/STM32MP1xx_HAL_Driver/stm32mp1xx_hal_gpio.o
                0x10004d08                HAL_GPIO_WritePin
 .text.HAL_GPIO_TogglePin
                0x10004d3a       0x32 ./Drivers/STM32MP1xx_HAL_Driver/stm32mp1xx_hal_gpio.o
                0x10004d3a                HAL_GPIO_TogglePin
 .text.HAL_HSEM_FastTake
                0x10004d6c       0x30 ./Drivers/STM32MP1xx_HAL_Driver/stm32mp1xx_hal_hsem.o
                0x10004d6c                HAL_HSEM_FastTake
 .text.HAL_HSEM_Release
                0x10004d9c       0x26 ./Drivers/STM32MP1xx_HAL_Driver/stm32mp1xx_hal_hsem.o
                0x10004d9c                HAL_HSEM_Release
 .text.HAL_I2C_Init
                0x10004dc2      0x11e ./Drivers/STM32MP1xx_HAL_Driver/stm32mp1xx_hal_i2c.o
                0x10004dc2                HAL_I2C_Init
 .text.HAL_I2C_Mem_Write
                0x10004ee0      0x228 ./Drivers/STM32MP1xx_HAL_Driver/stm32mp1xx_hal_i2c.o
                0x10004ee0                HAL_I2C_Mem_Write
 .text.HAL_I2C_Mem_Read
                0x10005108      0x234 ./Drivers/STM32MP1xx_HAL_Driver/stm32mp1xx_hal_i2c.o
                0x10005108                HAL_I2C_Mem_Read
 .text.HAL_I2C_EV_IRQHandler
                0x1000533c       0x34 ./Drivers/STM32MP1xx_HAL_Driver/stm32mp1xx_hal_i2c.o
                0x1000533c                HAL_I2C_EV_IRQHandler
 .text.HAL_I2C_ER_IRQHandler
                0x10005370       0xc2 ./Drivers/STM32MP1xx_HAL_Driver/stm32mp1xx_hal_i2c.o
                0x10005370                HAL_I2C_ER_IRQHandler
 .text.HAL_I2C_SlaveTxCpltCallback
                0x10005432       0x14 ./Drivers/STM32MP1xx_HAL_Driver/stm32mp1xx_hal_i2c.o
                0x10005432                HAL_I2C_SlaveTxCpltCallback
 .text.HAL_I2C_SlaveRxCpltCallback
                0x10005446       0x14 ./Drivers/STM32MP1xx_HAL_Driver/stm32mp1xx_hal_i2c.o
                0x10005446                HAL_I2C_SlaveRxCpltCallback
 .text.HAL_I2C_AddrCallback
                0x1000545a       0x1c ./Drivers/STM32MP1xx_HAL_Driver/stm32mp1xx_hal_i2c.o
                0x1000545a                HAL_I2C_AddrCallback
 .text.HAL_I2C_ListenCpltCallback
                0x10005476       0x14 ./Drivers/STM32MP1xx_HAL_Driver/stm32mp1xx_hal_i2c.o
                0x10005476                HAL_I2C_ListenCpltCallback
 .text.HAL_I2C_AbortCpltCallback
                0x1000548a       0x14 ./Drivers/STM32MP1xx_HAL_Driver/stm32mp1xx_hal_i2c.o
                0x1000548a                HAL_I2C_AbortCpltCallback
 .text.HAL_I2C_GetError
                0x1000549e       0x18 ./Drivers/STM32MP1xx_HAL_Driver/stm32mp1xx_hal_i2c.o
                0x1000549e                HAL_I2C_GetError
 .text.I2C_Slave_ISR_IT
                0x100054b6      0x206 ./Drivers/STM32MP1xx_HAL_Driver/stm32mp1xx_hal_i2c.o
 .text.I2C_RequestMemoryWrite
                0x100056bc       0xa8 ./Drivers/STM32MP1xx_HAL_Driver/stm32mp1xx_hal_i2c.o
 .text.I2C_RequestMemoryRead
                0x10005764       0xa8 ./Drivers/STM32MP1xx_HAL_Driver/stm32mp1xx_hal_i2c.o
 .text.I2C_ITAddrCplt
                0x1000580c      0x108 ./Drivers/STM32MP1xx_HAL_Driver/stm32mp1xx_hal_i2c.o
 .text.I2C_ITSlaveSeqCplt
                0x10005914       0xbc ./Drivers/STM32MP1xx_HAL_Driver/stm32mp1xx_hal_i2c.o
 .text.I2C_ITSlaveCplt
                0x100059d0      0x214 ./Drivers/STM32MP1xx_HAL_Driver/stm32mp1xx_hal_i2c.o
 .text.I2C_ITListenCplt
                0x10005be4       0xac ./Drivers/STM32MP1xx_HAL_Driver/stm32mp1xx_hal_i2c.o
 .text.I2C_ITError
                0x10005c90      0x1b0 ./Drivers/STM32MP1xx_HAL_Driver/stm32mp1xx_hal_i2c.o
 .text.I2C_TreatErrorCallback
                0x10005e40       0x4e ./Drivers/STM32MP1xx_HAL_Driver/stm32mp1xx_hal_i2c.o
 .text.I2C_Flush_TXDR
                0x10005e8e       0x48 ./Drivers/STM32MP1xx_HAL_Driver/stm32mp1xx_hal_i2c.o
 .text.I2C_DMAAbort
                0x10005ed6       0x3c ./Drivers/STM32MP1xx_HAL_Driver/stm32mp1xx_hal_i2c.o
 .text.I2C_WaitOnFlagUntilTimeout
                0x10005f12       0x80 ./Drivers/STM32MP1xx_HAL_Driver/stm32mp1xx_hal_i2c.o
 .text.I2C_WaitOnTXISFlagUntilTimeout
                0x10005f92       0x80 ./Drivers/STM32MP1xx_HAL_Driver/stm32mp1xx_hal_i2c.o
 .text.I2C_WaitOnSTOPFlagUntilTimeout
                0x10006012       0x78 ./Drivers/STM32MP1xx_HAL_Driver/stm32mp1xx_hal_i2c.o
 *fill*         0x1000608a        0x2 
 .text.I2C_IsErrorOccurred
                0x1000608c      0x1d8 ./Drivers/STM32MP1xx_HAL_Driver/stm32mp1xx_hal_i2c.o
 .text.I2C_TransferConfig
                0x10006264       0x64 ./Drivers/STM32MP1xx_HAL_Driver/stm32mp1xx_hal_i2c.o
 .text.I2C_Disable_IRQ
                0x100062c8       0xbc ./Drivers/STM32MP1xx_HAL_Driver/stm32mp1xx_hal_i2c.o
 .text.HAL_I2CEx_ConfigAnalogFilter
                0x10006384       0x96 ./Drivers/STM32MP1xx_HAL_Driver/stm32mp1xx_hal_i2c_ex.o
                0x10006384                HAL_I2CEx_ConfigAnalogFilter
 .text.HAL_I2CEx_ConfigDigitalFilter
                0x1000641a       0x98 ./Drivers/STM32MP1xx_HAL_Driver/stm32mp1xx_hal_i2c_ex.o
                0x1000641a                HAL_I2CEx_ConfigDigitalFilter
 *fill*         0x100064b2        0x2 
 .text.HAL_I2CEx_EnableFastModePlus
                0x100064b4       0x30 ./Drivers/STM32MP1xx_HAL_Driver/stm32mp1xx_hal_i2c_ex.o
                0x100064b4                HAL_I2CEx_EnableFastModePlus
 .text.HAL_IPCC_Init
                0x100064e4       0x64 ./Drivers/STM32MP1xx_HAL_Driver/stm32mp1xx_hal_ipcc.o
                0x100064e4                HAL_IPCC_Init
 .text.HAL_IPCC_ActivateNotification
                0x10006548       0x9c ./Drivers/STM32MP1xx_HAL_Driver/stm32mp1xx_hal_ipcc.o
                0x10006548                HAL_IPCC_ActivateNotification
 .text.HAL_IPCC_GetChannelStatus
                0x100065e4       0x68 ./Drivers/STM32MP1xx_HAL_Driver/stm32mp1xx_hal_ipcc.o
                0x100065e4                HAL_IPCC_GetChannelStatus
 .text.HAL_IPCC_NotifyCPU
                0x1000664c       0x8c ./Drivers/STM32MP1xx_HAL_Driver/stm32mp1xx_hal_ipcc.o
                0x1000664c                HAL_IPCC_NotifyCPU
 .text.HAL_IPCC_RX_IRQHandler
                0x100066d8       0x98 ./Drivers/STM32MP1xx_HAL_Driver/stm32mp1xx_hal_ipcc.o
                0x100066d8                HAL_IPCC_RX_IRQHandler
 .text.HAL_IPCC_RxCallback
                0x10006770       0x1a ./Drivers/STM32MP1xx_HAL_Driver/stm32mp1xx_hal_ipcc.o
                0x10006770                HAL_IPCC_RxCallback
 .text.HAL_IPCC_TxCallback
                0x1000678a       0x1a ./Drivers/STM32MP1xx_HAL_Driver/stm32mp1xx_hal_ipcc.o
                0x1000678a                HAL_IPCC_TxCallback
 .text.IPCC_UnmaskInterrupt
                0x100067a4       0x5c ./Drivers/STM32MP1xx_HAL_Driver/stm32mp1xx_hal_ipcc.o
                0x100067a4                IPCC_UnmaskInterrupt
 .text.IPCC_SetDefaultCallbacks
                0x10006800       0x4c ./Drivers/STM32MP1xx_HAL_Driver/stm32mp1xx_hal_ipcc.o
                0x10006800                IPCC_SetDefaultCallbacks
 .text.IPCC_Reset_Register
                0x1000684c       0x28 ./Drivers/STM32MP1xx_HAL_Driver/stm32mp1xx_hal_ipcc.o
                0x1000684c                IPCC_Reset_Register
 .text.HAL_PWR_EnableBkUpAccess
                0x10006874       0x20 ./Drivers/STM32MP1xx_HAL_Driver/stm32mp1xx_hal_pwr.o
                0x10006874                HAL_PWR_EnableBkUpAccess
 .text.HAL_RCC_DeInit
                0x10006894      0x488 ./Drivers/STM32MP1xx_HAL_Driver/stm32mp1xx_hal_rcc.o
                0x10006894                HAL_RCC_DeInit
 .text.HAL_RCC_OscConfig
                0x10006d1c      0x664 ./Drivers/STM32MP1xx_HAL_Driver/stm32mp1xx_hal_rcc.o
                0x10006d1c                HAL_RCC_OscConfig
 .text.HAL_RCC_HSEConfig
                0x10007380       0xd6 ./Drivers/STM32MP1xx_HAL_Driver/stm32mp1xx_hal_rcc.o
                0x10007380                HAL_RCC_HSEConfig
 .text.HAL_RCC_LSEConfig
                0x10007456       0xfa ./Drivers/STM32MP1xx_HAL_Driver/stm32mp1xx_hal_rcc.o
                0x10007456                HAL_RCC_LSEConfig
 .text.RCC_PLL1_Config
                0x10007550      0x308 ./Drivers/STM32MP1xx_HAL_Driver/stm32mp1xx_hal_rcc.o
                0x10007550                RCC_PLL1_Config
 .text.HAL_RCC_ClockConfig
                0x10007858      0x224 ./Drivers/STM32MP1xx_HAL_Driver/stm32mp1xx_hal_rcc.o
                0x10007858                HAL_RCC_ClockConfig
 .text.RCC_MPUConfig
                0x10007a7c       0xec ./Drivers/STM32MP1xx_HAL_Driver/stm32mp1xx_hal_rcc.o
                0x10007a7c                RCC_MPUConfig
 .text.RCC_AXISSConfig
                0x10007b68      0x12e ./Drivers/STM32MP1xx_HAL_Driver/stm32mp1xx_hal_rcc.o
                0x10007b68                RCC_AXISSConfig
 *fill*         0x10007c96        0x2 
 .text.RCC_MCUConfig
                0x10007c98      0x150 ./Drivers/STM32MP1xx_HAL_Driver/stm32mp1xx_hal_rcc.o
                0x10007c98                RCC_MCUConfig
 .text.HAL_RCC_GetPLL3ClockFreq
                0x10007de8      0x1f4 ./Drivers/STM32MP1xx_HAL_Driver/stm32mp1xx_hal_rcc.o
                0x10007de8                HAL_RCC_GetPLL3ClockFreq
 .text.HAL_RCC_GetMCUFreq
                0x10007fdc       0x36 ./Drivers/STM32MP1xx_HAL_Driver/stm32mp1xx_hal_rcc.o
                0x10007fdc                HAL_RCC_GetMCUFreq
 .text.HAL_RCC_GetSystemCoreClockFreq
                0x10008012        0xe ./Drivers/STM32MP1xx_HAL_Driver/stm32mp1xx_hal_rcc.o
                0x10008012                HAL_RCC_GetSystemCoreClockFreq
 .text.HAL_RCC_GetMCUSSFreq
                0x10008020       0x74 ./Drivers/STM32MP1xx_HAL_Driver/stm32mp1xx_hal_rcc.o
                0x10008020                HAL_RCC_GetMCUSSFreq
 .text.RCCEx_PLL2_Config
                0x10008094      0x304 ./Drivers/STM32MP1xx_HAL_Driver/stm32mp1xx_hal_rcc_ex.o
                0x10008094                RCCEx_PLL2_Config
 .text.RCCEx_PLL3_Config
                0x10008398      0x2d4 ./Drivers/STM32MP1xx_HAL_Driver/stm32mp1xx_hal_rcc_ex.o
                0x10008398                RCCEx_PLL3_Config
 .text.RCCEx_PLL4_Config
                0x1000866c      0x2b0 ./Drivers/STM32MP1xx_HAL_Driver/stm32mp1xx_hal_rcc_ex.o
                0x1000866c                RCCEx_PLL4_Config
 .text.HAL_RCCEx_PeriphCLKConfig
                0x1000891c     0x1d28 ./Drivers/STM32MP1xx_HAL_Driver/stm32mp1xx_hal_rcc_ex.o
                0x1000891c                HAL_RCCEx_PeriphCLKConfig
 .text.metal_list_init
                0x1000a644       0x20 ./Middlewares/OpenAMP/libmetal/device.o
 .text.metal_list_add_before
                0x1000a664       0x34 ./Middlewares/OpenAMP/libmetal/device.o
 .text.metal_list_add_tail
                0x1000a698       0x1a ./Middlewares/OpenAMP/libmetal/device.o
 .text.__metal_cache_flush
                0x1000a6b2       0x1a ./Middlewares/OpenAMP/libmetal/device.o
 .text.__metal_cache_invalidate
                0x1000a6cc       0x1a ./Middlewares/OpenAMP/libmetal/device.o
 .text.metal_cache_flush
                0x1000a6e6       0x1a ./Middlewares/OpenAMP/libmetal/device.o
 .text.metal_cache_invalidate
                0x1000a700       0x1a ./Middlewares/OpenAMP/libmetal/device.o
 *fill*         0x1000a71a        0x2 
 .text.metal_bus_register
                0x1000a71c       0x88 ./Middlewares/OpenAMP/libmetal/device.o
                0x1000a71c                metal_bus_register
 .text.metal_bus_find
                0x1000a7a4       0x5c ./Middlewares/OpenAMP/libmetal/device.o
                0x1000a7a4                metal_bus_find
 .text.metal_device_open
                0x1000a800       0x7c ./Middlewares/OpenAMP/libmetal/device.o
                0x1000a800                metal_device_open
 .text.metal_register_generic_device
                0x1000a87c       0x4c ./Middlewares/OpenAMP/libmetal/device.o
                0x1000a87c                metal_register_generic_device
 .text.metal_generic_dev_open
                0x1000a8c8       0x60 ./Middlewares/OpenAMP/libmetal/device.o
                0x1000a8c8                metal_generic_dev_open
 .text.metal_generic_dev_dma_map
                0x1000a928       0xa2 ./Middlewares/OpenAMP/libmetal/device.o
                0x1000a928                metal_generic_dev_dma_map
 .text.metal_generic_dev_dma_unmap
                0x1000a9ca       0x56 ./Middlewares/OpenAMP/libmetal/device.o
                0x1000a9ca                metal_generic_dev_dma_unmap
 .text.metal_list_init
                0x1000aa20       0x20 ./Middlewares/OpenAMP/libmetal/init.o
 .text.metal_init
                0x1000aa40       0x64 ./Middlewares/OpenAMP/libmetal/init.o
                0x1000aa40                metal_init
 .text.metal_io_virt
                0x1000aaa4       0x38 ./Middlewares/OpenAMP/libmetal/io.o
 .text.metal_io_init
                0x1000aadc       0x9a ./Middlewares/OpenAMP/libmetal/io.o
                0x1000aadc                metal_io_init
 .text.metal_io_block_read
                0x1000ab76       0xea ./Middlewares/OpenAMP/libmetal/io.o
                0x1000ab76                metal_io_block_read
 .text.metal_io_block_write
                0x1000ac60       0xe8 ./Middlewares/OpenAMP/libmetal/io.o
                0x1000ac60                metal_io_block_write
 .text.metal_default_log_handler
                0x1000ad48       0x1a ./Middlewares/OpenAMP/libmetal/log.o
                0x1000ad48                metal_default_log_handler
 .text.metal_generic_dev_sys_open
                0x1000ad62       0x4e ./Middlewares/OpenAMP/libmetal/generic/generic_device.o
                0x1000ad62                metal_generic_dev_sys_open
 .text.metal_sys_init
                0x1000adb0       0x1c ./Middlewares/OpenAMP/libmetal/generic/generic_init.o
                0x1000adb0                metal_sys_init
 .text.metal_sys_io_mem_map
                0x1000adcc       0x7c ./Middlewares/OpenAMP/libmetal/generic/generic_io.o
                0x1000adcc                metal_sys_io_mem_map
 .text.metal_machine_cache_flush
                0x1000ae48       0x16 ./Middlewares/OpenAMP/libmetal/generic/template/sys.o
                0x1000ae48                metal_machine_cache_flush
 .text.metal_machine_cache_invalidate
                0x1000ae5e       0x16 ./Middlewares/OpenAMP/libmetal/generic/template/sys.o
                0x1000ae5e                metal_machine_cache_invalidate
 .text.metal_machine_io_mem_map
                0x1000ae74       0x1c ./Middlewares/OpenAMP/libmetal/generic/template/sys.o
                0x1000ae74                metal_machine_io_mem_map
 .text.metal_io_virt
                0x1000ae90       0x38 ./Middlewares/OpenAMP/open-amp/remoteproc/remoteproc_virtio.o
 .text.metal_io_virt_to_offset
                0x1000aec8       0x32 ./Middlewares/OpenAMP/open-amp/remoteproc/remoteproc_virtio.o
 *fill*         0x1000aefa        0x2 
 .text.metal_io_read
                0x1000aefc      0x104 ./Middlewares/OpenAMP/open-amp/remoteproc/remoteproc_virtio.o
 .text.metal_allocate_memory
                0x1000b000       0x18 ./Middlewares/OpenAMP/open-amp/remoteproc/remoteproc_virtio.o
 .text.metal_free_memory
                0x1000b018       0x16 ./Middlewares/OpenAMP/open-amp/remoteproc/remoteproc_virtio.o
 .text.virtqueue_allocate
                0x1000b02e       0x32 ./Middlewares/OpenAMP/open-amp/remoteproc/remoteproc_virtio.o
 .text.rproc_virtio_virtqueue_notify
                0x1000b060       0x68 ./Middlewares/OpenAMP/open-amp/remoteproc/remoteproc_virtio.o
 .text.rproc_virtio_get_status
                0x1000b0c8       0x44 ./Middlewares/OpenAMP/open-amp/remoteproc/remoteproc_virtio.o
 .text.rproc_virtio_get_dfeatures
                0x1000b10c       0x44 ./Middlewares/OpenAMP/open-amp/remoteproc/remoteproc_virtio.o
 .text.rproc_virtio_get_features
                0x1000b150       0x50 ./Middlewares/OpenAMP/open-amp/remoteproc/remoteproc_virtio.o
 .text.rproc_virtio_read_config
                0x1000b1a0       0x66 ./Middlewares/OpenAMP/open-amp/remoteproc/remoteproc_virtio.o
 *fill*         0x1000b206        0x2 
 .text.rproc_virtio_create_vdev
                0x1000b208      0x15c ./Middlewares/OpenAMP/open-amp/remoteproc/remoteproc_virtio.o
                0x1000b208                rproc_virtio_create_vdev
 .text.rproc_virtio_init_vring
                0x1000b364       0x62 ./Middlewares/OpenAMP/open-amp/remoteproc/remoteproc_virtio.o
                0x1000b364                rproc_virtio_init_vring
 .text.rproc_virtio_notified
                0x1000b3c6       0x78 ./Middlewares/OpenAMP/open-amp/remoteproc/remoteproc_virtio.o
                0x1000b3c6                rproc_virtio_notified
 .text.rproc_virtio_wait_remote_ready
                0x1000b43e       0x32 ./Middlewares/OpenAMP/open-amp/remoteproc/remoteproc_virtio.o
                0x1000b43e                rproc_virtio_wait_remote_ready
 .text.__metal_mutex_acquire
                0x1000b470       0x5e ./Middlewares/OpenAMP/open-amp/rpmsg/rpmsg.o
 .text.__metal_mutex_release
                0x1000b4ce       0x2c ./Middlewares/OpenAMP/open-amp/rpmsg/rpmsg.o
 .text.metal_mutex_acquire
                0x1000b4fa       0x16 ./Middlewares/OpenAMP/open-amp/rpmsg/rpmsg.o
 .text.metal_mutex_release
                0x1000b510       0x16 ./Middlewares/OpenAMP/open-amp/rpmsg/rpmsg.o
 .text.metal_list_add_before
                0x1000b526       0x34 ./Middlewares/OpenAMP/open-amp/rpmsg/rpmsg.o
 .text.metal_list_add_tail
                0x1000b55a       0x1a ./Middlewares/OpenAMP/open-amp/rpmsg/rpmsg.o
 .text.metal_list_del
                0x1000b574       0x34 ./Middlewares/OpenAMP/open-amp/rpmsg/rpmsg.o
 .text.metal_bitmap_set_bit
                0x1000b5a8       0x38 ./Middlewares/OpenAMP/open-amp/rpmsg/rpmsg.o
 .text.metal_bitmap_is_bit_set
                0x1000b5e0       0x3a ./Middlewares/OpenAMP/open-amp/rpmsg/rpmsg.o
 .text.metal_bitmap_clear_bit
                0x1000b61a       0x3a ./Middlewares/OpenAMP/open-amp/rpmsg/rpmsg.o
 .text.metal_bitmap_is_bit_clear
                0x1000b654       0x26 ./Middlewares/OpenAMP/open-amp/rpmsg/rpmsg.o
 .text.metal_bitmap_next_clear_bit
                0x1000b67a       0x3a ./Middlewares/OpenAMP/open-amp/rpmsg/rpmsg.o
 .text.rpmsg_initialize_ept
                0x1000b6b4       0x48 ./Middlewares/OpenAMP/open-amp/rpmsg/rpmsg.o
 .text.rpmsg_get_address
                0x1000b6fc       0x42 ./Middlewares/OpenAMP/open-amp/rpmsg/rpmsg.o
 .text.rpmsg_release_address
                0x1000b73e       0x32 ./Middlewares/OpenAMP/open-amp/rpmsg/rpmsg.o
 .text.rpmsg_is_address_set
                0x1000b770       0x3c ./Middlewares/OpenAMP/open-amp/rpmsg/rpmsg.o
 .text.rpmsg_set_address
                0x1000b7ac       0x3c ./Middlewares/OpenAMP/open-amp/rpmsg/rpmsg.o
 .text.rpmsg_send_offchannel_raw
                0x1000b7e8       0x64 ./Middlewares/OpenAMP/open-amp/rpmsg/rpmsg.o
                0x1000b7e8                rpmsg_send_offchannel_raw
 .text.rpmsg_send_ns_message
                0x1000b84c       0x50 ./Middlewares/OpenAMP/open-amp/rpmsg/rpmsg.o
                0x1000b84c                rpmsg_send_ns_message
 .text.rpmsg_get_endpoint
                0x1000b89c       0xc0 ./Middlewares/OpenAMP/open-amp/rpmsg/rpmsg.o
                0x1000b89c                rpmsg_get_endpoint
 .text.rpmsg_unregister_endpoint
                0x1000b95c       0x56 ./Middlewares/OpenAMP/open-amp/rpmsg/rpmsg.o
 .text.rpmsg_register_endpoint
                0x1000b9b2       0x26 ./Middlewares/OpenAMP/open-amp/rpmsg/rpmsg.o
                0x1000b9b2                rpmsg_register_endpoint
 .text.rpmsg_create_ept
                0x1000b9d8      0x104 ./Middlewares/OpenAMP/open-amp/rpmsg/rpmsg.o
                0x1000b9d8                rpmsg_create_ept
 .text.__metal_sleep_usec
                0x1000badc       0x16 ./Middlewares/OpenAMP/open-amp/rpmsg/rpmsg_virtio.o
 .text.metal_sleep_usec
                0x1000baf2       0x18 ./Middlewares/OpenAMP/open-amp/rpmsg/rpmsg_virtio.o
 .text.metal_list_init
                0x1000bb0a       0x20 ./Middlewares/OpenAMP/open-amp/rpmsg/rpmsg_virtio.o
 .text.metal_io_virt_to_offset
                0x1000bb2a       0x32 ./Middlewares/OpenAMP/open-amp/rpmsg/rpmsg_virtio.o
 .text.__metal_mutex_init
                0x1000bb5c       0x2c ./Middlewares/OpenAMP/open-amp/rpmsg/rpmsg_virtio.o
 .text.__metal_mutex_acquire
                0x1000bb88       0x5e ./Middlewares/OpenAMP/open-amp/rpmsg/rpmsg_virtio.o
 .text.__metal_mutex_release
                0x1000bbe6       0x2c ./Middlewares/OpenAMP/open-amp/rpmsg/rpmsg_virtio.o
 .text.metal_mutex_init
                0x1000bc12       0x16 ./Middlewares/OpenAMP/open-amp/rpmsg/rpmsg_virtio.o
 .text.metal_mutex_acquire
                0x1000bc28       0x16 ./Middlewares/OpenAMP/open-amp/rpmsg/rpmsg_virtio.o
 .text.metal_mutex_release
                0x1000bc3e       0x16 ./Middlewares/OpenAMP/open-amp/rpmsg/rpmsg_virtio.o
 .text.rpmsg_virtio_get_role
                0x1000bc54       0x1a ./Middlewares/OpenAMP/open-amp/rpmsg/rpmsg_virtio.o
 .text.rpmsg_virtio_set_status
                0x1000bc6e       0x26 ./Middlewares/OpenAMP/open-amp/rpmsg/rpmsg_virtio.o
 .text.rpmsg_virtio_get_status
                0x1000bc94       0x22 ./Middlewares/OpenAMP/open-amp/rpmsg/rpmsg_virtio.o
 .text.rpmsg_virtio_get_features
                0x1000bcb6       0x22 ./Middlewares/OpenAMP/open-amp/rpmsg/rpmsg_virtio.o
 .text.rpmsg_virtio_create_virtqueues
                0x1000bcd8       0x2a ./Middlewares/OpenAMP/open-amp/rpmsg/rpmsg_virtio.o
 *fill*         0x1000bd02        0x2 
 .text.rpmsg_initialize_ept
                0x1000bd04       0x48 ./Middlewares/OpenAMP/open-amp/rpmsg/rpmsg_virtio.o
 .text.rpmsg_get_ept_from_addr
                0x1000bd4c       0x22 ./Middlewares/OpenAMP/open-amp/rpmsg/rpmsg_virtio.o
 .text.rpmsg_virtio_init_shm_pool
                0x1000bd6e       0x32 ./Middlewares/OpenAMP/open-amp/rpmsg/rpmsg_virtio.o
                0x1000bd6e                rpmsg_virtio_init_shm_pool
 .text.rpmsg_virtio_return_buffer
                0x1000bda0       0x32 ./Middlewares/OpenAMP/open-amp/rpmsg/rpmsg_virtio.o
 .text.rpmsg_virtio_enqueue_buffer
                0x1000bdd2       0x3a ./Middlewares/OpenAMP/open-amp/rpmsg/rpmsg_virtio.o
 .text.rpmsg_virtio_get_tx_buffer
                0x1000be0c       0x3a ./Middlewares/OpenAMP/open-amp/rpmsg/rpmsg_virtio.o
 .text.rpmsg_virtio_get_rx_buffer
                0x1000be46       0x38 ./Middlewares/OpenAMP/open-amp/rpmsg/rpmsg_virtio.o
 .text.rpmsg_virtio_wait_remote_ready
                0x1000be7e       0x3a ./Middlewares/OpenAMP/open-amp/rpmsg/rpmsg_virtio.o
 .text.rpmsg_virtio_hold_rx_buffer
                0x1000beb8       0x28 ./Middlewares/OpenAMP/open-amp/rpmsg/rpmsg_virtio.o
 .text.rpmsg_virtio_release_rx_buffer
                0x1000bee0       0x52 ./Middlewares/OpenAMP/open-amp/rpmsg/rpmsg_virtio.o
 .text.rpmsg_virtio_get_tx_payload_buffer
                0x1000bf32       0xa4 ./Middlewares/OpenAMP/open-amp/rpmsg/rpmsg_virtio.o
 *fill*         0x1000bfd6        0x2 
 .text.rpmsg_virtio_send_offchannel_nocopy
                0x1000bfd8       0xd8 ./Middlewares/OpenAMP/open-amp/rpmsg/rpmsg_virtio.o
 .text.rpmsg_virtio_send_offchannel_raw
                0x1000c0b0       0x98 ./Middlewares/OpenAMP/open-amp/rpmsg/rpmsg_virtio.o
 .text.rpmsg_virtio_tx_callback
                0x1000c148       0x14 ./Middlewares/OpenAMP/open-amp/rpmsg/rpmsg_virtio.o
 .text.rpmsg_virtio_rx_callback
                0x1000c15c      0x124 ./Middlewares/OpenAMP/open-amp/rpmsg/rpmsg_virtio.o
 .text.rpmsg_virtio_ns_callback
                0x1000c280       0xe6 ./Middlewares/OpenAMP/open-amp/rpmsg/rpmsg_virtio.o
 *fill*         0x1000c366        0x2 
 .text.rpmsg_init_vdev
                0x1000c368      0x19c ./Middlewares/OpenAMP/open-amp/rpmsg/rpmsg_virtio.o
                0x1000c368                rpmsg_init_vdev
 .text.virtio_create_virtqueues
                0x1000c504       0x9c ./Middlewares/OpenAMP/open-amp/virtio/virtio.o
                0x1000c504                virtio_create_virtqueues
 .text.vring_init
                0x1000c5a0       0x52 ./Middlewares/OpenAMP/open-amp/virtio/virtqueue.o
 .text.vring_need_event
                0x1000c5f2       0x3c ./Middlewares/OpenAMP/open-amp/virtio/virtqueue.o
 .text.metal_io_virt
                0x1000c62e       0x38 ./Middlewares/OpenAMP/open-amp/virtio/virtqueue.o
 .text.metal_io_phys
                0x1000c666       0x6e ./Middlewares/OpenAMP/open-amp/virtio/virtqueue.o
 .text.metal_io_phys_to_offset
                0x1000c6d4       0x76 ./Middlewares/OpenAMP/open-amp/virtio/virtqueue.o
 .text.metal_io_phys_to_virt
                0x1000c74a       0x26 ./Middlewares/OpenAMP/open-amp/virtio/virtqueue.o
 .text.virtqueue_phys_to_virt
                0x1000c770       0x22 ./Middlewares/OpenAMP/open-amp/virtio/virtqueue.o
 .text.virtqueue_create
                0x1000c792       0x62 ./Middlewares/OpenAMP/open-amp/virtio/virtqueue.o
                0x1000c792                virtqueue_create
 .text.virtqueue_get_buffer_length
                0x1000c7f4       0x24 ./Middlewares/OpenAMP/open-amp/virtio/virtqueue.o
                0x1000c7f4                virtqueue_get_buffer_length
 .text.virtqueue_get_available_buffer
                0x1000c818       0x90 ./Middlewares/OpenAMP/open-amp/virtio/virtqueue.o
                0x1000c818                virtqueue_get_available_buffer
 .text.virtqueue_add_consumed_buffer
                0x1000c8a8       0x84 ./Middlewares/OpenAMP/open-amp/virtio/virtqueue.o
                0x1000c8a8                virtqueue_add_consumed_buffer
 .text.virtqueue_disable_cb
                0x1000c92c       0x70 ./Middlewares/OpenAMP/open-amp/virtio/virtqueue.o
                0x1000c92c                virtqueue_disable_cb
 .text.virtqueue_kick
                0x1000c99c       0x2c ./Middlewares/OpenAMP/open-amp/virtio/virtqueue.o
                0x1000c99c                virtqueue_kick
 .text.vq_ring_init
                0x1000c9c8       0x2c ./Middlewares/OpenAMP/open-amp/virtio/virtqueue.o
 .text.virtqueue_notification
                0x1000c9f4       0x24 ./Middlewares/OpenAMP/open-amp/virtio/virtqueue.o
                0x1000c9f4                virtqueue_notification
 .text.vq_ring_must_notify
                0x1000ca18       0x9c ./Middlewares/OpenAMP/open-amp/virtio/virtqueue.o
 .text.vq_ring_notify
                0x1000cab4       0x20 ./Middlewares/OpenAMP/open-amp/virtio/virtqueue.o
 .text.rpmsg_send
                0x1000cad4       0x2e ./Middlewares/OpenAMP/virtual_driver/virt_uart.o
 .text.VIRT_UART_read_cb
                0x1000cb02       0x3c ./Middlewares/OpenAMP/virtual_driver/virt_uart.o
 *fill*         0x1000cb3e        0x2 
 .text.VIRT_UART_Init
                0x1000cb40       0x38 ./Middlewares/OpenAMP/virtual_driver/virt_uart.o
                0x1000cb40                VIRT_UART_Init
 .text.VIRT_UART_RegisterCallback
                0x1000cb78       0x34 ./Middlewares/OpenAMP/virtual_driver/virt_uart.o
                0x1000cb78                VIRT_UART_RegisterCallback
 .text.VIRT_UART_Transmit
                0x1000cbac       0x3c ./Middlewares/OpenAMP/virtual_driver/virt_uart.o
                0x1000cbac                VIRT_UART_Transmit
 .text.__assert_func
                0x1000cbe8       0x3c C:/ST/STM32CubeIDE_1.19.0/STM32CubeIDE/plugins/com.st.stm32cube.ide.mcu.externaltools.gnu-tools-for-stm32.13.3.rel1.win32_1.0.0.202411081344/tools/bin/../lib/gcc/arm-none-eabi/13.3.1/../../../../arm-none-eabi/lib/thumb/v7e-m+fp/hard\libc_nano.a(libc_a-assert.o)
                0x1000cbe8                __assert_func
 .text.malloc   0x1000cc24       0x10 C:/ST/STM32CubeIDE_1.19.0/STM32CubeIDE/plugins/com.st.stm32cube.ide.mcu.externaltools.gnu-tools-for-stm32.13.3.rel1.win32_1.0.0.202411081344/tools/bin/../lib/gcc/arm-none-eabi/13.3.1/../../../../arm-none-eabi/lib/thumb/v7e-m+fp/hard\libc_nano.a(libc_a-malloc.o)
                0x1000cc24                malloc
 .text.free     0x1000cc34       0x10 C:/ST/STM32CubeIDE_1.19.0/STM32CubeIDE/plugins/com.st.stm32cube.ide.mcu.externaltools.gnu-tools-for-stm32.13.3.rel1.win32_1.0.0.202411081344/tools/bin/../lib/gcc/arm-none-eabi/13.3.1/../../../../arm-none-eabi/lib/thumb/v7e-m+fp/hard\libc_nano.a(libc_a-malloc.o)
                0x1000cc34                free
 .text.sbrk_aligned
                0x1000cc44       0x44 C:/ST/STM32CubeIDE_1.19.0/STM32CubeIDE/plugins/com.st.stm32cube.ide.mcu.externaltools.gnu-tools-for-stm32.13.3.rel1.win32_1.0.0.202411081344/tools/bin/../lib/gcc/arm-none-eabi/13.3.1/../../../../arm-none-eabi/lib/thumb/v7e-m+fp/hard\libc_nano.a(libc_a-mallocr.o)
 .text._malloc_r
                0x1000cc88      0x100 C:/ST/STM32CubeIDE_1.19.0/STM32CubeIDE/plugins/com.st.stm32cube.ide.mcu.externaltools.gnu-tools-for-stm32.13.3.rel1.win32_1.0.0.202411081344/tools/bin/../lib/gcc/arm-none-eabi/13.3.1/../../../../arm-none-eabi/lib/thumb/v7e-m+fp/hard\libc_nano.a(libc_a-mallocr.o)
                0x1000cc88                _malloc_r
 .text.__malloc_lock
                0x1000cd88        0xc C:/ST/STM32CubeIDE_1.19.0/STM32CubeIDE/plugins/com.st.stm32cube.ide.mcu.externaltools.gnu-tools-for-stm32.13.3.rel1.win32_1.0.0.202411081344/tools/bin/../lib/gcc/arm-none-eabi/13.3.1/../../../../arm-none-eabi/lib/thumb/v7e-m+fp/hard\libc_nano.a(libc_a-mlock.o)
                0x1000cd88                __malloc_lock
 .text.__malloc_unlock
                0x1000cd94        0xc C:/ST/STM32CubeIDE_1.19.0/STM32CubeIDE/plugins/com.st.stm32cube.ide.mcu.externaltools.gnu-tools-for-stm32.13.3.rel1.win32_1.0.0.202411081344/tools/bin/../lib/gcc/arm-none-eabi/13.3.1/../../../../arm-none-eabi/lib/thumb/v7e-m+fp/hard\libc_nano.a(libc_a-mlock.o)
                0x1000cd94                __malloc_unlock
 .text.__cvt    0x1000cda0       0xca C:/ST/STM32CubeIDE_1.19.0/STM32CubeIDE/plugins/com.st.stm32cube.ide.mcu.externaltools.gnu-tools-for-stm32.13.3.rel1.win32_1.0.0.202411081344/tools/bin/../lib/gcc/arm-none-eabi/13.3.1/../../../../arm-none-eabi/lib/thumb/v7e-m+fp/hard\libc_nano.a(libc_a-nano-vfprintf_float.o)
                0x1000cda0                __cvt
 .text.__exponent
                0x1000ce6a       0x74 C:/ST/STM32CubeIDE_1.19.0/STM32CubeIDE/plugins/com.st.stm32cube.ide.mcu.externaltools.gnu-tools-for-stm32.13.3.rel1.win32_1.0.0.202411081344/tools/bin/../lib/gcc/arm-none-eabi/13.3.1/../../../../arm-none-eabi/lib/thumb/v7e-m+fp/hard\libc_nano.a(libc_a-nano-vfprintf_float.o)
                0x1000ce6a                __exponent
 *fill*         0x1000cede        0x2 
 .text._printf_float
                0x1000cee0      0x454 C:/ST/STM32CubeIDE_1.19.0/STM32CubeIDE/plugins/com.st.stm32cube.ide.mcu.externaltools.gnu-tools-for-stm32.13.3.rel1.win32_1.0.0.202411081344/tools/bin/../lib/gcc/arm-none-eabi/13.3.1/../../../../arm-none-eabi/lib/thumb/v7e-m+fp/hard\libc_nano.a(libc_a-nano-vfprintf_float.o)
                0x1000cee0                _printf_float
 .text._printf_common
                0x1000d334       0xda C:/ST/STM32CubeIDE_1.19.0/STM32CubeIDE/plugins/com.st.stm32cube.ide.mcu.externaltools.gnu-tools-for-stm32.13.3.rel1.win32_1.0.0.202411081344/tools/bin/../lib/gcc/arm-none-eabi/13.3.1/../../../../arm-none-eabi/lib/thumb/v7e-m+fp/hard\libc_nano.a(libc_a-nano-vfprintf_i.o)
                0x1000d334                _printf_common
 *fill*         0x1000d40e        0x2 
 .text._printf_i
                0x1000d410      0x23c C:/ST/STM32CubeIDE_1.19.0/STM32CubeIDE/plugins/com.st.stm32cube.ide.mcu.externaltools.gnu-tools-for-stm32.13.3.rel1.win32_1.0.0.202411081344/tools/bin/../lib/gcc/arm-none-eabi/13.3.1/../../../../arm-none-eabi/lib/thumb/v7e-m+fp/hard\libc_nano.a(libc_a-nano-vfprintf_i.o)
                0x1000d410                _printf_i
 .text._scanf_float
                0x1000d64c      0x41c C:/ST/STM32CubeIDE_1.19.0/STM32CubeIDE/plugins/com.st.stm32cube.ide.mcu.externaltools.gnu-tools-for-stm32.13.3.rel1.win32_1.0.0.202411081344/tools/bin/../lib/gcc/arm-none-eabi/13.3.1/../../../../arm-none-eabi/lib/thumb/v7e-m+fp/hard\libc_nano.a(libc_a-nano-vfscanf_float.o)
                0x1000d64c                _scanf_float
 .text.std      0x1000da68       0x6c C:/ST/STM32CubeIDE_1.19.0/STM32CubeIDE/plugins/com.st.stm32cube.ide.mcu.externaltools.gnu-tools-for-stm32.13.3.rel1.win32_1.0.0.202411081344/tools/bin/../lib/gcc/arm-none-eabi/13.3.1/../../../../arm-none-eabi/lib/thumb/v7e-m+fp/hard\libc_nano.a(libc_a-findfp.o)
 .text.stdio_exit_handler
                0x1000dad4       0x18 C:/ST/STM32CubeIDE_1.19.0/STM32CubeIDE/plugins/com.st.stm32cube.ide.mcu.externaltools.gnu-tools-for-stm32.13.3.rel1.win32_1.0.0.202411081344/tools/bin/../lib/gcc/arm-none-eabi/13.3.1/../../../../arm-none-eabi/lib/thumb/v7e-m+fp/hard\libc_nano.a(libc_a-findfp.o)
 .text.cleanup_stdio
                0x1000daec       0x40 C:/ST/STM32CubeIDE_1.19.0/STM32CubeIDE/plugins/com.st.stm32cube.ide.mcu.externaltools.gnu-tools-for-stm32.13.3.rel1.win32_1.0.0.202411081344/tools/bin/../lib/gcc/arm-none-eabi/13.3.1/../../../../arm-none-eabi/lib/thumb/v7e-m+fp/hard\libc_nano.a(libc_a-findfp.o)
 .text.global_stdio_init.part.0
                0x1000db2c       0x3c C:/ST/STM32CubeIDE_1.19.0/STM32CubeIDE/plugins/com.st.stm32cube.ide.mcu.externaltools.gnu-tools-for-stm32.13.3.rel1.win32_1.0.0.202411081344/tools/bin/../lib/gcc/arm-none-eabi/13.3.1/../../../../arm-none-eabi/lib/thumb/v7e-m+fp/hard\libc_nano.a(libc_a-findfp.o)
 .text.__sfp_lock_acquire
                0x1000db68        0xc C:/ST/STM32CubeIDE_1.19.0/STM32CubeIDE/plugins/com.st.stm32cube.ide.mcu.externaltools.gnu-tools-for-stm32.13.3.rel1.win32_1.0.0.202411081344/tools/bin/../lib/gcc/arm-none-eabi/13.3.1/../../../../arm-none-eabi/lib/thumb/v7e-m+fp/hard\libc_nano.a(libc_a-findfp.o)
                0x1000db68                __sfp_lock_acquire
 .text.__sfp_lock_release
                0x1000db74        0xc C:/ST/STM32CubeIDE_1.19.0/STM32CubeIDE/plugins/com.st.stm32cube.ide.mcu.externaltools.gnu-tools-for-stm32.13.3.rel1.win32_1.0.0.202411081344/tools/bin/../lib/gcc/arm-none-eabi/13.3.1/../../../../arm-none-eabi/lib/thumb/v7e-m+fp/hard\libc_nano.a(libc_a-findfp.o)
                0x1000db74                __sfp_lock_release
 .text.__sinit  0x1000db80       0x30 C:/ST/STM32CubeIDE_1.19.0/STM32CubeIDE/plugins/com.st.stm32cube.ide.mcu.externaltools.gnu-tools-for-stm32.13.3.rel1.win32_1.0.0.202411081344/tools/bin/../lib/gcc/arm-none-eabi/13.3.1/../../../../arm-none-eabi/lib/thumb/v7e-m+fp/hard\libc_nano.a(libc_a-findfp.o)
                0x1000db80                __sinit
 .text.fprintf  0x1000dbb0       0x24 C:/ST/STM32CubeIDE_1.19.0/STM32CubeIDE/plugins/com.st.stm32cube.ide.mcu.externaltools.gnu-tools-for-stm32.13.3.rel1.win32_1.0.0.202411081344/tools/bin/../lib/gcc/arm-none-eabi/13.3.1/../../../../arm-none-eabi/lib/thumb/v7e-m+fp/hard\libc_nano.a(libc_a-fprintf.o)
                0x1000dbb0                fiprintf
                0x1000dbb0                fprintf
 .text._fwalk_sglue
                0x1000dbd4       0x3c C:/ST/STM32CubeIDE_1.19.0/STM32CubeIDE/plugins/com.st.stm32cube.ide.mcu.externaltools.gnu-tools-for-stm32.13.3.rel1.win32_1.0.0.202411081344/tools/bin/../lib/gcc/arm-none-eabi/13.3.1/../../../../arm-none-eabi/lib/thumb/v7e-m+fp/hard\libc_nano.a(libc_a-fwalk.o)
                0x1000dbd4                _fwalk_sglue
 .text.printf   0x1000dc10       0x24 C:/ST/STM32CubeIDE_1.19.0/STM32CubeIDE/plugins/com.st.stm32cube.ide.mcu.externaltools.gnu-tools-for-stm32.13.3.rel1.win32_1.0.0.202411081344/tools/bin/../lib/gcc/arm-none-eabi/13.3.1/../../../../arm-none-eabi/lib/thumb/v7e-m+fp/hard\libc_nano.a(libc_a-printf.o)
                0x1000dc10                iprintf
                0x1000dc10                printf
 .text.snprintf
                0x1000dc34       0x6c C:/ST/STM32CubeIDE_1.19.0/STM32CubeIDE/plugins/com.st.stm32cube.ide.mcu.externaltools.gnu-tools-for-stm32.13.3.rel1.win32_1.0.0.202411081344/tools/bin/../lib/gcc/arm-none-eabi/13.3.1/../../../../arm-none-eabi/lib/thumb/v7e-m+fp/hard\libc_nano.a(libc_a-snprintf.o)
                0x1000dc34                sniprintf
                0x1000dc34                snprintf
 .text.sprintf  0x1000dca0       0x44 C:/ST/STM32CubeIDE_1.19.0/STM32CubeIDE/plugins/com.st.stm32cube.ide.mcu.externaltools.gnu-tools-for-stm32.13.3.rel1.win32_1.0.0.202411081344/tools/bin/../lib/gcc/arm-none-eabi/13.3.1/../../../../arm-none-eabi/lib/thumb/v7e-m+fp/hard\libc_nano.a(libc_a-sprintf.o)
                0x1000dca0                siprintf
                0x1000dca0                sprintf
 .text.__sread  0x1000dce4       0x22 C:/ST/STM32CubeIDE_1.19.0/STM32CubeIDE/plugins/com.st.stm32cube.ide.mcu.externaltools.gnu-tools-for-stm32.13.3.rel1.win32_1.0.0.202411081344/tools/bin/../lib/gcc/arm-none-eabi/13.3.1/../../../../arm-none-eabi/lib/thumb/v7e-m+fp/hard\libc_nano.a(libc_a-stdio.o)
                0x1000dce4                __sread
 .text.__swrite
                0x1000dd06       0x38 C:/ST/STM32CubeIDE_1.19.0/STM32CubeIDE/plugins/com.st.stm32cube.ide.mcu.externaltools.gnu-tools-for-stm32.13.3.rel1.win32_1.0.0.202411081344/tools/bin/../lib/gcc/arm-none-eabi/13.3.1/../../../../arm-none-eabi/lib/thumb/v7e-m+fp/hard\libc_nano.a(libc_a-stdio.o)
                0x1000dd06                __swrite
 .text.__sseek  0x1000dd3e       0x24 C:/ST/STM32CubeIDE_1.19.0/STM32CubeIDE/plugins/com.st.stm32cube.ide.mcu.externaltools.gnu-tools-for-stm32.13.3.rel1.win32_1.0.0.202411081344/tools/bin/../lib/gcc/arm-none-eabi/13.3.1/../../../../arm-none-eabi/lib/thumb/v7e-m+fp/hard\libc_nano.a(libc_a-stdio.o)
                0x1000dd3e                __sseek
 .text.__sclose
                0x1000dd62        0x8 C:/ST/STM32CubeIDE_1.19.0/STM32CubeIDE/plugins/com.st.stm32cube.ide.mcu.externaltools.gnu-tools-for-stm32.13.3.rel1.win32_1.0.0.202411081344/tools/bin/../lib/gcc/arm-none-eabi/13.3.1/../../../../arm-none-eabi/lib/thumb/v7e-m+fp/hard\libc_nano.a(libc_a-stdio.o)
                0x1000dd62                __sclose
 .text.memmove  0x1000dd6a       0x34 C:/ST/STM32CubeIDE_1.19.0/STM32CubeIDE/plugins/com.st.stm32cube.ide.mcu.externaltools.gnu-tools-for-stm32.13.3.rel1.win32_1.0.0.202411081344/tools/bin/../lib/gcc/arm-none-eabi/13.3.1/../../../../arm-none-eabi/lib/thumb/v7e-m+fp/hard\libc_nano.a(libc_a-memmove.o)
                0x1000dd6a                memmove
 .text.memset   0x1000dd9e       0x10 C:/ST/STM32CubeIDE_1.19.0/STM32CubeIDE/plugins/com.st.stm32cube.ide.mcu.externaltools.gnu-tools-for-stm32.13.3.rel1.win32_1.0.0.202411081344/tools/bin/../lib/gcc/arm-none-eabi/13.3.1/../../../../arm-none-eabi/lib/thumb/v7e-m+fp/hard\libc_nano.a(libc_a-memset.o)
                0x1000dd9e                memset
 .text.strncmp  0x1000ddae       0x24 C:/ST/STM32CubeIDE_1.19.0/STM32CubeIDE/plugins/com.st.stm32cube.ide.mcu.externaltools.gnu-tools-for-stm32.13.3.rel1.win32_1.0.0.202411081344/tools/bin/../lib/gcc/arm-none-eabi/13.3.1/../../../../arm-none-eabi/lib/thumb/v7e-m+fp/hard\libc_nano.a(libc_a-strncmp.o)
                0x1000ddae                strncmp
 .text.strncpy  0x1000ddd2       0x26 C:/ST/STM32CubeIDE_1.19.0/STM32CubeIDE/plugins/com.st.stm32cube.ide.mcu.externaltools.gnu-tools-for-stm32.13.3.rel1.win32_1.0.0.202411081344/tools/bin/../lib/gcc/arm-none-eabi/13.3.1/../../../../arm-none-eabi/lib/thumb/v7e-m+fp/hard\libc_nano.a(libc_a-strncpy.o)
                0x1000ddd2                strncpy
 .text._localeconv_r
                0x1000ddf8        0x8 C:/ST/STM32CubeIDE_1.19.0/STM32CubeIDE/plugins/com.st.stm32cube.ide.mcu.externaltools.gnu-tools-for-stm32.13.3.rel1.win32_1.0.0.202411081344/tools/bin/../lib/gcc/arm-none-eabi/13.3.1/../../../../arm-none-eabi/lib/thumb/v7e-m+fp/hard\libc_nano.a(libc_a-localeconv.o)
                0x1000ddf8                _localeconv_r
 .text._close_r
                0x1000de00       0x20 C:/ST/STM32CubeIDE_1.19.0/STM32CubeIDE/plugins/com.st.stm32cube.ide.mcu.externaltools.gnu-tools-for-stm32.13.3.rel1.win32_1.0.0.202411081344/tools/bin/../lib/gcc/arm-none-eabi/13.3.1/../../../../arm-none-eabi/lib/thumb/v7e-m+fp/hard\libc_nano.a(libc_a-closer.o)
                0x1000de00                _close_r
 .text._lseek_r
                0x1000de20       0x24 C:/ST/STM32CubeIDE_1.19.0/STM32CubeIDE/plugins/com.st.stm32cube.ide.mcu.externaltools.gnu-tools-for-stm32.13.3.rel1.win32_1.0.0.202411081344/tools/bin/../lib/gcc/arm-none-eabi/13.3.1/../../../../arm-none-eabi/lib/thumb/v7e-m+fp/hard\libc_nano.a(libc_a-lseekr.o)
                0x1000de20                _lseek_r
 .text._read_r  0x1000de44       0x24 C:/ST/STM32CubeIDE_1.19.0/STM32CubeIDE/plugins/com.st.stm32cube.ide.mcu.externaltools.gnu-tools-for-stm32.13.3.rel1.win32_1.0.0.202411081344/tools/bin/../lib/gcc/arm-none-eabi/13.3.1/../../../../arm-none-eabi/lib/thumb/v7e-m+fp/hard\libc_nano.a(libc_a-readr.o)
                0x1000de44                _read_r
 .text._sbrk_r  0x1000de68       0x20 C:/ST/STM32CubeIDE_1.19.0/STM32CubeIDE/plugins/com.st.stm32cube.ide.mcu.externaltools.gnu-tools-for-stm32.13.3.rel1.win32_1.0.0.202411081344/tools/bin/../lib/gcc/arm-none-eabi/13.3.1/../../../../arm-none-eabi/lib/thumb/v7e-m+fp/hard\libc_nano.a(libc_a-sbrkr.o)
                0x1000de68                _sbrk_r
 .text._write_r
                0x1000de88       0x24 C:/ST/STM32CubeIDE_1.19.0/STM32CubeIDE/plugins/com.st.stm32cube.ide.mcu.externaltools.gnu-tools-for-stm32.13.3.rel1.win32_1.0.0.202411081344/tools/bin/../lib/gcc/arm-none-eabi/13.3.1/../../../../arm-none-eabi/lib/thumb/v7e-m+fp/hard\libc_nano.a(libc_a-writer.o)
                0x1000de88                _write_r
 .text.__errno  0x1000deac        0xc C:/ST/STM32CubeIDE_1.19.0/STM32CubeIDE/plugins/com.st.stm32cube.ide.mcu.externaltools.gnu-tools-for-stm32.13.3.rel1.win32_1.0.0.202411081344/tools/bin/../lib/gcc/arm-none-eabi/13.3.1/../../../../arm-none-eabi/lib/thumb/v7e-m+fp/hard\libc_nano.a(libc_a-errno.o)
                0x1000deac                __errno
 .text.__libc_init_array
                0x1000deb8       0x48 C:/ST/STM32CubeIDE_1.19.0/STM32CubeIDE/plugins/com.st.stm32cube.ide.mcu.externaltools.gnu-tools-for-stm32.13.3.rel1.win32_1.0.0.202411081344/tools/bin/../lib/gcc/arm-none-eabi/13.3.1/../../../../arm-none-eabi/lib/thumb/v7e-m+fp/hard\libc_nano.a(libc_a-init.o)
                0x1000deb8                __libc_init_array
 .text.__retarget_lock_init_recursive
                0x1000df00        0x2 C:/ST/STM32CubeIDE_1.19.0/STM32CubeIDE/plugins/com.st.stm32cube.ide.mcu.externaltools.gnu-tools-for-stm32.13.3.rel1.win32_1.0.0.202411081344/tools/bin/../lib/gcc/arm-none-eabi/13.3.1/../../../../arm-none-eabi/lib/thumb/v7e-m+fp/hard\libc_nano.a(libc_a-lock.o)
                0x1000df00                __retarget_lock_init_recursive
 .text.__retarget_lock_acquire_recursive
                0x1000df02        0x2 C:/ST/STM32CubeIDE_1.19.0/STM32CubeIDE/plugins/com.st.stm32cube.ide.mcu.externaltools.gnu-tools-for-stm32.13.3.rel1.win32_1.0.0.202411081344/tools/bin/../lib/gcc/arm-none-eabi/13.3.1/../../../../arm-none-eabi/lib/thumb/v7e-m+fp/hard\libc_nano.a(libc_a-lock.o)
                0x1000df02                __retarget_lock_acquire_recursive
 .text.__retarget_lock_release_recursive
                0x1000df04        0x2 C:/ST/STM32CubeIDE_1.19.0/STM32CubeIDE/plugins/com.st.stm32cube.ide.mcu.externaltools.gnu-tools-for-stm32.13.3.rel1.win32_1.0.0.202411081344/tools/bin/../lib/gcc/arm-none-eabi/13.3.1/../../../../arm-none-eabi/lib/thumb/v7e-m+fp/hard\libc_nano.a(libc_a-lock.o)
                0x1000df04                __retarget_lock_release_recursive
 .text.memcpy   0x1000df06       0x1c C:/ST/STM32CubeIDE_1.19.0/STM32CubeIDE/plugins/com.st.stm32cube.ide.mcu.externaltools.gnu-tools-for-stm32.13.3.rel1.win32_1.0.0.202411081344/tools/bin/../lib/gcc/arm-none-eabi/13.3.1/../../../../arm-none-eabi/lib/thumb/v7e-m+fp/hard\libc_nano.a(libc_a-memcpy-stub.o)
                0x1000df06                memcpy
 *fill*         0x1000df22        0x2 
 .text.nanf     0x1000df24        0xc C:/ST/STM32CubeIDE_1.19.0/STM32CubeIDE/plugins/com.st.stm32cube.ide.mcu.externaltools.gnu-tools-for-stm32.13.3.rel1.win32_1.0.0.202411081344/tools/bin/../lib/gcc/arm-none-eabi/13.3.1/../../../../arm-none-eabi/lib/thumb/v7e-m+fp/hard\libc_nano.a(libm_a-sf_nan.o)
                0x1000df24                nanf
 .text.abort    0x1000df30        0xe C:/ST/STM32CubeIDE_1.19.0/STM32CubeIDE/plugins/com.st.stm32cube.ide.mcu.externaltools.gnu-tools-for-stm32.13.3.rel1.win32_1.0.0.202411081344/tools/bin/../lib/gcc/arm-none-eabi/13.3.1/../../../../arm-none-eabi/lib/thumb/v7e-m+fp/hard\libc_nano.a(libc_a-abort.o)
                0x1000df30                abort
 .text.quorem   0x1000df3e      0x110 C:/ST/STM32CubeIDE_1.19.0/STM32CubeIDE/plugins/com.st.stm32cube.ide.mcu.externaltools.gnu-tools-for-stm32.13.3.rel1.win32_1.0.0.202411081344/tools/bin/../lib/gcc/arm-none-eabi/13.3.1/../../../../arm-none-eabi/lib/thumb/v7e-m+fp/hard\libc_nano.a(libc_a-dtoa.o)
 *fill*         0x1000e04e        0x2 
 .text._dtoa_r  0x1000e050      0xba0 C:/ST/STM32CubeIDE_1.19.0/STM32CubeIDE/plugins/com.st.stm32cube.ide.mcu.externaltools.gnu-tools-for-stm32.13.3.rel1.win32_1.0.0.202411081344/tools/bin/../lib/gcc/arm-none-eabi/13.3.1/../../../../arm-none-eabi/lib/thumb/v7e-m+fp/hard\libc_nano.a(libc_a-dtoa.o)
                0x1000e050                _dtoa_r
 .text._free_r  0x1000ebf0       0x94 C:/ST/STM32CubeIDE_1.19.0/STM32CubeIDE/plugins/com.st.stm32cube.ide.mcu.externaltools.gnu-tools-for-stm32.13.3.rel1.win32_1.0.0.202411081344/tools/bin/../lib/gcc/arm-none-eabi/13.3.1/../../../../arm-none-eabi/lib/thumb/v7e-m+fp/hard\libc_nano.a(libc_a-freer.o)
                0x1000ebf0                _free_r
 .text._Balloc  0x1000ec84       0x80 C:/ST/STM32CubeIDE_1.19.0/STM32CubeIDE/plugins/com.st.stm32cube.ide.mcu.externaltools.gnu-tools-for-stm32.13.3.rel1.win32_1.0.0.202411081344/tools/bin/../lib/gcc/arm-none-eabi/13.3.1/../../../../arm-none-eabi/lib/thumb/v7e-m+fp/hard\libc_nano.a(libc_a-mprec.o)
                0x1000ec84                _Balloc
 .text._Bfree   0x1000ed04       0x44 C:/ST/STM32CubeIDE_1.19.0/STM32CubeIDE/plugins/com.st.stm32cube.ide.mcu.externaltools.gnu-tools-for-stm32.13.3.rel1.win32_1.0.0.202411081344/tools/bin/../lib/gcc/arm-none-eabi/13.3.1/../../../../arm-none-eabi/lib/thumb/v7e-m+fp/hard\libc_nano.a(libc_a-mprec.o)
                0x1000ed04                _Bfree
 .text.__multadd
                0x1000ed48       0x8c C:/ST/STM32CubeIDE_1.19.0/STM32CubeIDE/plugins/com.st.stm32cube.ide.mcu.externaltools.gnu-tools-for-stm32.13.3.rel1.win32_1.0.0.202411081344/tools/bin/../lib/gcc/arm-none-eabi/13.3.1/../../../../arm-none-eabi/lib/thumb/v7e-m+fp/hard\libc_nano.a(libc_a-mprec.o)
                0x1000ed48                __multadd
 .text.__s2b    0x1000edd4       0x94 C:/ST/STM32CubeIDE_1.19.0/STM32CubeIDE/plugins/com.st.stm32cube.ide.mcu.externaltools.gnu-tools-for-stm32.13.3.rel1.win32_1.0.0.202411081344/tools/bin/../lib/gcc/arm-none-eabi/13.3.1/../../../../arm-none-eabi/lib/thumb/v7e-m+fp/hard\libc_nano.a(libc_a-mprec.o)
                0x1000edd4                __s2b
 .text.__hi0bits
                0x1000ee68       0x3e C:/ST/STM32CubeIDE_1.19.0/STM32CubeIDE/plugins/com.st.stm32cube.ide.mcu.externaltools.gnu-tools-for-stm32.13.3.rel1.win32_1.0.0.202411081344/tools/bin/../lib/gcc/arm-none-eabi/13.3.1/../../../../arm-none-eabi/lib/thumb/v7e-m+fp/hard\libc_nano.a(libc_a-mprec.o)
                0x1000ee68                __hi0bits
 .text.__lo0bits
                0x1000eea6       0x5a C:/ST/STM32CubeIDE_1.19.0/STM32CubeIDE/plugins/com.st.stm32cube.ide.mcu.externaltools.gnu-tools-for-stm32.13.3.rel1.win32_1.0.0.202411081344/tools/bin/../lib/gcc/arm-none-eabi/13.3.1/../../../../arm-none-eabi/lib/thumb/v7e-m+fp/hard\libc_nano.a(libc_a-mprec.o)
                0x1000eea6                __lo0bits
 .text.__i2b    0x1000ef00       0x2c C:/ST/STM32CubeIDE_1.19.0/STM32CubeIDE/plugins/com.st.stm32cube.ide.mcu.externaltools.gnu-tools-for-stm32.13.3.rel1.win32_1.0.0.202411081344/tools/bin/../lib/gcc/arm-none-eabi/13.3.1/../../../../arm-none-eabi/lib/thumb/v7e-m+fp/hard\libc_nano.a(libc_a-mprec.o)
                0x1000ef00                __i2b
 .text.__multiply
                0x1000ef2c      0x144 C:/ST/STM32CubeIDE_1.19.0/STM32CubeIDE/plugins/com.st.stm32cube.ide.mcu.externaltools.gnu-tools-for-stm32.13.3.rel1.win32_1.0.0.202411081344/tools/bin/../lib/gcc/arm-none-eabi/13.3.1/../../../../arm-none-eabi/lib/thumb/v7e-m+fp/hard\libc_nano.a(libc_a-mprec.o)
                0x1000ef2c                __multiply
 .text.__pow5mult
                0x1000f070       0xb4 C:/ST/STM32CubeIDE_1.19.0/STM32CubeIDE/plugins/com.st.stm32cube.ide.mcu.externaltools.gnu-tools-for-stm32.13.3.rel1.win32_1.0.0.202411081344/tools/bin/../lib/gcc/arm-none-eabi/13.3.1/../../../../arm-none-eabi/lib/thumb/v7e-m+fp/hard\libc_nano.a(libc_a-mprec.o)
                0x1000f070                __pow5mult
 .text.__lshift
                0x1000f124       0xd8 C:/ST/STM32CubeIDE_1.19.0/STM32CubeIDE/plugins/com.st.stm32cube.ide.mcu.externaltools.gnu-tools-for-stm32.13.3.rel1.win32_1.0.0.202411081344/tools/bin/../lib/gcc/arm-none-eabi/13.3.1/../../../../arm-none-eabi/lib/thumb/v7e-m+fp/hard\libc_nano.a(libc_a-mprec.o)
                0x1000f124                __lshift
 .text.__mcmp   0x1000f1fc       0x36 C:/ST/STM32CubeIDE_1.19.0/STM32CubeIDE/plugins/com.st.stm32cube.ide.mcu.externaltools.gnu-tools-for-stm32.13.3.rel1.win32_1.0.0.202411081344/tools/bin/../lib/gcc/arm-none-eabi/13.3.1/../../../../arm-none-eabi/lib/thumb/v7e-m+fp/hard\libc_nano.a(libc_a-mprec.o)
                0x1000f1fc                __mcmp
 *fill*         0x1000f232        0x2 
 .text.__mdiff  0x1000f234      0x128 C:/ST/STM32CubeIDE_1.19.0/STM32CubeIDE/plugins/com.st.stm32cube.ide.mcu.externaltools.gnu-tools-for-stm32.13.3.rel1.win32_1.0.0.202411081344/tools/bin/../lib/gcc/arm-none-eabi/13.3.1/../../../../arm-none-eabi/lib/thumb/v7e-m+fp/hard\libc_nano.a(libc_a-mprec.o)
                0x1000f234                __mdiff
 .text.__ulp    0x1000f35c       0x4c C:/ST/STM32CubeIDE_1.19.0/STM32CubeIDE/plugins/com.st.stm32cube.ide.mcu.externaltools.gnu-tools-for-stm32.13.3.rel1.win32_1.0.0.202411081344/tools/bin/../lib/gcc/arm-none-eabi/13.3.1/../../../../arm-none-eabi/lib/thumb/v7e-m+fp/hard\libc_nano.a(libc_a-mprec.o)
                0x1000f35c                __ulp
 .text.__b2d    0x1000f3a8       0x94 C:/ST/STM32CubeIDE_1.19.0/STM32CubeIDE/plugins/com.st.stm32cube.ide.mcu.externaltools.gnu-tools-for-stm32.13.3.rel1.win32_1.0.0.202411081344/tools/bin/../lib/gcc/arm-none-eabi/13.3.1/../../../../arm-none-eabi/lib/thumb/v7e-m+fp/hard\libc_nano.a(libc_a-mprec.o)
                0x1000f3a8                __b2d
 .text.__d2b    0x1000f43c       0xb0 C:/ST/STM32CubeIDE_1.19.0/STM32CubeIDE/plugins/com.st.stm32cube.ide.mcu.externaltools.gnu-tools-for-stm32.13.3.rel1.win32_1.0.0.202411081344/tools/bin/../lib/gcc/arm-none-eabi/13.3.1/../../../../arm-none-eabi/lib/thumb/v7e-m+fp/hard\libc_nano.a(libc_a-mprec.o)
                0x1000f43c                __d2b
 .text.__ratio  0x1000f4ec       0x64 C:/ST/STM32CubeIDE_1.19.0/STM32CubeIDE/plugins/com.st.stm32cube.ide.mcu.externaltools.gnu-tools-for-stm32.13.3.rel1.win32_1.0.0.202411081344/tools/bin/../lib/gcc/arm-none-eabi/13.3.1/../../../../arm-none-eabi/lib/thumb/v7e-m+fp/hard\libc_nano.a(libc_a-mprec.o)
                0x1000f4ec                __ratio
 .text.__copybits
                0x1000f550       0x46 C:/ST/STM32CubeIDE_1.19.0/STM32CubeIDE/plugins/com.st.stm32cube.ide.mcu.externaltools.gnu-tools-for-stm32.13.3.rel1.win32_1.0.0.202411081344/tools/bin/../lib/gcc/arm-none-eabi/13.3.1/../../../../arm-none-eabi/lib/thumb/v7e-m+fp/hard\libc_nano.a(libc_a-mprec.o)
                0x1000f550                __copybits
 .text.__any_on
                0x1000f596       0x42 C:/ST/STM32CubeIDE_1.19.0/STM32CubeIDE/plugins/com.st.stm32cube.ide.mcu.externaltools.gnu-tools-for-stm32.13.3.rel1.win32_1.0.0.202411081344/tools/bin/../lib/gcc/arm-none-eabi/13.3.1/../../../../arm-none-eabi/lib/thumb/v7e-m+fp/hard\libc_nano.a(libc_a-mprec.o)
                0x1000f596                __any_on
 .text.sulp     0x1000f5d8       0x3c C:/ST/STM32CubeIDE_1.19.0/STM32CubeIDE/plugins/com.st.stm32cube.ide.mcu.externaltools.gnu-tools-for-stm32.13.3.rel1.win32_1.0.0.202411081344/tools/bin/../lib/gcc/arm-none-eabi/13.3.1/../../../../arm-none-eabi/lib/thumb/v7e-m+fp/hard\libc_nano.a(libc_a-strtod.o)
 *fill*         0x1000f614        0x4 
 .text._strtod_l
                0x1000f618      0xbc8 C:/ST/STM32CubeIDE_1.19.0/STM32CubeIDE/plugins/com.st.stm32cube.ide.mcu.externaltools.gnu-tools-for-stm32.13.3.rel1.win32_1.0.0.202411081344/tools/bin/../lib/gcc/arm-none-eabi/13.3.1/../../../../arm-none-eabi/lib/thumb/v7e-m+fp/hard\libc_nano.a(libc_a-strtod.o)
                0x1000f618                _strtod_l
 .text._strtod_r
                0x100101e0        0xc C:/ST/STM32CubeIDE_1.19.0/STM32CubeIDE/plugins/com.st.stm32cube.ide.mcu.externaltools.gnu-tools-for-stm32.13.3.rel1.win32_1.0.0.202411081344/tools/bin/../lib/gcc/arm-none-eabi/13.3.1/../../../../arm-none-eabi/lib/thumb/v7e-m+fp/hard\libc_nano.a(libc_a-strtod.o)
                0x100101e0                _strtod_r
 .text._strtol_l.isra.0
                0x100101ec       0xf4 C:/ST/STM32CubeIDE_1.19.0/STM32CubeIDE/plugins/com.st.stm32cube.ide.mcu.externaltools.gnu-tools-for-stm32.13.3.rel1.win32_1.0.0.202411081344/tools/bin/../lib/gcc/arm-none-eabi/13.3.1/../../../../arm-none-eabi/lib/thumb/v7e-m+fp/hard\libc_nano.a(libc_a-strtol.o)
 .text._strtol_r