Archive member included to satisfy reference by file (symbol)

C:/ST/STM32CubeIDE_1.19.0/STM32CubeIDE/plugins/com.st.stm32cube.ide.mcu.externaltools.gnu-tools-for-stm32.13.3.rel1.win32_1.0.0.202411081344/tools/bin/../lib/gcc/arm-none-eabi/13.3.1/../../../../arm-none-eabi/lib/thumb/v7e-m+fp/hard\libc_nano.a(libc_a-assert.o)
                              ./Middlewares/OpenAMP/libmetal/device.o (__assert_func)
C:/ST/STM32CubeIDE_1.19.0/STM32CubeIDE/plugins/com.st.stm32cube.ide.mcu.externaltools.gnu-tools-for-stm32.13.3.rel1.win32_1.0.0.202411081344/tools/bin/../lib/gcc/arm-none-eabi/13.3.1/../../../../arm-none-eabi/lib/thumb/v7e-m+fp/hard\libc_nano.a(libc_a-exit.o)
                              C:/ST/STM32CubeIDE_1.19.0/STM32CubeIDE/plugins/com.st.stm32cube.ide.mcu.externaltools.gnu-tools-for-stm32.13.3.rel1.win32_1.0.0.202411081344/tools/bin/../lib/gcc/arm-none-eabi/13.3.1/../../../../arm-none-eabi/lib/thumb/v7e-m+fp/hard/crt0.o (exit)
C:/ST/STM32CubeIDE_1.19.0/STM32CubeIDE/plugins/com.st.stm32cube.ide.mcu.externaltools.gnu-tools-for-stm32.13.3.rel1.win32_1.0.0.202411081344/tools/bin/../lib/gcc/arm-none-eabi/13.3.1/../../../../arm-none-eabi/lib/thumb/v7e-m+fp/hard\libc_nano.a(libc_a-malloc.o)
                              ./Middlewares/OpenAMP/open-amp/remoteproc/remoteproc_virtio.o (malloc)
C:/ST/STM32CubeIDE_1.19.0/STM32CubeIDE/plugins/com.st.stm32cube.ide.mcu.externaltools.gnu-tools-for-stm32.13.3.rel1.win32_1.0.0.202411081344/tools/bin/../lib/gcc/arm-none-eabi/13.3.1/../../../../arm-none-eabi/lib/thumb/v7e-m+fp/hard\libc_nano.a(libc_a-mallocr.o)
                              C:/ST/STM32CubeIDE_1.19.0/STM32CubeIDE/plugins/com.st.stm32cube.ide.mcu.externaltools.gnu-tools-for-stm32.13.3.rel1.win32_1.0.0.202411081344/tools/bin/../lib/gcc/arm-none-eabi/13.3.1/../../../../arm-none-eabi/lib/thumb/v7e-m+fp/hard\libc_nano.a(libc_a-malloc.o) (_malloc_r)
C:/ST/STM32CubeIDE_1.19.0/STM32CubeIDE/plugins/com.st.stm32cube.ide.mcu.externaltools.gnu-tools-for-stm32.13.3.rel1.win32_1.0.0.202411081344/tools/bin/../lib/gcc/arm-none-eabi/13.3.1/../../../../arm-none-eabi/lib/thumb/v7e-m+fp/hard\libc_nano.a(libc_a-mlock.o)
                              C:/ST/STM32CubeIDE_1.19.0/STM32CubeIDE/plugins/com.st.stm32cube.ide.mcu.externaltools.gnu-tools-for-stm32.13.3.rel1.win32_1.0.0.202411081344/tools/bin/../lib/gcc/arm-none-eabi/13.3.1/../../../../arm-none-eabi/lib/thumb/v7e-m+fp/hard\libc_nano.a(libc_a-mallocr.o) (__malloc_lock)
C:/ST/STM32CubeIDE_1.19.0/STM32CubeIDE/plugins/com.st.stm32cube.ide.mcu.externaltools.gnu-tools-for-stm32.13.3.rel1.win32_1.0.0.202411081344/tools/bin/../lib/gcc/arm-none-eabi/13.3.1/../../../../arm-none-eabi/lib/thumb/v7e-m+fp/hard\libc_nano.a(libc_a-findfp.o)
                              C:/ST/STM32CubeIDE_1.19.0/STM32CubeIDE/plugins/com.st.stm32cube.ide.mcu.externaltools.gnu-tools-for-stm32.13.3.rel1.win32_1.0.0.202411081344/tools/bin/../lib/gcc/arm-none-eabi/13.3.1/../../../../arm-none-eabi/lib/thumb/v7e-m+fp/hard\libc_nano.a(libc_a-exit.o) (__stdio_exit_handler)
C:/ST/STM32CubeIDE_1.19.0/STM32CubeIDE/plugins/com.st.stm32cube.ide.mcu.externaltools.gnu-tools-for-stm32.13.3.rel1.win32_1.0.0.202411081344/tools/bin/../lib/gcc/arm-none-eabi/13.3.1/../../../../arm-none-eabi/lib/thumb/v7e-m+fp/hard\libc_nano.a(libc_a-fprintf.o)
                              C:/ST/STM32CubeIDE_1.19.0/STM32CubeIDE/plugins/com.st.stm32cube.ide.mcu.externaltools.gnu-tools-for-stm32.13.3.rel1.win32_1.0.0.202411081344/tools/bin/../lib/gcc/arm-none-eabi/13.3.1/../../../../arm-none-eabi/lib/thumb/v7e-m+fp/hard\libc_nano.a(libc_a-assert.o) (fiprintf)
C:/ST/STM32CubeIDE_1.19.0/STM32CubeIDE/plugins/com.st.stm32cube.ide.mcu.externaltools.gnu-tools-for-stm32.13.3.rel1.win32_1.0.0.202411081344/tools/bin/../lib/gcc/arm-none-eabi/13.3.1/../../../../arm-none-eabi/lib/thumb/v7e-m+fp/hard\libc_nano.a(libc_a-fwalk.o)
                              C:/ST/STM32CubeIDE_1.19.0/STM32CubeIDE/plugins/com.st.stm32cube.ide.mcu.externaltools.gnu-tools-for-stm32.13.3.rel1.win32_1.0.0.202411081344/tools/bin/../lib/gcc/arm-none-eabi/13.3.1/../../../../arm-none-eabi/lib/thumb/v7e-m+fp/hard\libc_nano.a(libc_a-findfp.o) (_fwalk_sglue)
C:/ST/STM32CubeIDE_1.19.0/STM32CubeIDE/plugins/com.st.stm32cube.ide.mcu.externaltools.gnu-tools-for-stm32.13.3.rel1.win32_1.0.0.202411081344/tools/bin/../lib/gcc/arm-none-eabi/13.3.1/../../../../arm-none-eabi/lib/thumb/v7e-m+fp/hard\libc_nano.a(libc_a-printf.o)
                              ./Application/User/main.o (printf)
C:/ST/STM32CubeIDE_1.19.0/STM32CubeIDE/plugins/com.st.stm32cube.ide.mcu.externaltools.gnu-tools-for-stm32.13.3.rel1.win32_1.0.0.202411081344/tools/bin/../lib/gcc/arm-none-eabi/13.3.1/../../../../arm-none-eabi/lib/thumb/v7e-m+fp/hard\libc_nano.a(libc_a-snprintf.o)
                              ./Application/User/ssd1306_tests.o (snprintf)
[...]
Memory Configuration

Name             Origin             Length             Attributes
m_interrupts     0x00000000         0x00000298         xr
m_text           0x10000000         0x00020000         xr
m_data           0x10020000         0x00020000         rw
m_ipc_shm        0x10040000         0x00008000         rw
*default*        0x00000000         0xffffffff

Linker script and memory map

LOAD C:/ST/STM32CubeIDE_1.19.0/STM32CubeIDE/plugins/com.st.stm32cube.ide.mcu.externaltools.gnu-tools-for-stm32.13.3.rel1.win32_1.0.0.202411081344/tools/bin/../lib/gcc/arm-none-eabi/13.3.1/thumb/v7e-m+fp/hard/crti.o
LOAD C:/ST/STM32CubeIDE_1.19.0/STM32CubeIDE/plugins/com.st.stm32cube.ide.mcu.externaltools.gnu-tools-for-stm32.13.3.rel1.win32_1.0.0.202411081344/tools/bin/../lib/gcc/arm-none-eabi/13.3.1/thumb/v7e-m+fp/hard/crtbegin.o
LOAD C:/ST/STM32CubeIDE_1.19.0/STM32CubeIDE/plugins/com.st.stm32cube.ide.mcu.externaltools.gnu-tools-for-stm32.13.3.rel1.win32_1.0.0.202411081344/tools/bin/../lib/gcc/arm-none-eabi/13.3.1/../../../../arm-none-eabi/lib/thumb/v7e-m+fp/hard/crt0.o
LOAD ./Application/Startup/startup_stm32mp157caax.o
LOAD ./Application/User/lock_resource.o
LOAD ./Application/User/main.o
LOAD ./Application/User/mbox_ipcc.o
LOAD ./Application/User/openamp.o
LOAD ./Application/User/openamp_log.o
LOAD ./Application/User/rsc_table.o
LOAD ./Application/User/ssd1306_tests.o
LOAD ./Application/User/stm32mp1xx_hal_msp.o
LOAD ./Application/User/stm32mp1xx_it.o
LOAD ./Application/User/syscalls.o
LOAD ./Drivers/BSP/stm32mp15xx_disco.o
LOAD ./Drivers/CMSIS/system_stm32mp1xx.o
LOAD ./Drivers/OLED/ssd1306.o
LOAD ./Drivers/OLED/ssd1306_fonts.o
LOAD ./Drivers/STM32MP1xx_HAL_Driver/stm32mp1xx_hal.o
LOAD ./Drivers/STM32MP1xx_HAL_Driver/stm32mp1xx_hal_cortex.o
LOAD ./Drivers/STM32MP1xx_HAL_Driver/stm32mp1xx_hal_dma.o
LOAD ./Drivers/STM32MP1xx_HAL_Driver/stm32mp1xx_hal_dma_ex.o
LOAD ./Drivers/STM32MP1xx_HAL_Driver/stm32mp1xx_hal_exti.o
LOAD ./Drivers/STM32MP1xx_HAL_Driver/stm32mp1xx_hal_gpio.o
LOAD ./Drivers/STM32MP1xx_HAL_Driver/stm32mp1xx_hal_hsem.o
LOAD ./Drivers/STM32MP1xx_HAL_Driver/stm32mp1xx_hal_i2c.o
LOAD ./Drivers/STM32MP1xx_HAL_Driver/stm32mp1xx_hal_i2c_ex.o
LOAD ./Drivers/STM32MP1xx_HAL_Driver/stm32mp1xx_hal_ipcc.o
LOAD ./Drivers/STM32MP1xx_HAL_Driver/stm32mp1xx_hal_pwr.o
LOAD ./Drivers/STM32MP1xx_HAL_Driver/stm32mp1xx_hal_pwr_ex.o
LOAD ./Drivers/STM32MP1xx_HAL_Driver/stm32mp1xx_hal_rcc.o
LOAD ./Drivers/STM32MP1xx_HAL_Driver/stm32mp1xx_hal_rcc_ex.o
LOAD ./Middlewares/OpenAMP/libmetal/device.o
LOAD ./Middlewares/OpenAMP/libmetal/init.o
LOAD ./Middlewares/OpenAMP/libmetal/io.o
LOAD ./Middlewares/OpenAMP/libmetal/log.o
LOAD ./Middlewares/OpenAMP/libmetal/shmem.o
LOAD ./Middlewares/OpenAMP/libmetal/generic/condition.o
LOAD ./Middlewares/OpenAMP/libmetal/generic/generic_device.o
LOAD ./Middlewares/OpenAMP/libmetal/generic/generic_init.o
LOAD ./Middlewares/OpenAMP/libmetal/generic/generic_io.o
LOAD ./Middlewares/OpenAMP/libmetal/generic/generic_shmem.o
LOAD ./Middlewares/OpenAMP/libmetal/generic/time.o
LOAD ./Middlewares/OpenAMP/libmetal/generic/template/sys.o
LOAD ./Middlewares/OpenAMP/open-amp/remoteproc/remoteproc_virtio.o
LOAD ./Middlewares/OpenAMP/open-amp/rpmsg/rpmsg.o
LOAD ./Middlewares/OpenAMP/open-amp/rpmsg/rpmsg_virtio.o
LOAD ./Middlewares/OpenAMP/open-amp/virtio/virtio.o
LOAD ./Middlewares/OpenAMP/open-amp/virtio/virtqueue.o
LOAD ./Middlewares/OpenAMP/virtual_driver/virt_uart.o
START GROUP
LOAD C:/ST/STM32CubeIDE_1.19.0/STM32CubeIDE/plugins/com.st.stm32cube.ide.mcu.externaltools.gnu-tools-for-stm32.13.3.rel1.win32_1.0.0.202411081344/tools/bin/../lib/gcc/arm-none-eabi/13.3.1/../../../../arm-none-eabi/lib/thumb/v7e-m+fp/hard\libc_nano.a
LOAD C:/ST/STM32CubeIDE_1.19.0/STM32CubeIDE/plugins/com.st.stm32cube.ide.mcu.externaltools.gnu-tools-for-stm32.13.3.rel1.win32_1.0.0.202411081344/tools/bin/../lib/gcc/arm-none-eabi/13.3.1/../../../../arm-none-eabi/lib/thumb/v7e-m+fp/hard\libm.a
END GROUP
START GROUP
LOAD C:/ST/STM32CubeIDE_1.19.0/STM32CubeIDE/plugins/com.st.stm32cube.ide.mcu.externaltools.gnu-tools-for-stm32.13.3.rel1.win32_1.0.0.202411081344/tools/bin/../lib/gcc/arm-none-eabi/13.3.1/thumb/v7e-m+fp/hard\libgcc.a
LOAD C:/ST/STM32CubeIDE_1.19.0/STM32CubeIDE/plugins/com.st.stm32cube.ide.mcu.externaltools.gnu-tools-for-stm32.13.3.rel1.win32_1.0.0.202411081344/tools/bin/../lib/gcc/arm-none-eabi/13.3.1/../../../../arm-none-eabi/lib/thumb/v7e-m+fp/hard\libc_nano.a
END GROUP
START GROUP
LOAD C:/ST/STM32CubeIDE_1.19.0/STM32CubeIDE/plugins/com.st.stm32cube.ide.mcu.externaltools.gnu-tools-for-stm32.13.3.rel1.win32_1.0.0.202411081344/tools/bin/../lib/gcc/arm-none-eabi/13.3.1/thumb/v7e-m+fp/hard\libgcc.a
LOAD C:/ST/STM32CubeIDE_1.19.0/STM32CubeIDE/plugins/com.st.stm32cube.ide.mcu.externaltools.gnu-tools-for-stm32.13.3.rel1.win32_1.0.0.202411081344/tools/bin/../lib/gcc/arm-none-eabi/13.3.1/../../../../arm-none-eabi/lib/thumb/v7e-m+fp/hard\libc_nano.a
LOAD C:/ST/STM32CubeIDE_1.19.0/STM32CubeIDE/plugins/com.st.stm32cube.ide.mcu.externaltools.gnu-tools-for-stm32.13.3.rel1.win32_1.0.0.202411081344/tools/bin/../lib/gcc/arm-none-eabi/13.3.1/../../../../arm-none-eabi/lib/thumb/v7e-m+fp/hard\libnosys.a
END GROUP
START GROUP
LOAD C:/ST/STM32CubeIDE_1.19.0/STM32CubeIDE/plugins/com.st.stm32cube.ide.mcu.externaltools.gnu-tools-for-stm32.13.3.rel1.win32_1.0.0.202411081344/tools/bin/../lib/gcc/arm-none-eabi/13.3.1/thumb/v7e-m+fp/hard\libgcc.a
LOAD C:/ST/STM32CubeIDE_1.19.0/STM32CubeIDE/plugins/com.st.stm32cube.ide.mcu.externaltools.gnu-tools-for-stm32.13.3.rel1.win32_1.0.0.202411081344/tools/bin/../lib/gcc/arm-none-eabi/13.3.1/../../../../arm-none-eabi/lib/thumb/v7e-m+fp/hard\libc_nano.a
LOAD C:/ST/STM32CubeIDE_1.19.0/STM32CubeIDE/plugins/com.st.stm32cube.ide.mcu.externaltools.gnu-tools-for-stm32.13.3.rel1.win32_1.0.0.202411081344/tools/bin/../lib/gcc/arm-none-eabi/13.3.1/../../../../arm-none-eabi/lib/thumb/v7e-m+fp/hard\libnosys.a
END GROUP
LOAD C:/ST/STM32CubeIDE_1.19.0/STM32CubeIDE/plugins/com.st.stm32cube.ide.mcu.externaltools.gnu-tools-for-stm32.13.3.rel1.win32_1.0.0.202411081344/tools/bin/../lib/gcc/arm-none-eabi/13.3.1/thumb/v7e-m+fp/hard/crtend.o
LOAD C:/ST/STM32CubeIDE_1.19.0/STM32CubeIDE/plugins/com.st.stm32cube.ide.mcu.externaltools.gnu-tools-for-stm32.13.3.rel1.win32_1.0.0.202411081344/tools/bin/../lib/gcc/arm-none-eabi/13.3.1/thumb/v7e-m+fp/hard/crtn.o
                0x10040000                        _estack = 0x10040000
                0x00000200                        _Min_Heap_Size = 0x200
                0x00000400                        _Min_Stack_Size = 0x400
                0x10040000                        __OPENAMP_region_start__ = ORIGIN (m_ipc_shm)
                0x10048000                        __OPENAMP_region_end__ = (ORIGIN (m_ipc_shm) + LENGTH (m_ipc_shm))

.isr_vector     0x00000000      0x298
                0x00000000                        . = ALIGN (0x4)
 *(.isr_vector)
 .isr_vector    0x00000000      0x298 ./Application/Startup/startup_stm32mp157caax.o
                0x00000000                g_pfnVectors
                0x00000298                        . = ALIGN (0x4)

.text           0x10000000     0xb1b4
                0x10000000                        . = ALIGN (0x4)
 *(.text)
 .text          0x10000000       0x40 C:/ST/STM32CubeIDE_1.19.0/STM32CubeIDE/plugins/com.st.stm32cube.ide.mcu.externaltools.gnu-tools-for-stm32.13.3.rel1.win32_1.0.0.202411081344/tools/bin/../lib/gcc/arm-none-eabi/13.3.1/thumb/v7e-m+fp/hard/crtbegin.o
 .text          0x10000040       0x14 C:/ST/STM32CubeIDE_1.19.0/STM32CubeIDE/plugins/com.st.stm32cube.ide.mcu.externaltools.gnu-tools-for-stm32.13.3.rel1.win32_1.0.0.202411081344/tools/bin/../lib/gcc/arm-none-eabi/13.3.1/../../../../arm-none-eabi/lib/thumb/v7e-m+fp/hard\libc_nano.a(libc_a-strcmp.o)
                0x10000040                strcmp
 *fill*         0x10000054        0xc 
 .text          0x10000060       0xa0 C:/ST/STM32CubeIDE_1.19.0/STM32CubeIDE/plugins/com.st.stm32cube.ide.mcu.externaltools.gnu-tools-for-stm32.13.3.rel1.win32_1.0.0.202411081344/tools/bin/../lib/gcc/arm-none-eabi/13.3.1/../../../../arm-none-eabi/lib/thumb/v7e-m+fp/hard\libc_nano.a(libc_a-memchr.o)
                0x10000060                memchr
 *(.text*)
 .text.Default_Handler
                0x10000100        0x2 ./Application/Startup/startup_stm32mp157caax.o
                0x10000100                EXTI2_IRQHandler
                0x10000100                TIM8_TRG_COM_IRQHandler
                0x10000100                TIM8_CC_IRQHandler
                0x10000100                EXTI5_IRQHandler
                0x10000100                UART8_IRQHandler
                0x10000100                SPI4_IRQHandler
                0x10000100                EXTI13_IRQHandler
                0x10000100                TIM1_CC_IRQHandler
                0x10000100                DMA2_Stream5_IRQHandler
                0x10000100                ETH1_WKUP_IRQHandler
                0x10000100                TAMP_IRQHandler
                0x10000100                DMA1_Stream5_IRQHandler
                0x10000100                TIM6_IRQHandler
                0x10000100                EXTI12_IRQHandler
                0x10000100                EXTI3_IRQHandler
                0x10000100                LPTIM4_IRQHandler
                0x10000100                EXTI8_IRQHandler
                0x10000100                LPTIM2_IRQHandler
                0x10000100                DFSDM1_FLT1_IRQHandler
                0x10000100                I2C3_ER_IRQHandler
                0x10000100                DFSDM1_FLT2_IRQHandler
                0x10000100                MDMA_IRQHandler
                0x10000100                IPCC_TX1_IRQHandler
                0x10000100                LPTIM3_IRQHandler
                0x10000100                EXTI0_IRQHandler
                0x10000100                I2C2_EV_IRQHandler
                0x10000100                DMA1_Stream2_IRQHandler
                0x10000100                FPU_IRQHandler
                0x10000100                USBH_OHCI_IRQHandler
                0x10000100                FDCAN1_IT1_IRQHandler
                0x10000100                LTDC_ER_IRQHandler
                0x10000100                DMA2_Stream2_IRQHandler
                0x10000100                IPCC_RX0_IRQHandler
                0x10000100                OTG_IRQHandler
                0x10000100                SPI1_IRQHandler
                0x10000100                DCMI_IRQHandler
                0x10000100                TIM8_UP_IRQHandler
                0x10000100                DMA2_Stream3_IRQHandler
                0x10000100                USBH_EHCI_IRQHandler
                0x10000100                nCTIIRQ2_IRQHandler
                0x10000100                HASH1_IRQHandler
                0x10000100                GPU_IRQHandler
                0x10000100                SAI2_IRQHandler
                0x10000100                ADC1_IRQHandler
                0x10000100                RESERVED148_IRQHandler
                0x10000100                RTC_TIMESTAMP_IRQHandler
                0x10000100                DFSDM1_FLT3_IRQHandler
                0x10000100                USART6_IRQHandler
                0x10000100                EXTI15_IRQHandler
                0x10000100                TIM17_IRQHandler
                0x10000100                USART3_IRQHandler
                0x10000100                EXTI9_IRQHandler
                0x10000100                LPTIM5_IRQHandler
                0x10000100                UART5_IRQHandler
                0x10000100                DMA2_Stream0_IRQHandler
                0x10000100                TIM4_IRQHandler
                0x10000100                RCC_WAKEUP_IRQHandler
                0x10000100                CRYP2_IRQHandler
                0x10000100                QUADSPI_IRQHandler
                0x10000100                I2C1_EV_IRQHandler
                0x10000100                DMA1_Stream6_IRQHandler
                0x10000100                RESERVED99_IRQHandler
                0x10000100                DMAMUX1_OVR_IRQHandler
                0x10000100                DMA1_Stream1_IRQHandler
                0x10000100                TIM16_IRQHandler
                0x10000100                UART4_IRQHandler
                0x10000100                TIM3_IRQHandler
                0x10000100                RCC_IRQHandler
                0x10000100                TIM1_TRG_COM_IRQHandler
                0x10000100                nCTIIRQ1_IRQHandler
                0x10000100                Default_Handler
                0x10000100                CEC_IRQHandler
                0x10000100                DFSDM1_FLT4_IRQHandler
                0x10000100                TIM14_IRQHandler
                0x10000100                TIM13_IRQHandler
                0x10000100                DMA1_Stream7_IRQHandler
                0x10000100                IPCC_TX0_IRQHandler
                0x10000100                SPI5_IRQHandler
                0x10000100                TIM12_IRQHandler
                0x10000100                TIM7_IRQHandler
                0x10000100                SDMMC1_IRQHandler
                0x10000100                TIM5_IRQHandler
                0x10000100                DMA2_Stream7_IRQHandler
                0x10000100                TIM15_IRQHandler
                0x10000100                PVD_AVD_IRQHandler
                0x10000100                I2C3_EV_IRQHandler
                0x10000100                SDMMC3_IRQHandler
                0x10000100                ETH1_IRQHandler
                0x10000100                LTDC_IRQHandler
                0x10000100                SAI3_IRQHandler
                0x10000100                SPDIF_RX_IRQHandler
                0x10000100                ADC2_IRQHandler
                0x10000100                SPI2_IRQHandler
                0x10000100                DFSDM1_FLT5_IRQHandler
                0x10000100                DMA1_Stream0_IRQHandler
                0x10000100                EXTI11_IRQHandler
                0x10000100                CRYP1_IRQHandler
                0x10000100                RNG2_IRQHandler
                0x10000100                RNG1_IRQHandler
                0x10000100                HASH2_IRQHandler
                0x10000100                EXTI4_IRQHandler
                0x10000100                ETH1_LPI_IRQHandler
                0x10000100                FDCAN2_IT1_IRQHandler
                0x10000100                DSI_IRQHandler
                0x10000100                TIM1_UP_IRQHandler
                0x10000100                HSEM_IT2_IRQHandler
                0x10000100                SPI6_IRQHandler
                0x10000100                MDIOS_IRQHandler
                0x10000100                I2C4_EV_IRQHandler
                0x10000100                FDCAN2_IT0_IRQHandler
                0x10000100                I2C6_ER_IRQHandler
                0x10000100                FDCAN1_IT0_IRQHandler
                0x10000100                TIM2_IRQHandler
                0x10000100                EXTI7_IRQHandler
                0x10000100                TIM1_BRK_IRQHandler
                0x10000100                DAC_IRQHandler
                0x10000100                EXTI1_IRQHandler
                0x10000100                SDMMC2_IRQHandler
                0x10000100                DTS_IRQHandler
                0x10000100                UART7_IRQHandler
                0x10000100                USART2_IRQHandler
                0x10000100                I2C6_EV_IRQHandler
                0x10000100                DFSDM1_FLT0_IRQHandler
                0x10000100                SAI4_IRQHandler
                0x10000100                I2C2_ER_IRQHandler
                0x10000100                DMA2_Stream1_IRQHandler
                0x10000100                TIM8_BRK_IRQHandler
                0x10000100                WWDG1_IRQHandler
                0x10000100                DMA2_Stream4_IRQHandler
                0x10000100                USART1_IRQHandler
                0x10000100                RESERVED143_IRQHandler
                0x10000100                EXTI10_IRQHandler
                0x10000100                SPI3_IRQHandler
                0x10000100                WAKEUP_PIN_IRQHandler
                0x10000100                DMA1_Stream4_IRQHandler
                0x10000100                I2C1_ER_IRQHandler
                0x10000100                FMC_IRQHandler
                0x10000100                FDCAN_CAL_IRQHandler
                0x10000100                EXTI6_IRQHandler
                0x10000100                MPU_SEV_IRQHandler
                0x10000100                LPTIM1_IRQHandler
                0x10000100                RTC_WKUP_ALARM_IRQHandler
                0x10000100                I2C4_ER_IRQHandler
                0x10000100                DMA2_Stream6_IRQHandler
                0x10000100                SAI1_IRQHandler
                0x10000100                DMA1_Stream3_IRQHandler
                0x10000100                RESERVED4_IRQHandler
 *fill*         0x10000102        0x2 
 .text.Periph_Lock
                0x10000104      0x11c ./Application/User/lock_resource.o
                0x10000104                Periph_Lock
 .text.Periph_Unlock
                0x10000220       0xe8 ./Application/User/lock_resource.o
                0x10000220                Periph_Unlock
 .text.main     0x10000308      0x2d4 ./Application/User/main.o
                0x10000308                main
 .text.SystemClock_Config
                0x100005dc      0x3e2 ./Application/User/main.o
                0x100005dc                SystemClock_Config
 *fill*         0x100009be        0x2 
 .text.MX_IPCC_Init
                0x100009c0       0x28 ./Application/User/main.o
 .text.VIRT_UART0_RxCpltCallback
                0x100009e8       0x88 ./Application/User/main.o
                0x100009e8                VIRT_UART0_RxCpltCallback
 .text.VIRT_UART1_RxCpltCallback
                0x10000a70       0x8c ./Application/User/main.o
                0x10000a70                VIRT_UART1_RxCpltCallback
 .text.EXTI14_IRQHandler_Config
                0x10000afc       0x98 ./Application/User/main.o
 .text.MX_I2C5_Init
                0x10000b94       0x84 ./Application/User/main.o
 .text.MX_GPIO_Init
                0x10000c18       0x6a ./Application/User/main.o
 .text.HAL_I2C_ErrorCallback
                0x10000c82       0x20 ./Application/User/main.o
                0x10000c82                HAL_I2C_ErrorCallback
 .text.Error_Handler
                0x10000ca2       0x16 ./Application/User/main.o
                0x10000ca2                Error_Handler
 .text.Exti14FallingCb
                0x10000cb8       0x1c ./Application/User/main.o
 .text.MAILBOX_Init
                0x10000cd4       0xc0 ./Application/User/mbox_ipcc.o
                0x10000cd4                MAILBOX_Init
 .text.MAILBOX_Poll
                0x10000d94       0x54 ./Application/User/mbox_ipcc.o
                0x10000d94                MAILBOX_Poll
 .text.MAILBOX_Notify
                0x10000de8       0xa0 ./Application/User/mbox_ipcc.o
                0x10000de8                MAILBOX_Notify
 .text.IPCC_channel1_callback
                0x10000e88       0x2c ./Application/User/mbox_ipcc.o
                0x10000e88                IPCC_channel1_callback
 .text.IPCC_channel2_callback
                0x10000eb4       0x2c ./Application/User/mbox_ipcc.o
                0x10000eb4                IPCC_channel2_callback
 .text.metal_device_io_region
                0x10000ee0       0x36 ./Application/User/openamp.o
 *fill*         0x10000f16        0x2 
 .text.OPENAMP_shmem_init
                0x10000f18      0x140 ./Application/User/openamp.o
 .text.MX_OPENAMP_Init
                0x10001058      0x128 ./Application/User/openamp.o
                0x10001058                MX_OPENAMP_Init
 .text.OPENAMP_create_endpoint
                0x10001180       0x3c ./Application/User/openamp.o
                0x10001180                OPENAMP_create_endpoint
 .text.OPENAMP_check_for_message
                0x100011bc       0x18 ./Application/User/openamp.o
                0x100011bc                OPENAMP_check_for_message
 .text.log_buff
                0x100011d4       0x4c ./Application/User/openamp_log.o
                0x100011d4                log_buff
 .text.__io_putchar
                0x10001220       0x18 ./Application/User/openamp_log.o
                0x10001220                __io_putchar
 .text.resource_table_init
                0x10001238       0x28 ./Application/User/rsc_table.o
                0x10001238                resource_table_init
 .text.HAL_MspInit
                0x10001260        0xe ./Application/User/stm32mp1xx_hal_msp.o
                0x10001260                HAL_MspInit
 *fill*         0x1000126e        0x2 
 .text.HAL_IPCC_MspInit
                0x10001270       0x3c ./Application/User/stm32mp1xx_hal_msp.o
                0x10001270                HAL_IPCC_MspInit
 .text.HAL_I2C_MspInit
                0x100012ac       0xd8 ./Application/User/stm32mp1xx_hal_msp.o
                0x100012ac                HAL_I2C_MspInit
 .text.NMI_Handler
                0x10001384        0xe ./Application/User/stm32mp1xx_it.o
                0x10001384                NMI_Handler
 .text.HardFault_Handler
                0x10001392        0x8 ./Application/User/stm32mp1xx_it.o
                0x10001392                HardFault_Handler
 .text.MemManage_Handler
                0x1000139a        0x8 ./Application/User/stm32mp1xx_it.o
                0x1000139a                MemManage_Handler
 .text.BusFault_Handler
                0x100013a2        0x8 ./Application/User/stm32mp1xx_it.o
                0x100013a2                BusFault_Handler
 .text.UsageFault_Handler
                0x100013aa        0x8 ./Application/User/stm32mp1xx_it.o
                0x100013aa                UsageFault_Handler
 .text.SVC_Handler
                0x100013b2        0xe ./Application/User/stm32mp1xx_it.o
                0x100013b2                SVC_Handler
 .text.DebugMon_Handler
                0x100013c0        0xe ./Application/User/stm32mp1xx_it.o
                0x100013c0                DebugMon_Handler
 .text.PendSV_Handler
                0x100013ce        0xe ./Application/User/stm32mp1xx_it.o
                0x100013ce                PendSV_Handler
 .text.SysTick_Handler
                0x100013dc       0x10 ./Application/User/stm32mp1xx_it.o
                0x100013dc                SysTick_Handler
 .text.IPCC_RX1_IRQHandler
                0x100013ec       0x14 ./Application/User/stm32mp1xx_it.o
                0x100013ec                IPCC_RX1_IRQHandler
 .text.EXTI14_IRQHandler
                0x10001400       0x14 ./Application/User/stm32mp1xx_it.o
                0x10001400                EXTI14_IRQHandler
 .text.I2C5_EV_IRQHandler
                0x10001414       0x14 ./Application/User/stm32mp1xx_it.o
                0x10001414                I2C5_EV_IRQHandler
 .text.I2C5_ER_IRQHandler
                0x10001428       0x14 ./Application/User/stm32mp1xx_it.o
                0x10001428                I2C5_ER_IRQHandler
 .text._getpid  0x1000143c       0x10 ./Application/User/syscalls.o
                0x1000143c                _getpid
 .text._kill    0x1000144c       0x20 ./Application/User/syscalls.o
                0x1000144c                _kill
 .text._exit    0x1000146c       0x16 ./Application/User/syscalls.o
                0x1000146c                _exit
 .text._read    0x10001482       0x3a ./Application/User/syscalls.o
                0x10001482                _read
 .text._write   0x100014bc       0x38 ./Application/User/syscalls.o
                0x100014bc                _write
 .text._close   0x100014f4       0x18 ./Application/User/syscalls.o
                0x100014f4                _close
 .text._fstat   0x1000150c       0x20 ./Application/User/syscalls.o
                0x1000150c                _fstat
 .text._isatty  0x1000152c       0x16 ./Application/User/syscalls.o
                0x1000152c                _isatty
 .text._lseek   0x10001542       0x1a ./Application/User/syscalls.o
                0x10001542                _lseek
 .text.BSP_LED_Init
                0x1000155c       0xb8 ./Drivers/BSP/stm32mp15xx_disco.o
                0x1000155c                BSP_LED_Init
 .text.BSP_LED_Off
                0x10001614       0x70 ./Drivers/BSP/stm32mp15xx_disco.o
                0x10001614                BSP_LED_Off
 .text.BSP_LED_Toggle
                0x10001684       0x3c ./Drivers/BSP/stm32mp15xx_disco.o
                0x10001684                BSP_LED_Toggle
 .text.SystemInit
                0x100016c0       0x4c ./Drivers/CMSIS/system_stm32mp1xx.o
                0x100016c0                SystemInit
 .text.ssd1306_Reset
                0x1000170c        0xe ./Drivers/OLED/ssd1306.o
                0x1000170c                ssd1306_Reset
 *fill*         0x1000171a        0x2 
 .text.ssd1306_WriteCommand
                0x1000171c       0x30 ./Drivers/OLED/ssd1306.o
                0x1000171c                ssd1306_WriteCommand
 .text.ssd1306_WriteData
                0x1000174c       0x34 ./Drivers/OLED/ssd1306.o
                0x1000174c                ssd1306_WriteData
 .text.ssd1306_Init
                0x10001780       0xd8 ./Drivers/OLED/ssd1306.o
                0x10001780                ssd1306_Init
 .text.ssd1306_Fill
                0x10001858       0x30 ./Drivers/OLED/ssd1306.o
                0x10001858                ssd1306_Fill
 .text.ssd1306_Clear
                0x10001888       0x12 ./Drivers/OLED/ssd1306.o
                0x10001888                ssd1306_Clear
 *fill*         0x1000189a        0x2 
 .text.ssd1306_UpdateScreen
                0x1000189c       0x50 ./Drivers/OLED/ssd1306.o
                0x1000189c                ssd1306_UpdateScreen
 .text.ssd1306_DrawPixel
                0x100018ec       0xa8 ./Drivers/OLED/ssd1306.o
                0x100018ec                ssd1306_DrawPixel
 .text.ssd1306_WriteChar
                0x10001994      0x124 ./Drivers/OLED/ssd1306.o
                0x10001994                ssd1306_WriteChar
 .text.ssd1306_WriteString
                0x10001ab8       0x4c ./Drivers/OLED/ssd1306.o
                0x10001ab8                ssd1306_WriteString
 .text.ssd1306_SetCursor
                0x10001b04       0x30 ./Drivers/OLED/ssd1306.o
                0x10001b04                ssd1306_SetCursor
 .text.ssd1306_SetContrast
                0x10001b34       0x26 ./Drivers/OLED/ssd1306.o
                0x10001b34                ssd1306_SetContrast
 *fill*         0x10001b5a        0x2 
 .text.ssd1306_SetDisplayOn
                0x10001b5c       0x3c ./Drivers/OLED/ssd1306.o
                0x10001b5c                ssd1306_SetDisplayOn
 .text.HAL_Init
                0x10001b98       0x34 ./Drivers/STM32MP1xx_HAL_Driver/stm32mp1xx_hal.o
                0x10001b98                HAL_Init
 .text.HAL_InitTick
                0x10001bcc       0x6c ./Drivers/STM32MP1xx_HAL_Driver/stm32mp1xx_hal.o
                0x10001bcc                HAL_InitTick
 .text.HAL_IncTick
                0x10001c38       0x28 ./Drivers/STM32MP1xx_HAL_Driver/stm32mp1xx_hal.o
                0x10001c38                HAL_IncTick
 .text.HAL_GetTick
                0x10001c60       0x18 ./Drivers/STM32MP1xx_HAL_Driver/stm32mp1xx_hal.o
                0x10001c60                HAL_GetTick
 .text.HAL_Delay
                0x10001c78       0x48 ./Drivers/STM32MP1xx_HAL_Driver/stm32mp1xx_hal.o
                0x10001c78                HAL_Delay
 .text.HAL_GetHalVersion
                0x10001cc0       0x14 ./Drivers/STM32MP1xx_HAL_Driver/stm32mp1xx_hal.o
                0x10001cc0                HAL_GetHalVersion
 .text.__NVIC_SetPriorityGrouping
                0x10001cd4       0x48 ./Drivers/STM32MP1xx_HAL_Driver/stm32mp1xx_hal_cortex.o
 .text.__NVIC_GetPriorityGrouping
                0x10001d1c       0x1c ./Drivers/STM32MP1xx_HAL_Driver/stm32mp1xx_hal_cortex.o
 .text.__NVIC_EnableIRQ
                0x10001d38       0x3c ./Drivers/STM32MP1xx_HAL_Driver/stm32mp1xx_hal_cortex.o
 .text.__NVIC_SetPriority
                0x10001d74       0x54 ./Drivers/STM32MP1xx_HAL_Driver/stm32mp1xx_hal_cortex.o
 .text.NVIC_EncodePriority
                0x10001dc8       0x66 ./Drivers/STM32MP1xx_HAL_Driver/stm32mp1xx_hal_cortex.o
 *fill*         0x10001e2e        0x2 
 .text.SysTick_Config
                0x10001e30       0x44 ./Drivers/STM32MP1xx_HAL_Driver/stm32mp1xx_hal_cortex.o
 .text.HAL_NVIC_SetPriorityGrouping
                0x10001e74       0x16 ./Drivers/STM32MP1xx_HAL_Driver/stm32mp1xx_hal_cortex.o
                0x10001e74                HAL_NVIC_SetPriorityGrouping
 .text.HAL_NVIC_SetPriority
                0x10001e8a       0x38 ./Drivers/STM32MP1xx_HAL_Driver/stm32mp1xx_hal_cortex.o
                0x10001e8a                HAL_NVIC_SetPriority
 .text.HAL_NVIC_EnableIRQ
                0x10001ec2       0x1c ./Drivers/STM32MP1xx_HAL_Driver/stm32mp1xx_hal_cortex.o
                0x10001ec2                HAL_NVIC_EnableIRQ
 .text.HAL_SYSTICK_Config
                0x10001ede       0x18 ./Drivers/STM32MP1xx_HAL_Driver/stm32mp1xx_hal_cortex.o
                0x10001ede                HAL_SYSTICK_Config
 .text.HAL_SYSTICK_IRQHandler
                0x10001ef6        0xc ./Drivers/STM32MP1xx_HAL_Driver/stm32mp1xx_hal_cortex.o
                0x10001ef6                HAL_SYSTICK_IRQHandler
 .text.HAL_SYSTICK_Callback
                0x10001f02        0xe ./Drivers/STM32MP1xx_HAL_Driver/stm32mp1xx_hal_cortex.o
                0x10001f02                HAL_SYSTICK_Callback
 .text.HAL_DMA_Abort_IT
                0x10001f10       0x4e ./Drivers/STM32MP1xx_HAL_Driver/stm32mp1xx_hal_dma.o
                0x10001f10                HAL_DMA_Abort_IT
 .text.HAL_DMA_GetState
                0x10001f5e       0x1c ./Drivers/STM32MP1xx_HAL_Driver/stm32mp1xx_hal_dma.o
                0x10001f5e                HAL_DMA_GetState
 *fill*         0x10001f7a        0x2 
 .text.HAL_EXTI_SetConfigLine
                0x10001f7c      0x1f0 ./Drivers/STM32MP1xx_HAL_Driver/stm32mp1xx_hal_exti.o
                0x10001f7c                HAL_EXTI_SetConfigLine
 .text.HAL_EXTI_RegisterCallback
                0x1000216c       0x58 ./Drivers/STM32MP1xx_HAL_Driver/stm32mp1xx_hal_exti.o
                0x1000216c                HAL_EXTI_RegisterCallback
 .text.HAL_EXTI_IRQHandler
                0x100021c4       0x90 ./Drivers/STM32MP1xx_HAL_Driver/stm32mp1xx_hal_exti.o
                0x100021c4                HAL_EXTI_IRQHandler
 .text.HAL_GPIO_Init
                0x10002254      0x354 ./Drivers/STM32MP1xx_HAL_Driver/stm32mp1xx_hal_gpio.o
                0x10002254                HAL_GPIO_Init
 .text.HAL_GPIO_WritePin
                0x100025a8       0x32 ./Drivers/STM32MP1xx_HAL_Driver/stm32mp1xx_hal_gpio.o
                0x100025a8                HAL_GPIO_WritePin
 .text.HAL_GPIO_TogglePin
                0x100025da       0x32 ./Drivers/STM32MP1xx_HAL_Driver/stm32mp1xx_hal_gpio.o
                0x100025da                HAL_GPIO_TogglePin
 .text.HAL_HSEM_FastTake
                0x1000260c       0x30 ./Drivers/STM32MP1xx_HAL_Driver/stm32mp1xx_hal_hsem.o
                0x1000260c                HAL_HSEM_FastTake
 .text.HAL_HSEM_Release
                0x1000263c       0x26 ./Drivers/STM32MP1xx_HAL_Driver/stm32mp1xx_hal_hsem.o
                0x1000263c                HAL_HSEM_Release
 .text.HAL_I2C_Init
                0x10002662      0x11e ./Drivers/STM32MP1xx_HAL_Driver/stm32mp1xx_hal_i2c.o
                0x10002662                HAL_I2C_Init
 .text.HAL_I2C_Mem_Write
                0x10002780      0x228 ./Drivers/STM32MP1xx_HAL_Driver/stm32mp1xx_hal_i2c.o
                0x10002780                HAL_I2C_Mem_Write
 .text.HAL_I2C_EV_IRQHandler
                0x100029a8       0x34 ./Drivers/STM32MP1xx_HAL_Driver/stm32mp1xx_hal_i2c.o
                0x100029a8                HAL_I2C_EV_IRQHandler
 .text.HAL_I2C_ER_IRQHandler
                0x100029dc       0xc2 ./Drivers/STM32MP1xx_HAL_Driver/stm32mp1xx_hal_i2c.o
                0x100029dc                HAL_I2C_ER_IRQHandler
 .text.HAL_I2C_SlaveTxCpltCallback
                0x10002a9e       0x14 ./Drivers/STM32MP1xx_HAL_Driver/stm32mp1xx_hal_i2c.o
                0x10002a9e                HAL_I2C_SlaveTxCpltCallback
 .text.HAL_I2C_SlaveRxCpltCallback
                0x10002ab2       0x14 ./Drivers/STM32MP1xx_HAL_Driver/stm32mp1xx_hal_i2c.o
                0x10002ab2                HAL_I2C_SlaveRxCpltCallback
 .text.HAL_I2C_AddrCallback
                0x10002ac6       0x1c ./Drivers/STM32MP1xx_HAL_Driver/stm32mp1xx_hal_i2c.o
                0x10002ac6                HAL_I2C_AddrCallback
 .text.HAL_I2C_ListenCpltCallback
                0x10002ae2       0x14 ./Drivers/STM32MP1xx_HAL_Driver/stm32mp1xx_hal_i2c.o
                0x10002ae2                HAL_I2C_ListenCpltCallback
 .text.HAL_I2C_AbortCpltCallback
                0x10002af6       0x14 ./Drivers/STM32MP1xx_HAL_Driver/stm32mp1xx_hal_i2c.o
                0x10002af6                HAL_I2C_AbortCpltCallback
 .text.HAL_I2C_GetError
                0x10002b0a       0x18 ./Drivers/STM32MP1xx_HAL_Driver/stm32mp1xx_hal_i2c.o
                0x10002b0a                HAL_I2C_GetError
 .text.I2C_Slave_ISR_IT
                0x10002b22      0x206 ./Drivers/STM32MP1xx_HAL_Driver/stm32mp1xx_hal_i2c.o
 .text.I2C_RequestMemoryWrite
                0x10002d28       0xa8 ./Drivers/STM32MP1xx_HAL_Driver/stm32mp1xx_hal_i2c.o
 .text.I2C_ITAddrCplt
                0x10002dd0      0x108 ./Drivers/STM32MP1xx_HAL_Driver/stm32mp1xx_hal_i2c.o
 .text.I2C_ITSlaveSeqCplt
                0x10002ed8       0xbc ./Drivers/STM32MP1xx_HAL_Driver/stm32mp1xx_hal_i2c.o
 .text.I2C_ITSlaveCplt
                0x10002f94      0x214 ./Drivers/STM32MP1xx_HAL_Driver/stm32mp1xx_hal_i2c.o
 .text.I2C_ITListenCplt
                0x100031a8       0xac ./Drivers/STM32MP1xx_HAL_Driver/stm32mp1xx_hal_i2c.o
 .text.I2C_ITError
                0x10003254      0x1b0 ./Drivers/STM32MP1xx_HAL_Driver/stm32mp1xx_hal_i2c.o
 .text.I2C_TreatErrorCallback
                0x10003404       0x4e ./Drivers/STM32MP1xx_HAL_Driver/stm32mp1xx_hal_i2c.o
 .text.I2C_Flush_TXDR
                0x10003452       0x48 ./Drivers/STM32MP1xx_HAL_Driver/stm32mp1xx_hal_i2c.o
 .text.I2C_DMAAbort
                0x1000349a       0x3c ./Drivers/STM32MP1xx_HAL_Driver/stm32mp1xx_hal_i2c.o
 .text.I2C_WaitOnFlagUntilTimeout
                0x100034d6       0x80 ./Drivers/STM32MP1xx_HAL_Driver/stm32mp1xx_hal_i2c.o
 .text.I2C_WaitOnTXISFlagUntilTimeout
                0x10003556       0x80 ./Drivers/STM32MP1xx_HAL_Driver/stm32mp1xx_hal_i2c.o
 .text.I2C_WaitOnSTOPFlagUntilTimeout
                0x100035d6       0x78 ./Drivers/STM32MP1xx_HAL_Driver/stm32mp1xx_hal_i2c.o
 *fill*         0x1000364e        0x2 
 .text.I2C_IsErrorOccurred
                0x10003650      0x1d8 ./Drivers/STM32MP1xx_HAL_Driver/stm32mp1xx_hal_i2c.o
 .text.I2C_TransferConfig
                0x10003828       0x64 ./Drivers/STM32MP1xx_HAL_Driver/stm32mp1xx_hal_i2c.o
 .text.I2C_Disable_IRQ
                0x1000388c       0xbc ./Drivers/STM32MP1xx_HAL_Driver/stm32mp1xx_hal_i2c.o
 .text.HAL_I2CEx_ConfigAnalogFilter
                0x10003948       0x96 ./Drivers/STM32MP1xx_HAL_Driver/stm32mp1xx_hal_i2c_ex.o
                0x10003948                HAL_I2CEx_ConfigAnalogFilter
 .text.HAL_I2CEx_ConfigDigitalFilter
                0x100039de       0x98 ./Drivers/STM32MP1xx_HAL_Driver/stm32mp1xx_hal_i2c_ex.o
                0x100039de                HAL_I2CEx_ConfigDigitalFilter
 *fill*         0x10003a76        0x2 
 .text.HAL_I2CEx_EnableFastModePlus
                0x10003a78       0x30 ./Drivers/STM32MP1xx_HAL_Driver/stm32mp1xx_hal_i2c_ex.o
                0x10003a78                HAL_I2CEx_EnableFastModePlus
 .text.HAL_IPCC_Init
                0x10003aa8       0x64 ./Drivers/STM32MP1xx_HAL_Driver/stm32mp1xx_hal_ipcc.o
                0x10003aa8                HAL_IPCC_Init
 .text.HAL_IPCC_ActivateNotification
                0x10003b0c       0x9c ./Drivers/STM32MP1xx_HAL_Driver/stm32mp1xx_hal_ipcc.o
                0x10003b0c                HAL_IPCC_ActivateNotification
 .text.HAL_IPCC_GetChannelStatus
                0x10003ba8       0x68 ./Drivers/STM32MP1xx_HAL_Driver/stm32mp1xx_hal_ipcc.o
                0x10003ba8                HAL_IPCC_GetChannelStatus
 .text.HAL_IPCC_NotifyCPU
                0x10003c10       0x8c ./Drivers/STM32MP1xx_HAL_Driver/stm32mp1xx_hal_ipcc.o
                0x10003c10                HAL_IPCC_NotifyCPU
 .text.HAL_IPCC_RX_IRQHandler
                0x10003c9c       0x98 ./Drivers/STM32MP1xx_HAL_Driver/stm32mp1xx_hal_ipcc.o
                0x10003c9c                HAL_IPCC_RX_IRQHandler
 .text.HAL_IPCC_RxCallback
                0x10003d34       0x1a ./Drivers/STM32MP1xx_HAL_Driver/stm32mp1xx_hal_ipcc.o
                0x10003d34                HAL_IPCC_RxCallback
 .text.HAL_IPCC_TxCallback
                0x10003d4e       0x1a ./Drivers/STM32MP1xx_HAL_Driver/stm32mp1xx_hal_ipcc.o
                0x10003d4e                HAL_IPCC_TxCallback
 .text.IPCC_UnmaskInterrupt
                0x10003d68       0x5c ./Drivers/STM32MP1xx_HAL_Driver/stm32mp1xx_hal_ipcc.o
                0x10003d68                IPCC_UnmaskInterrupt
 .text.IPCC_SetDefaultCallbacks
                0x10003dc4       0x4c ./Drivers/STM32MP1xx_HAL_Driver/stm32mp1xx_hal_ipcc.o
                0x10003dc4                IPCC_SetDefaultCallbacks
 .text.IPCC_Reset_Register
                0x10003e10       0x28 ./Drivers/STM32MP1xx_HAL_Driver/stm32mp1xx_hal_ipcc.o
                0x10003e10                IPCC_Reset_Register
 .text.HAL_PWR_EnableBkUpAccess
                0x10003e38       0x20 ./Drivers/STM32MP1xx_HAL_Driver/stm32mp1xx_hal_pwr.o
                0x10003e38                HAL_PWR_EnableBkUpAccess
 .text.HAL_RCC_DeInit
                0x10003e58      0x488 ./Drivers/STM32MP1xx_HAL_Driver/stm32mp1xx_hal_rcc.o
                0x10003e58                HAL_RCC_DeInit
 .text.HAL_RCC_OscConfig
                0x100042e0      0x664 ./Drivers/STM32MP1xx_HAL_Driver/stm32mp1xx_hal_rcc.o
                0x100042e0                HAL_RCC_OscConfig
 .text.HAL_RCC_HSEConfig
                0x10004944       0xd6 ./Drivers/STM32MP1xx_HAL_Driver/stm32mp1xx_hal_rcc.o
                0x10004944                HAL_RCC_HSEConfig
 .text.HAL_RCC_LSEConfig
                0x10004a1a       0xfa ./Drivers/STM32MP1xx_HAL_Driver/stm32mp1xx_hal_rcc.o
                0x10004a1a                HAL_RCC_LSEConfig
 .text.RCC_PLL1_Config
                0x10004b14      0x308 ./Drivers/STM32MP1xx_HAL_Driver/stm32mp1xx_hal_rcc.o
                0x10004b14                RCC_PLL1_Config
 .text.HAL_RCC_ClockConfig
                0x10004e1c      0x224 ./Drivers/STM32MP1xx_HAL_Driver/stm32mp1xx_hal_rcc.o
                0x10004e1c                HAL_RCC_ClockConfig
 .text.RCC_MPUConfig
                0x10005040       0xec ./Drivers/STM32MP1xx_HAL_Driver/stm32mp1xx_hal_rcc.o
                0x10005040                RCC_MPUConfig
 .text.RCC_AXISSConfig
                0x1000512c      0x12e ./Drivers/STM32MP1xx_HAL_Driver/stm32mp1xx_hal_rcc.o
                0x1000512c                RCC_AXISSConfig
 *fill*         0x1000525a        0x2 
 .text.RCC_MCUConfig
                0x1000525c      0x150 ./Drivers/STM32MP1xx_HAL_Driver/stm32mp1xx_hal_rcc.o
                0x1000525c                RCC_MCUConfig
 .text.HAL_RCC_GetPLL3ClockFreq
                0x100053ac      0x1f4 ./Drivers/STM32MP1xx_HAL_Driver/stm32mp1xx_hal_rcc.o
                0x100053ac                HAL_RCC_GetPLL3ClockFreq
 .text.HAL_RCC_GetMCUFreq
                0x100055a0       0x36 ./Drivers/STM32MP1xx_HAL_Driver/stm32mp1xx_hal_rcc.o
                0x100055a0                HAL_RCC_GetMCUFreq
 .text.HAL_RCC_GetSystemCoreClockFreq
                0x100055d6        0xe ./Drivers/STM32MP1xx_HAL_Driver/stm32mp1xx_hal_rcc.o
                0x100055d6                HAL_RCC_GetSystemCoreClockFreq
 .text.HAL_RCC_GetMCUSSFreq
                0x100055e4       0x74 ./Drivers/STM32MP1xx_HAL_Driver/stm32mp1xx_hal_rcc.o
                0x100055e4                HAL_RCC_GetMCUSSFreq
 .text.RCCEx_PLL2_Config
                0x10005658      0x304 ./Drivers/STM32MP1xx_HAL_Driver/stm32mp1xx_hal_rcc_ex.o
                0x10005658                RCCEx_PLL2_Config
 .text.RCCEx_PLL3_Config
                0x1000595c      0x2d4 ./Drivers/STM32MP1xx_HAL_Driver/stm32mp1xx_hal_rcc_ex.o
                0x1000595c                RCCEx_PLL3_Config
 .text.RCCEx_PLL4_Config
                0x10005c30      0x2b0 ./Drivers/STM32MP1xx_HAL_Driver/stm32mp1xx_hal_rcc_ex.o
                0x10005c30                RCCEx_PLL4_Config
 .text.HAL_RCCEx_PeriphCLKConfig
                0x10005ee0     0x1d28 ./Drivers/STM32MP1xx_HAL_Driver/stm32mp1xx_hal_rcc_ex.o
                0x10005ee0                HAL_RCCEx_PeriphCLKConfig
 .text.metal_list_init
                0x10007c08       0x20 ./Middlewares/OpenAMP/libmetal/device.o
 .text.metal_list_add_before
                0x10007c28       0x34 ./Middlewares/OpenAMP/libmetal/device.o
 .text.metal_list_add_tail
                0x10007c5c       0x1a ./Middlewares/OpenAMP/libmetal/device.o
 .text.__metal_cache_flush
                0x10007c76       0x1a ./Middlewares/OpenAMP/libmetal/device.o
 .text.__metal_cache_invalidate
                0x10007c90       0x1a ./Middlewares/OpenAMP/libmetal/device.o
 .text.metal_cache_flush
                0x10007caa       0x1a ./Middlewares/OpenAMP/libmetal/device.o
 .text.metal_cache_invalidate
                0x10007cc4       0x1a ./Middlewares/OpenAMP/libmetal/device.o
 *fill*         0x10007cde        0x2 
 .text.metal_bus_register
                0x10007ce0       0x88 ./Middlewares/OpenAMP/libmetal/device.o
                0x10007ce0                metal_bus_register
 .text.metal_bus_find
                0x10007d68       0x5c ./Middlewares/OpenAMP/libmetal/device.o
                0x10007d68                metal_bus_find
 .text.metal_device_open
                0x10007dc4       0x7c ./Middlewares/OpenAMP/libmetal/device.o
                0x10007dc4                metal_device_open
 .text.metal_register_generic_device
                0x10007e40       0x4c ./Middlewares/OpenAMP/libmetal/device.o
                0x10007e40                metal_register_generic_device
 .text.metal_generic_dev_open
                0x10007e8c       0x60 ./Middlewares/OpenAMP/libmetal/device.o
                0x10007e8c                metal_generic_dev_open
 .text.metal_generic_dev_dma_map
                0x10007eec       0xa2 ./Middlewares/OpenAMP/libmetal/device.o
                0x10007eec                metal_generic_dev_dma_map
 .text.metal_generic_dev_dma_unmap
                0x10007f8e       0x56 ./Middlewares/OpenAMP/libmetal/device.o
                0x10007f8e                metal_generic_dev_dma_unmap
 .text.metal_list_init
                0x10007fe4       0x20 ./Middlewares/OpenAMP/libmetal/init.o
 .text.metal_init
                0x10008004       0x64 ./Middlewares/OpenAMP/libmetal/init.o
                0x10008004                metal_init
 .text.metal_io_virt
                0x10008068       0x38 ./Middlewares/OpenAMP/libmetal/io.o
 .text.metal_io_init
                0x100080a0       0x9a ./Middlewares/OpenAMP/libmetal/io.o
                0x100080a0                metal_io_init
 .text.metal_io_block_read
                0x1000813a       0xea ./Middlewares/OpenAMP/libmetal/io.o
                0x1000813a                metal_io_block_read
 .text.metal_io_block_write
                0x10008224       0xe8 ./Middlewares/OpenAMP/libmetal/io.o
                0x10008224                metal_io_block_write
 .text.metal_default_log_handler
                0x1000830c       0x1a ./Middlewares/OpenAMP/libmetal/log.o
                0x1000830c                metal_default_log_handler
 .text.metal_generic_dev_sys_open
                0x10008326       0x4e ./Middlewares/OpenAMP/libmetal/generic/generic_device.o
                0x10008326                metal_generic_dev_sys_open
 .text.metal_sys_init
                0x10008374       0x1c ./Middlewares/OpenAMP/libmetal/generic/generic_init.o
                0x10008374                metal_sys_init
 .text.metal_sys_io_mem_map
                0x10008390       0x7c ./Middlewares/OpenAMP/libmetal/generic/generic_io.o
                0x10008390                metal_sys_io_mem_map
 .text.metal_machine_cache_flush
                0x1000840c       0x16 ./Middlewares/OpenAMP/libmetal/generic/template/sys.o
                0x1000840c                metal_machine_cache_flush
 .text.metal_machine_cache_invalidate
                0x10008422       0x16 ./Middlewares/OpenAMP/libmetal/generic/template/sys.o
                0x10008422                metal_machine_cache_invalidate
 .text.metal_machine_io_mem_map
                0x10008438       0x1c ./Middlewares/OpenAMP/libmetal/generic/template/sys.o
                0x10008438                metal_machine_io_mem_map
 .text.metal_io_virt
                0x10008454       0x38 ./Middlewares/OpenAMP/open-amp/remoteproc/remoteproc_virtio.o
 .text.metal_io_virt_to_offset
                0x1000848c       0x32 ./Middlewares/OpenAMP/open-amp/remoteproc/remoteproc_virtio.o
 *fill*         0x100084be        0x2 
 .text.metal_io_read
                0x100084c0      0x104 ./Middlewares/OpenAMP/open-amp/remoteproc/remoteproc_virtio.o
 .text.metal_allocate_memory
                0x100085c4       0x18 ./Middlewares/OpenAMP/open-amp/remoteproc/remoteproc_virtio.o
 .text.metal_free_memory
                0x100085dc       0x16 ./Middlewares/OpenAMP/open-amp/remoteproc/remoteproc_virtio.o
 .text.virtqueue_allocate
                0x100085f2       0x32 ./Middlewares/OpenAMP/open-amp/remoteproc/remoteproc_virtio.o
 .text.rproc_virtio_virtqueue_notify
                0x10008624       0x68 ./Middlewares/OpenAMP/open-amp/remoteproc/remoteproc_virtio.o
 .text.rproc_virtio_get_status
                0x1000868c       0x44 ./Middlewares/OpenAMP/open-amp/remoteproc/remoteproc_virtio.o
 .text.rproc_virtio_get_dfeatures
                0x100086d0       0x44 ./Middlewares/OpenAMP/open-amp/remoteproc/remoteproc_virtio.o
 .text.rproc_virtio_get_features
                0x10008714       0x50 ./Middlewares/OpenAMP/open-amp/remoteproc/remoteproc_virtio.o
 .text.rproc_virtio_read_config
                0x10008764       0x66 ./Middlewares/OpenAMP/open-amp/remoteproc/remoteproc_virtio.o
 *fill*         0x100087ca        0x2 
 .text.rproc_virtio_create_vdev
                0x100087cc      0x15c ./Middlewares/OpenAMP/open-amp/remoteproc/remoteproc_virtio.o
                0x100087cc                rproc_virtio_create_vdev
 .text.rproc_virtio_init_vring
                0x10008928       0x62 ./Middlewares/OpenAMP/open-amp/remoteproc/remoteproc_virtio.o
                0x10008928                rproc_virtio_init_vring
 .text.rproc_virtio_notified
                0x1000898a       0x78 ./Middlewares/OpenAMP/open-amp/remoteproc/remoteproc_virtio.o
                0x1000898a                rproc_virtio_notified
 .text.rproc_virtio_wait_remote_ready
                0x10008a02       0x32 ./Middlewares/OpenAMP/open-amp/remoteproc/remoteproc_virtio.o
                0x10008a02                rproc_virtio_wait_remote_ready
 .text.__metal_mutex_acquire
                0x10008a34       0x5e ./Middlewares/OpenAMP/open-amp/rpmsg/rpmsg.o
 .text.__metal_mutex_release
                0x10008a92       0x2c ./Middlewares/OpenAMP/open-amp/rpmsg/rpmsg.o
 .text.metal_mutex_acquire
                0x10008abe       0x16 ./Middlewares/OpenAMP/open-amp/rpmsg/rpmsg.o
 .text.metal_mutex_release
                0x10008ad4       0x16 ./Middlewares/OpenAMP/open-amp/rpmsg/rpmsg.o
 .text.metal_list_add_before
                0x10008aea       0x34 ./Middlewares/OpenAMP/open-amp/rpmsg/rpmsg.o
 .text.metal_list_add_tail
                0x10008b1e       0x1a ./Middlewares/OpenAMP/open-amp/rpmsg/rpmsg.o
 .text.metal_list_del
                0x10008b38       0x34 ./Middlewares/OpenAMP/open-amp/rpmsg/rpmsg.o
 .text.metal_bitmap_set_bit
                0x10008b6c       0x38 ./Middlewares/OpenAMP/open-amp/rpmsg/rpmsg.o
 .text.metal_bitmap_is_bit_set
                0x10008ba4       0x3a ./Middlewares/OpenAMP/open-amp/rpmsg/rpmsg.o
 .text.metal_bitmap_clear_bit
                0x10008bde       0x3a ./Middlewares/OpenAMP/open-amp/rpmsg/rpmsg.o
 .text.metal_bitmap_is_bit_clear
                0x10008c18       0x26 ./Middlewares/OpenAMP/open-amp/rpmsg/rpmsg.o
 .text.metal_bitmap_next_clear_bit
                0x10008c3e       0x3a ./Middlewares/OpenAMP/open-amp/rpmsg/rpmsg.o
 .text.rpmsg_initialize_ept
                0x10008c78       0x48 ./Middlewares/OpenAMP/open-amp/rpmsg/rpmsg.o
 .text.rpmsg_get_address
                0x10008cc0       0x42 ./Middlewares/OpenAMP/open-amp/rpmsg/rpmsg.o
 .text.rpmsg_release_address
                0x10008d02       0x32 ./Middlewares/OpenAMP/open-amp/rpmsg/rpmsg.o
 .text.rpmsg_is_address_set
                0x10008d34       0x3c ./Middlewares/OpenAMP/open-amp/rpmsg/rpmsg.o
 .text.rpmsg_set_address
                0x10008d70       0x3c ./Middlewares/OpenAMP/open-amp/rpmsg/rpmsg.o
 .text.rpmsg_send_offchannel_raw
                0x10008dac       0x64 ./Middlewares/OpenAMP/open-amp/rpmsg/rpmsg.o
                0x10008dac                rpmsg_send_offchannel_raw
 .text.rpmsg_send_ns_message
                0x10008e10       0x50 ./Middlewares/OpenAMP/open-amp/rpmsg/rpmsg.o
                0x10008e10                rpmsg_send_ns_message
 .text.rpmsg_get_endpoint
                0x10008e60       0xc0 ./Middlewares/OpenAMP/open-amp/rpmsg/rpmsg.o
                0x10008e60                rpmsg_get_endpoint
 .text.rpmsg_unregister_endpoint
                0x10008f20       0x56 ./Middlewares/OpenAMP/open-amp/rpmsg/rpmsg.o
 .text.rpmsg_register_endpoint
                0x10008f76       0x26 ./Middlewares/OpenAMP/open-amp/rpmsg/rpmsg.o
                0x10008f76                rpmsg_register_endpoint
 .text.rpmsg_create_ept
                0x10008f9c      0x104 ./Middlewares/OpenAMP/open-amp/rpmsg/rpmsg.o
                0x10008f9c                rpmsg_create_ept
 .text.__metal_sleep_usec
                0x100090a0       0x16 ./Middlewares/OpenAMP/open-amp/rpmsg/rpmsg_virtio.o
 .text.metal_sleep_usec
                0x100090b6       0x18 ./Middlewares/OpenAMP/open-amp/rpmsg/rpmsg_virtio.o
 .text.metal_list_init
                0x100090ce       0x20 ./Middlewares/OpenAMP/open-amp/rpmsg/rpmsg_virtio.o
 .text.metal_io_virt_to_offset
                0x100090ee       0x32 ./Middlewares/OpenAMP/open-amp/rpmsg/rpmsg_virtio.o
 .text.__metal_mutex_init
                0x10009120       0x2c ./Middlewares/OpenAMP/open-amp/rpmsg/rpmsg_virtio.o
 .text.__metal_mutex_acquire
                0x1000914c       0x5e ./Middlewares/OpenAMP/open-amp/rpmsg/rpmsg_virtio.o
 .text.__metal_mutex_release
                0x100091aa       0x2c ./Middlewares/OpenAMP/open-amp/rpmsg/rpmsg_virtio.o
 .text.metal_mutex_init
                0x100091d6       0x16 ./Middlewares/OpenAMP/open-amp/rpmsg/rpmsg_virtio.o
 .text.metal_mutex_acquire
                0x100091ec       0x16 ./Middlewares/OpenAMP/open-amp/rpmsg/rpmsg_virtio.o
 .text.metal_mutex_release
                0x10009202       0x16 ./Middlewares/OpenAMP/open-amp/rpmsg/rpmsg_virtio.o
 .text.rpmsg_virtio_get_role
                0x10009218       0x1a ./Middlewares/OpenAMP/open-amp/rpmsg/rpmsg_virtio.o
 .text.rpmsg_virtio_set_status
                0x10009232       0x26 ./Middlewares/OpenAMP/open-amp/rpmsg/rpmsg_virtio.o
 .text.rpmsg_virtio_get_status
                0x10009258       0x22 ./Middlewares/OpenAMP/open-amp/rpmsg/rpmsg_virtio.o
 .text.rpmsg_virtio_get_features
                0x1000927a       0x22 ./Middlewares/OpenAMP/open-amp/rpmsg/rpmsg_virtio.o
 .text.rpmsg_virtio_create_virtqueues
                0x1000929c       0x2a ./Middlewares/OpenAMP/open-amp/rpmsg/rpmsg_virtio.o
 *fill*         0x100092c6        0x2 
 .text.rpmsg_initialize_ept
                0x100092c8       0x48 ./Middlewares/OpenAMP/open-amp/rpmsg/rpmsg_virtio.o
 .text.rpmsg_get_ept_from_addr
                0x10009310       0x22 ./Middlewares/OpenAMP/open-amp/rpmsg/rpmsg_virtio.o
 .text.rpmsg_virtio_init_shm_pool
                0x10009332       0x32 ./Middlewares/OpenAMP/open-amp/rpmsg/rpmsg_virtio.o
                0x10009332                rpmsg_virtio_init_shm_pool
 .text.rpmsg_virtio_return_buffer
                0x10009364       0x32 ./Middlewares/OpenAMP/open-amp/rpmsg/rpmsg_virtio.o
 .text.rpmsg_virtio_enqueue_buffer
                0x10009396       0x3a ./Middlewares/OpenAMP/open-amp/rpmsg/rpmsg_virtio.o
 .text.rpmsg_virtio_get_tx_buffer
                0x100093d0       0x3a ./Middlewares/OpenAMP/open-amp/rpmsg/rpmsg_virtio.o
 .text.rpmsg_virtio_get_rx_buffer
                0x1000940a       0x38 ./Middlewares/OpenAMP/open-amp/rpmsg/rpmsg_virtio.o
 .text.rpmsg_virtio_wait_remote_ready
                0x10009442       0x3a ./Middlewares/OpenAMP/open-amp/rpmsg/rpmsg_virtio.o
 .text.rpmsg_virtio_hold_rx_buffer
                0x1000947c       0x28 ./Middlewares/OpenAMP/open-amp/rpmsg/rpmsg_virtio.o
 .text.rpmsg_virtio_release_rx_buffer
                0x100094a4       0x52 ./Middlewares/OpenAMP/open-amp/rpmsg/rpmsg_virtio.o
 .text.rpmsg_virtio_get_tx_payload_buffer
                0x100094f6       0xa4 ./Middlewares/OpenAMP/open-amp/rpmsg/rpmsg_virtio.o
 *fill*         0x1000959a        0x2 
 .text.rpmsg_virtio_send_offchannel_nocopy
                0x1000959c       0xd8 ./Middlewares/OpenAMP/open-amp/rpmsg/rpmsg_virtio.o
 .text.rpmsg_virtio_send_offchannel_raw
                0x10009674       0x98 ./Middlewares/OpenAMP/open-amp/rpmsg/rpmsg_virtio.o
 .text.rpmsg_virtio_tx_callback
                0x1000970c       0x14 ./Middlewares/OpenAMP/open-amp/rpmsg/rpmsg_virtio.o
 .text.rpmsg_virtio_rx_callback
                0x10009720      0x124 ./Middlewares/OpenAMP/open-amp/rpmsg/rpmsg_virtio.o
 .text.rpmsg_virtio_ns_callback
                0x10009844       0xe6 ./Middlewares/OpenAMP/open-amp/rpmsg/rpmsg_virtio.o
 *fill*         0x1000992a        0x2 
 .text.rpmsg_init_vdev
                0x1000992c      0x19c ./Middlewares/OpenAMP/open-amp/rpmsg/rpmsg_virtio.o
                0x1000992c                rpmsg_init_vdev
 .text.virtio_create_virtqueues
                0x10009ac8       0x9c ./Middlewares/OpenAMP/open-amp/virtio/virtio.o
                0x10009ac8                virtio_create_virtqueues
 .text.vring_init
                0x10009b64       0x52 ./Middlewares/OpenAMP/open-amp/virtio/virtqueue.o
 .text.vring_need_event
                0x10009bb6       0x3c ./Middlewares/OpenAMP/open-amp/virtio/virtqueue.o
 .text.metal_io_virt
                0x10009bf2       0x38 ./Middlewares/OpenAMP/open-amp/virtio/virtqueue.o
 .text.metal_io_phys
                0x10009c2a       0x6e ./Middlewares/OpenAMP/open-amp/virtio/virtqueue.o
 .text.metal_io_phys_to_offset
                0x10009c98       0x76 ./Middlewares/OpenAMP/open-amp/virtio/virtqueue.o
 .text.metal_io_phys_to_virt
                0x10009d0e       0x26 ./Middlewares/OpenAMP/open-amp/virtio/virtqueue.o
 .text.virtqueue_phys_to_virt
                0x10009d34       0x22 ./Middlewares/OpenAMP/open-amp/virtio/virtqueue.o
 .text.virtqueue_create
                0x10009d56       0x62 ./Middlewares/OpenAMP/open-amp/virtio/virtqueue.o
                0x10009d56                virtqueue_create
 .text.virtqueue_get_buffer_length
                0x10009db8       0x24 ./Middlewares/OpenAMP/open-amp/virtio/virtqueue.o
                0x10009db8                virtqueue_get_buffer_length
 .text.virtqueue_get_available_buffer
                0x10009ddc       0x90 ./Middlewares/OpenAMP/open-amp/virtio/virtqueue.o
                0x10009ddc                virtqueue_get_available_buffer
 .text.virtqueue_add_consumed_buffer
                0x10009e6c       0x84 ./Middlewares/OpenAMP/open-amp/virtio/virtqueue.o
                0x10009e6c                virtqueue_add_consumed_buffer
 .text.virtqueue_disable_cb
                0x10009ef0       0x70 ./Middlewares/OpenAMP/open-amp/virtio/virtqueue.o
                0x10009ef0                virtqueue_disable_cb
 .text.virtqueue_kick
                0x10009f60       0x2c ./Middlewares/OpenAMP/open-amp/virtio/virtqueue.o
                0x10009f60                virtqueue_kick
 .text.vq_ring_init
                0x10009f8c       0x2c ./Middlewares/OpenAMP/open-amp/virtio/virtqueue.o
 .text.virtqueue_notification
                0x10009fb8       0x24 ./Middlewares/OpenAMP/open-amp/virtio/virtqueue.o
                0x10009fb8                virtqueue_notification
 .text.vq_ring_must_notify
                0x10009fdc       0x9c ./Middlewares/OpenAMP/open-amp/virtio/virtqueue.o
 .text.vq_ring_notify
                0x1000a078       0x20 ./Middlewares/OpenAMP/open-amp/virtio/virtqueue.o
 .text.rpmsg_send
                0x1000a098       0x2e ./Middlewares/OpenAMP/virtual_driver/virt_uart.o
 .text.VIRT_UART_read_cb
                0x1000a0c6       0x3c ./Middlewares/OpenAMP/virtual_driver/virt_uart.o
 *fill*         0x1000a102        0x2 
 .text.VIRT_UART_Init
                0x1000a104       0x38 ./Middlewares/OpenAMP/virtual_driver/virt_uart.o
                0x1000a104                VIRT_UART_Init
 .text.VIRT_UART_RegisterCallback
                0x1000a13c       0x34 ./Middlewares/OpenAMP/virtual_driver/virt_uart.o
                0x1000a13c                VIRT_UART_RegisterCallback
 .text.VIRT_UART_Transmit
                0x1000a170       0x3c ./Middlewares/OpenAMP/virtual_driver/virt_uart.o
                0x1000a170                VIRT_UART_Transmit
 .text.__assert_func
                0x1000a1ac       0x3c C:/ST/STM32CubeIDE_1.19.0/STM32CubeIDE/plugins/com.st.stm32cube.ide.mcu.externaltools.gnu-tools-for-stm32.13.3.rel1.win32_1.0.0.202411081344/tools/bin/../lib/gcc/arm-none-eabi/13.3.1/../../../../arm-none-eabi/lib/thumb/v7e-m+fp/hard\libc_nano.a(libc_a-assert.o)
                0x1000a1ac                __assert_func
 .text.malloc   0x1000a1e8       0x10 C:/ST/STM32CubeIDE_1.19.0/STM32CubeIDE/plugins/com.st.stm32cube.ide.mcu.externaltools.gnu-tools-for-stm32.13.3.rel1.win32_1.0.0.202411081344/tools/bin/../lib/gcc/arm-none-eabi/13.3.1/../../../../arm-none-eabi/lib/thumb/v7e-m+fp/hard\libc_nano.a(libc_a-malloc.o)
                0x1000a1e8                malloc
 .text.free     0x1000a1f8       0x10 C:/ST/STM32CubeIDE_1.19.0/STM32CubeIDE/plugins/com.st.stm32cube.ide.mcu.externaltools.gnu-tools-for-stm32.13.3.rel1.win32_1.0.0.202411081344/tools/bin/../lib/gcc/arm-none-eabi/13.3.1/../../../../arm-none-eabi/lib/thumb/v7e-m+fp/hard\libc_nano.a(libc_a-malloc.o)
                0x1000a1f8                free
 .text.sbrk_aligned
                0x1000a208       0x44 C:/ST/STM32CubeIDE_1.19.0/STM32CubeIDE/plugins/com.st.stm32cube.ide.mcu.externaltools.gnu-tools-for-stm32.13.3.rel1.win32_1.0.0.202411081344/tools/bin/../lib/gcc/arm-none-eabi/13.3.1/../../../../arm-none-eabi/lib/thumb/v7e-m+fp/hard\libc_nano.a(libc_a-mallocr.o)
 .text._malloc_r
                0x1000a24c      0x100 C:/ST/STM32CubeIDE_1.19.0/STM32CubeIDE/plugins/com.st.stm32cube.ide.mcu.externaltools.gnu-tools-for-stm32.13.3.rel1.win32_1.0.0.202411081344/tools/bin/../lib/gcc/arm-none-eabi/13.3.1/../../../../arm-none-eabi/lib/thumb/v7e-m+fp/hard\libc_nano.a(libc_a-mallocr.o)
                0x1000a24c                _malloc_r
 .text.__malloc_lock
                0x1000a34c        0xc C:/ST/STM32CubeIDE_1.19.0/STM32CubeIDE/plugins/com.st.stm32cube.ide.mcu.externaltools.gnu-tools-for-stm32.13.3.rel1.win32_1.0.0.202411081344/tools/bin/../lib/gcc/arm-none-eabi/13.3.1/../../../../arm-none-eabi/lib/thumb/v7e-m+fp/hard\libc_nano.a(libc_a-mlock.o)
                0x1000a34c                __malloc_lock
 .text.__malloc_unlock
                0x1000a358        0xc C:/ST/STM32CubeIDE_1.19.0/STM32CubeIDE/plugins/com.st.stm32cube.ide.mcu.externaltools.gnu-tools-for-stm32.13.3.rel1.win32_1.0.0.202411081344/tools/bin/../lib/gcc/arm-none-eabi/13.3.1/../../../../arm-none-eabi/lib/thumb/v7e-m+fp/hard\libc_nano.a(libc_a-mlock.o)
                0x1000a358                __malloc_unlock
 .text.std      0x1000a364       0x6c C:/ST/STM32CubeIDE_1.19.0/STM32CubeIDE/plugins/com.st.stm32cube.ide.mcu.externaltools.gnu-tools-for-stm32.13.3.rel1.win32_1.0.0.202411081344/tools/bin/../lib/gcc/arm-none-eabi/13.3.1/../../../../arm-none-eabi/lib/thumb/v7e-m+fp/hard\libc_nano.a(libc_a-findfp.o)
 .text.stdio_exit_handler
                0x1000a3d0       0x18 C:/ST/STM32CubeIDE_1.19.0/STM32CubeIDE/plugins/com.st.stm32cube.ide.mcu.externaltools.gnu-tools-for-stm32.13.3.rel1.win32_1.0.0.202411081344/tools/bin/../lib/gcc/arm-none-eabi/13.3.1/../../../../arm-none-eabi/lib/thumb/v7e-m+fp/hard\libc_nano.a(libc_a-findfp.o)
 .text.cleanup_stdio
                0x1000a3e8       0x40 C:/ST/STM32CubeIDE_1.19.0/STM32CubeIDE/plugins/com.st.stm32cube.ide.mcu.externaltools.gnu-tools-for-stm32.13.3.rel1.win32_1.0.0.202411081344/tools/bin/../lib/gcc/arm-none-eabi/13.3.1/../../../../arm-none-eabi/lib/thumb/v7e-m+fp/hard\libc_nano.a(libc_a-findfp.o)
 .text.global_stdio_init.part.0
                0x1000a428       0x3c C:/ST/STM32CubeIDE_1.19.0/STM32CubeIDE/plugins/com.st.stm32cube.ide.mcu.externaltools.gnu-tools-for-stm32.13.3.rel1.win32_1.0.0.202411081344/tools/bin/../lib/gcc/arm-none-eabi/13.3.1/../../../../arm-none-eabi/lib/thumb/v7e-m+fp/hard\libc_nano.a(libc_a-findfp.o)
 .text.__sfp_lock_acquire
                0x1000a464        0xc C:/ST/STM32CubeIDE_1.19.0/STM32CubeIDE/plugins/com.st.stm32cube.ide.mcu.externaltools.gnu-tools-for-stm32.13.3.rel1.win32_1.0.0.202411081344/tools/bin/../lib/gcc/arm-none-eabi/13.3.1/../../../../arm-none-eabi/lib/thumb/v7e-m+fp/hard\libc_nano.a(libc_a-findfp.o)
                0x1000a464                __sfp_lock_acquire
 .text.__sfp_lock_release
                0x1000a470        0xc C:/ST/STM32CubeIDE_1.19.0/STM32CubeIDE/plugins/com.st.stm32cube.ide.mcu.externaltools.gnu-tools-for-stm32.13.3.rel1.win32_1.0.0.202411081344/tools/bin/../lib/gcc/arm-none-eabi/13.3.1/../../../../arm-none-eabi/lib/thumb/v7e-m+fp/hard\libc_nano.a(libc_a-findfp.o)
                0x1000a470                __sfp_lock_release
 .text.__sinit  0x1000a47c       0x30 C:/ST/STM32CubeIDE_1.19.0/STM32CubeIDE/plugins/com.st.stm32cube.ide.mcu.externaltools.gnu-tools-for-stm32.13.3.rel1.win32_1.0.0.202411081344/tools/bin/../lib/gcc/arm-none-eabi/13.3.1/../../../../arm-none-eabi/lib/thumb/v7e-m+fp/hard\libc_nano.a(libc_a-findfp.o)
                0x1000a47c                __sinit
 .text.fprintf  0x1000a4ac       0x24 C:/ST/STM32CubeIDE_1.19.0/STM32CubeIDE/plugins/com.st.stm32cube.ide.mcu.externaltools.gnu-tools-for-stm32.13.3.rel1.win32_1.0.0.202411081344/tools/bin/../lib/gcc/arm-none-eabi/13.3.1/../../../../arm-none-eabi/lib/thumb/v7e-m+fp/hard\libc_nano.a(libc_a-fprintf.o)
                0x1000a4ac                fiprintf
                0x1000a4ac                fprintf
 .text._fwalk_sglue
                0x1000a4d0       0x3c C:/ST/STM32CubeIDE_1.19.0/STM32CubeIDE/plugins/com.st.stm32cube.ide.mcu.externaltools.gnu-tools-for-stm32.13.3.rel1.win32_1.0.0.202411081344/tools/bin/../lib/gcc/arm-none-eabi/13.3.1/../../../../arm-none-eabi/lib/thumb/v7e-m+fp/hard\libc_nano.a(libc_a-fwalk.o)
                0x1000a4d0                _fwalk_sglue
 .text.printf   0x1000a50c       0x24 C:/ST/STM32CubeIDE_1.19.0/STM32CubeIDE/plugins/com.st.stm32cube.ide.mcu.externaltools.gnu-tools-for-stm32.13.3.rel1.win32_1.0.0.202411081344/tools/bin/../lib/gcc/arm-none-eabi/13.3.1/../../../../arm-none-eabi/lib/thumb/v7e-m+fp/hard\libc_nano.a(libc_a-printf.o)
                0x1000a50c                iprintf
                0x1000a50c                printf
 .text.__sread  0x1000a530       0x22 C:/ST/STM32CubeIDE_1.19.0/STM32CubeIDE/plugins/com.st.stm32cube.ide.mcu.externaltools.gnu-tools-for-stm32.13.3.rel1.win32_1.0.0.202411081344/tools/bin/../lib/gcc/arm-none-eabi/13.3.1/../../../../arm-none-eabi/lib/thumb/v7e-m+fp/hard\libc_nano.a(libc_a-stdio.o)
                0x1000a530                __sread
 .text.__swrite
                0x1000a552       0x38 C:/ST/STM32CubeIDE_1.19.0/STM32CubeIDE/plugins/com.st.stm32cube.ide.mcu.externaltools.gnu-tools-for-stm32.13.3.rel1.win32_1.0.0.202411081344/tools/bin/../lib/gcc/arm-none-eabi/13.3.1/../../../../arm-none-eabi/lib/thumb/v7e-m+fp/hard\libc_nano.a(libc_a-stdio.o)
                0x1000a552                __swrite
 .text.__sseek  0x1000a58a       0x24 C:/ST/STM32CubeIDE_1.19.0/STM32CubeIDE/plugins/com.st.stm32cube.ide.mcu.externaltools.gnu-tools-for-stm32.13.3.rel1.win32_1.0.0.202411081344/tools/bin/../lib/gcc/arm-none-eabi/13.3.1/../../../../arm-none-eabi/lib/thumb/v7e-m+fp/hard\libc_nano.a(libc_a-stdio.o)
                0x1000a58a                __sseek
 .text.__sclose
                0x1000a5ae        0x8 C:/ST/STM32CubeIDE_1.19.0/STM32CubeIDE/plugins/com.st.stm32cube.ide.mcu.externaltools.gnu-tools-for-stm32.13.3.rel1.win32_1.0.0.202411081344/tools/bin/../lib/gcc/arm-none-eabi/13.3.1/../../../../arm-none-eabi/lib/thumb/v7e-m+fp/hard\libc_nano.a(libc_a-stdio.o)
                0x1000a5ae                __sclose
 .text.memset   0x1000a5b6       0x10 C:/ST/STM32CubeIDE_1.19.0/STM32CubeIDE/plugins/com.st.stm32cube.ide.mcu.externaltools.gnu-tools-for-stm32.13.3.rel1.win32_1.0.0.202411081344/tools/bin/../lib/gcc/arm-none-eabi/13.3.1/../../../../arm-none-eabi/lib/thumb/v7e-m+fp/hard\libc_nano.a(libc_a-memset.o)
                0x1000a5b6                memset
 .text.strncmp  0x1000a5c6       0x24 C:/ST/STM32CubeIDE_1.19.0/STM32CubeIDE/plugins/com.st.stm32cube.ide.mcu.externaltools.gnu-tools-for-stm32.13.3.rel1.win32_1.0.0.202411081344/tools/bin/../lib/gcc/arm-none-eabi/13.3.1/../../../../arm-none-eabi/lib/thumb/v7e-m+fp/hard\libc_nano.a(libc_a-strncmp.o)
                0x1000a5c6                strncmp
 .text.strncpy  0x1000a5ea       0x26 C:/ST/STM32CubeIDE_1.19.0/STM32CubeIDE/plugins/com.st.stm32cube.ide.mcu.externaltools.gnu-tools-for-stm32.13.3.rel1.win32_1.0.0.202411081344/tools/bin/../lib/gcc/arm-none-eabi/13.3.1/../../../../arm-none-eabi/lib/thumb/v7e-m+fp/hard\libc_nano.a(libc_a-strncpy.o)
                0x1000a5ea                strncpy
 .text._close_r
                0x1000a610       0x20 C:/ST/STM32CubeIDE_1.19.0/STM32CubeIDE/plugins/com.st.stm32cube.ide.mcu.externaltools.gnu-tools-for-stm32.13.3.rel1.win32_1.0.0.202411081344/tools/bin/../lib/gcc/arm-none-eabi/13.3.1/../../../../arm-none-eabi/lib/thumb/v7e-m+fp/hard\libc_nano.a(libc_a-closer.o)
                0x1000a610                _close_r
 .text._lseek_r
                0x1000a630       0x24 C:/ST/STM32CubeIDE_1.19.0/STM32CubeIDE/plugins/com.st.stm32cube.ide.mcu.externaltools.gnu-tools-for-stm32.13.3.rel1.win32_1.0.0.202411081344/tools/bin/../lib/gcc/arm-none-eabi/13.3.1/../../../../arm-none-eabi/lib/thumb/v7e-m+fp/hard\libc_nano.a(libc_a-lseekr.o)
                0x1000a630                _lseek_r
 .text._read_r  0x1000a654       0x24 C:/ST/STM32CubeIDE_1.19.0/STM32CubeIDE/plugins/com.st.stm32cube.ide.mcu.externaltools.gnu-tools-for-stm32.13.3.rel1.win32_1.0.0.202411081344/tools/bin/../lib/gcc/arm-none-eabi/13.3.1/../../../../arm-none-eabi/lib/thumb/v7e-m+fp/hard\libc_nano.a(libc_a-readr.o)
                0x1000a654                _read_r
 .text._sbrk_r  0x1000a678       0x20 C:/ST/STM32CubeIDE_1.19.0/STM32CubeIDE/plugins/com.st.stm32cube.ide.mcu.externaltools.gnu-tools-for-stm32.13.3.rel1.win32_1.0.0.202411081344/tools/bin/../lib/gcc/arm-none-eabi/13.3.1/../../../../arm-none-eabi/lib/thumb/v7e-m+fp/hard\libc_nano.a(libc_a-sbrkr.o)
                0x1000a678                _sbrk_r
 .text._write_r
                0x1000a698       0x24 C:/ST/STM32CubeIDE_1.19.0/STM32CubeIDE/plugins/com.st.stm32cube.ide.mcu.externaltools.gnu-tools-for-stm32.13.3.rel1.win32_1.0.0.202411081344/tools/bin/../lib/gcc/arm-none-eabi/13.3.1/../../../../arm-none-eabi/lib/thumb/v7e-m+fp/hard\libc_nano.a(libc_a-writer.o)
                0x1000a698                _write_r
 .text.__errno  0x1000a6bc        0xc C:/ST/STM32CubeIDE_1.19.0/STM32CubeIDE/plugins/com.st.stm32cube.ide.mcu.externaltools.gnu-tools-for-stm32.13.3.rel1.win32_1.0.0.202411081344/tools/bin/../lib/gcc/arm-none-eabi/13.3.1/../../../../arm-none-eabi/lib/thumb/v7e-m+fp/hard\libc_nano.a(libc_a-errno.o)
                0x1000a6bc                __errno
 .text.__libc_init_array
                0x1000a6c8       0x48 C:/ST/STM32CubeIDE_1.19.0/STM32CubeIDE/plugins/com.st.stm32cube.ide.mcu.externaltools.gnu-tools-for-stm32.13.3.rel1.win32_1.0.0.202411081344/tools/bin/../lib/gcc/arm-none-eabi/13.3.1/../../../../arm-none-eabi/lib/thumb/v7e-m+fp/hard\libc_nano.a(libc_a-init.o)
                0x1000a6c8                __libc_init_array
 .text.__retarget_lock_init_recursive
                0x1000a710        0x2 C:/ST/STM32CubeIDE_1.19.0/STM32CubeIDE/plugins/com.st.stm32cube.ide.mcu.externaltools.gnu-tools-for-stm32.13.3.rel1.win32_1.0.0.202411081344/tools/bin/../lib/gcc/arm-none-eabi/13.3.1/../../../../arm-none-eabi/lib/thumb/v7e-m+fp/hard\libc_nano.a(libc_a-lock.o)
                0x1000a710                __retarget_lock_init_recursive
 .text.__retarget_lock_acquire_recursive
                0x1000a712        0x2 C:/ST/STM32CubeIDE_1.19.0/STM32CubeIDE/plugins/com.st.stm32cube.ide.mcu.externaltools.gnu-tools-for-stm32.13.3.rel1.win32_1.0.0.202411081344/tools/bin/../lib/gcc/arm-none-eabi/13.3.1/../../../../arm-none-eabi/lib/thumb/v7e-m+fp/hard\libc_nano.a(libc_a-lock.o)
                0x1000a712                __retarget_lock_acquire_recursive
 .text.__retarget_lock_release_recursive
                0x1000a714        0x2 C:/ST/STM32CubeIDE_1.19.0/STM32CubeIDE/plugins/com.st.stm32cube.ide.mcu.externaltools.gnu-tools-for-stm32.13.3.rel1.win32_1.0.0.202411081344/tools/bin/../lib/gcc/arm-none-eabi/13.3.1/../../../../arm-none-eabi/lib/thumb/v7e-m+fp/hard\libc_nano.a(libc_a-lock.o)
                0x1000a714                __retarget_lock_release_recursive
 .text.memcpy   0x1000a716       0x1c C:/ST/STM32CubeIDE_1.19.0/STM32CubeIDE/plugins/com.st.stm32cube.ide.mcu.externaltools.gnu-tools-for-stm32.13.3.rel1.win32_1.0.0.202411081344/tools/bin/../lib/gcc/arm-none-eabi/13.3.1/../../../../arm-none-eabi/lib/thumb/v7e-m+fp/hard\libc_nano.a(libc_a-memcpy-stub.o)
                0x1000a716                memcpy
 .text.abort    0x1000a732        0xe C:/ST/STM32CubeIDE_1.19.0/STM32CubeIDE/plugins/com.st.stm32cube.ide.mcu.externaltools.gnu-tools-for-stm32.13.3.rel1.win32_1.0.0.202411081344/tools/bin/../lib/gcc/arm-none-eabi/13.3.1/../../../../arm-none-eabi/lib/thumb/v7e-m+fp/hard\libc_nano.a(libc_a-abort.o)
                0x1000a732                abort
 .text._free_r  0x1000a740       0x94 C:/ST/STM32CubeIDE_1.19.0/STM32CubeIDE/plugins/com.st.stm32cube.ide.mcu.externaltools.gnu-tools-for-stm32.13.3.rel1.win32_1.0.0.202411081344/tools/bin/../lib/gcc/arm-none-eabi/13.3.1/../../../../arm-none-eabi/lib/thumb/v7e-m+fp/hard\libc_nano.a(libc_a-freer.o)
                0x1000a740                _free_r
 .text.__sfputc_r
                0x1000a7d4       0x2e C:/ST/STM32CubeIDE_1.19.0/STM32CubeIDE/plugins/com.st.stm32cube.ide.mcu.externaltools.gnu-tools-for-stm32.13.3.rel1.win32_1.0.0.202411081344/tools/bin/../lib/gcc/arm-none-eabi/13.3.1/../../../../arm-none-eabi/lib/thumb/v7e-m+fp/hard\libc_nano.a(libc_a-nano-vfprintf.o)
 .text.__sfputs_r
                0x1000a802       0x24 C:/ST/STM32CubeIDE_1.19.0/STM32CubeIDE/plugins/com.st.stm32cube.ide.mcu.externaltools.gnu-tools-for-stm32.13.3.rel1.win32_1.0.0.202411081344/tools/bin/../lib/gcc/arm-none-eabi/13.3.1/../../../../arm-none-eabi/lib/thumb/v7e-m+fp/hard\libc_nano.a(libc_a-nano-vfprintf.o)
                0x1000a802                __sfputs_r
 *fill*         0x1000a826        0x2 
 .text._vfprintf_r
                0x1000a828      0x230 C:/ST/STM32CubeIDE_1.19.0/STM32CubeIDE/plugins/com.st.stm32cube.ide.mcu.externaltools.gnu-tools-for-stm32.13.3.rel1.win32_1.0.0.202411081344/tools/bin/../lib/gcc/arm-none-eabi/13.3.1/../../../../arm-none-eabi/lib/thumb/v7e-m+fp/hard\libc_nano.a(libc_a-nano-vfprintf.o)
                0x1000a828                _vfprintf_r
                0x1000a828                _vfiprintf_r
 .text._printf_common
                0x1000aa58       0xda C:/ST/STM32CubeIDE_1.19.0/STM32CubeIDE/plugins/com.st.stm32cube.ide.mcu.externaltools.gnu-tools-for-stm32.13.3.rel1.win32_1.0.0.202411081344/tools/bin/../lib/gcc/arm-none-eabi/13.3.1/../../../../arm-none-eabi/lib/thumb/v7e-m+fp/hard\libc_nano.a(libc_a-nano-vfprintf_i.o)
                0x1000aa58                _printf_common
 *fill*         0x1000ab32        0x2 
 .text._printf_i
                0x1000ab34      0x23c C:/ST/STM32CubeIDE_1.19.0/STM32CubeIDE/plugins/com.st.stm32cube.ide.mcu.externaltools.gnu-tools-for-stm32.13.3.rel1.win32_1.0.0.202411081344/tools/bin/../lib/gcc/arm-none-eabi/13.3.1/../../../../arm-none-eabi/lib/thumb/v7e-m+fp/hard\libc_nano.a(libc_a-nano-vfprintf_i.o)
                0x1000ab34                _printf_i
 .text.__sflush_r
                0x1000ad70      0x108 C:/ST/STM32CubeIDE_1.19.0/STM32CubeIDE/plugins/com.st.stm32cube.ide.mcu.externaltools.gnu-tools-for-stm32.13.3.rel1.win32_1.0.0.202411081344/tools/bin/../lib/gcc/arm-none-eabi/13.3.1/../../../../arm-none-eabi/lib/thumb/v7e-m+fp/hard\libc_nano.a(libc_a-fflush.o)
                0x1000ad70                __sflush_r
 .text._fflush_r
                0x1000ae78       0x50 C:/ST/STM32CubeIDE_1.19.0/STM32CubeIDE/plugins/com.st.stm32cube.ide.mcu.externaltools.gnu-tools-for-stm32.13.3.rel1.win32_1.0.0.202411081344/tools/bin/../lib/gcc/arm-none-eabi/13.3.1/../../../../arm-none-eabi/lib/thumb/v7e-m+fp/hard\libc_nano.a(libc_a-fflush.o)
                0x1000ae78                _fflush_r
 .text.__swbuf_r
                0x1000aec8       0x7c C:/ST/STM32CubeIDE_1.19.0/STM32CubeIDE/plugins/com.st.stm32cube.ide.mcu.externaltools.gnu-tools-for-stm32.13.3.rel1.win32_1.0.0.202411081344/tools/bin/../lib/gcc/arm-none-eabi/13.3.1/../../../../arm-none-eabi/lib/thumb/v7e-m+fp/hard\libc_nano.a(libc_a-wbuf.o)
                0x1000aec8                __swbuf_r
 .text.__swsetup_r
                0x1000af44       0xac C:/ST/STM32CubeIDE_1.19.0/STM32CubeIDE/plugins/com.st.stm32cube.ide.mcu.externaltools.gnu-tools-for-stm32.13.3.rel1.win32_1.0.0.202411081344/tools/bin/../lib/gcc/arm-none-eabi/13.3.1/../../../../arm-none-eabi/lib/thumb/v7e-m+fp/hard\libc_nano.a(libc_a-wsetup.o)
                0x1000af44                __swsetup_r
 .text._raise_r
                0x1000aff0       0x50 C:/ST/STM32CubeIDE_1.19.0/STM32CubeIDE/plugins/com.st.stm32cube.ide.mcu.externaltools.gnu-tools-for-stm32.13.3.rel1.win32_1.0.0.202411081344/tools/bin/../lib/gcc/arm-none-eabi/13.3.1/../../../../arm-none-eabi/lib/thumb/v7e-m+fp/hard\libc_nano.a(libc_a-signal.o)
                0x1000aff0                _raise_r
 .text.raise    0x1000b040       0x10 C:/ST/STM32CubeIDE_1.19.0/STM32CubeIDE/plugins/com.st.stm32cube.ide.mcu.externaltools.gnu-tools-for-stm32.13.3.rel1.win32_1.0.0.202411081344/tools/bin/../lib/gcc/arm-none-eabi/13.3.1/../../../../arm-none-eabi/lib/thumb/v7e-m+fp/hard\libc_nano.a(libc_a-signal.o)
                0x1000b040                raise
 .text._kill_r  0x1000b050       0x24 C:/ST/STM32CubeIDE_1.19.0/STM32CubeIDE/plugins/com.st.stm32cube.ide.mcu.externaltools.gnu-tools-for-stm32.13.3.rel1.win32_1.0.0.202411081344/tools/bin/../lib/gcc/arm-none-eabi/13.3.1/../../../../arm-none-eabi/lib/thumb/v7e-m+fp/hard\libc_nano.a(libc_a-signalr.o)
                0x1000b050                _kill_r
 .text._getpid_r
                0x1000b074        0x4 C:/ST/STM32CubeIDE_1.19.0/STM32CubeIDE/plugins/com.st.stm32cube.ide.mcu.externaltools.gnu-tools-for-stm32.13.3.rel1.win32_1.0.0.202411081344/tools/bin/../lib/gcc/arm-none-eabi/13.3.1/../../../../arm-none-eabi/lib/thumb/v7e-m+fp/hard\libc_nano.a(libc_a-signalr.o)
                0x1000b074                _getpid_r
 .text.__swhatbuf_r
                0x1000b078       0x4c C:/ST/STM32CubeIDE_1.19.0/STM32CubeIDE/plugins/com.st.stm32cube.ide.mcu.externaltools.gnu-tools-for-stm32.13.3.rel1.win32_1.0.0.202411081344/tools/bin/../lib/gcc/arm-none-eabi/13.3.1/../../../../arm-none-eabi/lib/thumb/v7e-m+fp/hard\libc_nano.a(libc_a-makebuf.o)
                0x1000b078                __swhatbuf_r
 .text.__smakebuf_r
                0x1000b0c4       0x78 C:/ST/STM32CubeIDE_1.19.0/STM32CubeIDE/plugins/com.st.stm32cube.ide.mcu.externaltools.gnu-tools-for-stm32.13.3.rel1.win32_1.0.0.202411081344/tools/bin/../lib/gcc/arm-none-eabi/13.3.1/../../../../arm-none-eabi/lib/thumb/v7e-m+fp/hard\libc_nano.a(libc_a-makebuf.o)
                0x1000b0c4                __smakebuf_r
 .text._fstat_r
                0x1000b13c       0x24 C:/ST/STM32CubeIDE_1.19.0/STM32CubeIDE/plugins/com.st.stm32cube.ide.mcu.externaltools.gnu-tools-for-stm32.13.3.rel1.win32_1.0.0.202411081344/tools/bin/../lib/gcc/arm-none-eabi/13.3.1/../../../../arm-none-eabi/lib/thumb/v7e-m+fp/hard\libc_nano.a(libc_a-fstatr.o)
                0x1000b13c                _fstat_r
 .text._isatty_r
                0x1000b160       0x20 C:/ST/STM32CubeIDE_1.19.0/STM32CubeIDE/plugins/com.st.stm32cube.ide.mcu.externaltools.gnu-tools-for-stm32.13.3.rel1.win32_1.0.0.202411081344/tools/bin/../lib/gcc/arm-none-eabi/13.3.1/../../../../arm-none-eabi/lib/thumb/v7e-m+fp/hard\libc_nano.a(libc_a-isattyr.o)
                0x1000b160                _isatty_r
 .text._sbrk    0x1000b180       0x1c C:/ST/STM32CubeIDE_1.19.0/STM32CubeIDE/plugins/com.st.stm32cube.ide.mcu.externaltools.gnu-tools-for-stm32.13.3.rel1.win32_1.0.0.202411081344/tools/bin/../lib/gcc/arm-none-eabi/13.3.1/../../../../arm-none-eabi/lib/thumb/v7e-m+fp/hard\libnosys.a(sbrk.o)
                0x1000b180                _sbrk
 *(.glue_7)
 .glue_7        0x1000b19c        0x0 linker stubs
 *(.glue_7t)
 .glue_7t       0x1000b19c        0x0 linker stubs
 *(.eh_frame)
 .eh_frame      0x1000b19c        0x0 C:/ST/STM32CubeIDE_1.19.0/STM32CubeIDE/plugins/com.st.stm32cube.ide.mcu.externaltools.gnu-tools-for-stm32.13.3.rel1.win32_1.0.0.202411081344/tools/bin/../lib/gcc/arm-none-eabi/13.3.1/thumb/v7e-m+fp/hard/crtbegin.o
 *(.init)
 .init          0x1000b19c        0x4 C:/ST/STM32CubeIDE_1.19.0/STM32CubeIDE/plugins/com.st.stm32cube.ide.mcu.externaltools.gnu-tools-for-stm32.13.3.rel1.win32_1.0.0.202411081344/tools/bin/../lib/gcc/arm-none-eabi/13.3.1/thumb/v7e-m+fp/hard/crti.o
                0x1000b19c                _init
 .init          0x1000b1a0        0x8 C:/ST/STM32CubeIDE_1.19.0/STM32CubeIDE/plugins/com.st.stm32cube.ide.mcu.externaltools.gnu-tools-for-stm32.13.3.rel1.win32_1.0.0.202411081344/tools/bin/../lib/gcc/arm-none-eabi/13.3.1/thumb/v7e-m+fp/hard/crtn.o
 *(.fini)
 .fini          0x1000b1a8        0x4 C:/ST/STM32CubeIDE_1.19.0/STM32CubeIDE/plugins/com.st.stm32cube.ide.mcu.externaltools.gnu-tools-for-stm32.13.3.rel1.win32_1.0.0.202411081344/tools/bin/../lib/gcc/arm-none-eabi/13.3.1/thumb/v7e-m+fp/hard/crti.o
                0x1000b1a8                _fini
 .fini          0x1000b1ac        0x8 C:/ST/STM32CubeIDE_1.19.0/STM32CubeIDE/plugins/com.st.stm32cube.ide.mcu.externaltools.gnu-tools-for-stm32.13.3.rel1.win32_1.0.0.202411081344/tools/bin/../lib/gcc/arm-none-eabi/13.3.1/thumb/v7e-m+fp/hard/crtn.o
                0x1000b1b4                        . = ALIGN (0x4)
                0x1000b1b4                        _etext = .

.vfp11_veneer   0x1000b1b4        0x0
 .vfp11_veneer  0x1000b1b4        0x0 linker stubs

.v4_bx          0x1000b1b4        0x0
 .v4_bx         0x1000b1b4        0x0 linker stubs

.iplt           0x1000b1b4        0x0
 .iplt          0x1000b1b4        0x0 C:/ST/STM32CubeIDE_1.19.0/STM32CubeIDE/plugins/com.st.stm32cube.ide.mcu.externaltools.gnu-tools-for-stm32.13.3.rel1.win32_1.0.0.202411081344/tools/bin/../lib/gcc/arm-none-eabi/13.3.1/thumb/v7e-m+fp/hard/crtbegin.o

.startup_copro_fw.Reset_Handler
                0x1000b1b4       0x50
 .startup_copro_fw.Reset_Handler
                0x1000b1b4       0x50 ./Application/Startup/startup_stm32mp157caax.o
                0x1000b1b4                Reset_Handler

.rodata         0x1000b204     0x25c8
                0x1000b204                        . = ALIGN (0x4)
 *(.rodata)
 .rodata        0x1000b204      0x1d6 ./Application/User/main.o
 *fill*         0x1000b3da        0x2 
 .rodata        0x1000b3dc       0x79 ./Application/User/mbox_ipcc.o
 *fill*         0x1000b455        0x3 
 .rodata        0x1000b458       0x1c ./Application/User/openamp.o
 .rodata        0x1000b474       0xcc ./Middlewares/OpenAMP/libmetal/device.o
 .rodata        0x1000b540      0x10b ./Middlewares/OpenAMP/open-amp/remoteproc/remoteproc_virtio.o
 *fill*         0x1000b64b        0x1 
 .rodata        0x1000b64c        0x1 ./Middlewares/OpenAMP/open-amp/rpmsg/rpmsg.o
 *fill*         0x1000b64d        0x3 
 .rodata        0x1000b650       0xe7 ./Middlewares/OpenAMP/open-amp/rpmsg/rpmsg_virtio.o
 *fill*         0x1000b737        0x1 
 .rodata        0x1000b738        0xa ./Middlewares/OpenAMP/virtual_driver/virt_uart.o
 *(.rodata*)
 *fill*         0x1000b742        0x2 
 .rodata.__func__.0
                0x1000b744        0xd ./Application/User/mbox_ipcc.o
 *fill*         0x1000b751        0x3 
 .rodata.LED_PIN
                0x1000b754       0x10 ./Drivers/BSP/stm32mp15xx_disco.o
 .rodata.Font11x18
                0x1000b764      0xd5c ./Drivers/OLED/ssd1306_fonts.o
 .rodata.Font16x24
                0x1000c4c0     0x11d0 ./Drivers/OLED/ssd1306_fonts.o
 .rodata.Font_11x18
                0x1000d690        0xc ./Drivers/OLED/ssd1306_fonts.o
                0x1000d690                Font_11x18
 .rodata.Font_16x24
                0x1000d69c        0xc ./Drivers/OLED/ssd1306_fonts.o
                0x1000d69c                Font_16x24
 .rodata.remoteproc_virtio_dispatch_funcs
                0x1000d6a8       0x24 ./Middlewares/OpenAMP/open-amp/remoteproc/remoteproc_virtio.o
 .rodata.__func__.1
                0x1000d6cc       0x1e ./Middlewares/OpenAMP/open-amp/remoteproc/remoteproc_virtio.o
 *fill*         0x1000d6ea        0x2 
 .rodata.__func__.0
                0x1000d6ec        0xe ./Middlewares/OpenAMP/open-amp/remoteproc/remoteproc_virtio.o
 *fill*         0x1000d6fa        0x2 
 .rodata.__func__.2
                0x1000d6fc       0x24 ./Middlewares/OpenAMP/open-amp/rpmsg/rpmsg_virtio.o
 .rodata.__func__.1
                0x1000d720       0x21 ./Middlewares/OpenAMP/open-amp/rpmsg/rpmsg_virtio.o
 *fill*         0x1000d741        0x3 
 .rodata.__func__.0
                0x1000d744       0x19 ./Middlewares/OpenAMP/open-amp/rpmsg/rpmsg_virtio.o
 .rodata.__assert_func.str1.1
                0x1000d75d       0x6f C:/ST/STM32CubeIDE_1.19.0/STM32CubeIDE/plugins/com.st.stm32cube.ide.mcu.externaltools.gnu-tools-for-stm32.13.3.rel1.win32_1.0.0.202411081344/tools/bin/../lib/gcc/arm-none-eabi/13.3.1/../../../../arm-none-eabi/lib/thumb/v7e-m+fp/hard\libc_nano.a(libc_a-assert.o)
                                 0x3d (size before relaxing)
 .rodata._vfprintf_r.str1.1
                0x1000d7cc       0x11 C:/ST/STM32CubeIDE_1.19.0/STM32CubeIDE/plugins/com.st.stm32cube.ide.mcu.externaltools.gnu-tools-for-stm32.13.3.rel1.win32_1.0.0.202411081344/tools/bin/../lib/gcc/arm-none-eabi/13.3.1/../../../../arm-none-eabi/lib/thumb/v7e-m+fp/hard\libc_nano.a(libc_a-nano-vfprintf.o)
 .rodata._printf_i.str1.1
                0x1000d7cc       0x22 C:/ST/STM32CubeIDE_1.19.0/STM32CubeIDE/plugins/com.st.stm32cube.ide.mcu.externaltools.gnu-tools-for-stm32.13.3.rel1.win32_1.0.0.202411081344/tools/bin/../lib/gcc/arm-none-eabi/13.3.1/../../../../arm-none-eabi/lib/thumb/v7e-m+fp/hard\libc_nano.a(libc_a-nano-vfprintf_i.o)
                0x1000d7f0                        . = ALIGN (0x4)

.ARM.extab      0x1000d7cc        0x0
                0x1000d7cc                        . = ALIGN (0x4)
 *(.ARM.extab* .gnu.linkonce.armextab.*)
                0x1000d7cc                        . = ALIGN (0x4)

.ARM            0x1000d7cc        0x8
                0x1000d7cc                        . = ALIGN (0x4)
                0x1000d7cc                        __exidx_start = .
 *(.ARM.exidx*)
 .ARM.exidx     0x1000d7cc        0x8 C:/ST/STM32CubeIDE_1.19.0/STM32CubeIDE/plugins/com.st.stm32cube.ide.mcu.externaltools.gnu-tools-for-stm32.13.3.rel1.win32_1.0.0.202411081344/tools/bin/../lib/gcc/arm-none-eabi/13.3.1/../../../../arm-none-eabi/lib/thumb/v7e-m+fp/hard\libc_nano.a(libc_a-strcmp.o)
 .ARM.exidx     0x1000d7d4        0x0 C:/ST/STM32CubeIDE_1.19.0/STM32CubeIDE/plugins/com.st.stm32cube.ide.mcu.externaltools.gnu-tools-for-stm32.13.3.rel1.win32_1.0.0.202411081344/tools/bin/../lib/gcc/arm-none-eabi/13.3.1/../../../../arm-none-eabi/lib/thumb/v7e-m+fp/hard\libc_nano.a(libc_a-memchr.o)
                                  0x8 (size before relaxing)
                0x1000d7d4                        __exidx_end = .
                0x1000d7d4                        . = ALIGN (0x4)

.preinit_array  0x1000d7d4        0x0
                0x1000d7d4                        . = ALIGN (0x4)
                0x1000d7d4                        PROVIDE (__preinit_array_start = .)
 *(.preinit_array*)
                0x1000d7d4                        PROVIDE (__preinit_array_end = .)
                0x1000d7d4                        . = ALIGN (0x4)

.init_array     0x1000d7d4        0x4
                0x1000d7d4                        . = ALIGN (0x4)
                0x1000d7d4                        PROVIDE (__init_array_start = .)
 *(SORT_BY_NAME(.init_array.*))
 *(.init_array*)
 .init_array    0x1000d7d4        0x4 C:/ST/STM32CubeIDE_1.19.0/STM32CubeIDE/plugins/com.st.stm32cube.ide.mcu.externaltools.gnu-tools-for-stm32.13.3.rel1.win32_1.0.0.202411081344/tools/bin/../lib/gcc/arm-none-eabi/13.3.1/thumb/v7e-m+fp/hard/crtbegin.o
                0x1000d7d8                        PROVIDE (__init_array_end = .)
                0x1000d7d8                        . = ALIGN (0x4)

.fini_array     0x1000d7d8        0x4
                0x1000d7d8                        . = ALIGN (0x4)
                [!provide]                        PROVIDE (__fini_array_start = .)
 *(SORT_BY_NAME(.fini_array.*))
 *(.fini_array*)
 .fini_array    0x1000d7d8        0x4 C:/ST/STM32CubeIDE_1.19.0/STM32CubeIDE/plugins/com.st.stm32cube.ide.mcu.externaltools.gnu-tools-for-stm32.13.3.rel1.win32_1.0.0.202411081344/tools/bin/../lib/gcc/arm-none-eabi/13.3.1/thumb/v7e-m+fp/hard/crtbegin.o
                [!provide]                        PROVIDE (__fini_array_end = .)
                0x1000d7dc                        . = ALIGN (0x4)
                0x1000d7dc                        __DATA_ROM = .
                0x1000d7dc                        _sidata = LOADADDR (.data)

.data           0x10020000      0x130 load address 0x1000d7dc
                0x10020000                        . = ALIGN (0x4)
                0x10020000                        _sdata = .
 *(.data)
 *(.data*)
 .data.shm_device
                0x10020000       0x8c ./Application/User/openamp.o
                0x10020000                shm_device
 .data.LED_PORT
                0x1002008c       0x10 ./Drivers/BSP/stm32mp15xx_disco.o
 .data.SystemCoreClock
                0x1002009c        0x4 ./Drivers/CMSIS/system_stm32mp1xx.o
                0x1002009c                SystemCoreClock
 .data.uwTickPrio
                0x100200a0        0x4 ./Drivers/STM32MP1xx_HAL_Driver/stm32mp1xx_hal.o
                0x100200a0                uwTickPrio
 .data.uwTickFreq
                0x100200a4        0x1 ./Drivers/STM32MP1xx_HAL_Driver/stm32mp1xx_hal.o
                0x100200a4                uwTickFreq
 *fill*         0x100200a5        0x3 
 .data.metal_generic_bus
                0x100200a8       0x2c ./Middlewares/OpenAMP/libmetal/device.o
                0x100200a8                metal_generic_bus
 .data.__sglue  0x100200d4        0xc C:/ST/STM32CubeIDE_1.19.0/STM32CubeIDE/plugins/com.st.stm32cube.ide.mcu.externaltools.gnu-tools-for-stm32.13.3.rel1.win32_1.0.0.202411081344/tools/bin/../lib/gcc/arm-none-eabi/13.3.1/../../../../arm-none-eabi/lib/thumb/v7e-m+fp/hard\libc_nano.a(libc_a-findfp.o)
                0x100200d4                __sglue
 .data._impure_ptr
                0x100200e0        0x4 C:/ST/STM32CubeIDE_1.19.0/STM32CubeIDE/plugins/com.st.stm32cube.ide.mcu.externaltools.gnu-tools-for-stm32.13.3.rel1.win32_1.0.0.202411081344/tools/bin/../lib/gcc/arm-none-eabi/13.3.1/../../../../arm-none-eabi/lib/thumb/v7e-m+fp/hard\libc_nano.a(libc_a-impure.o)
                0x100200e0                _impure_ptr
 .data._impure_data
                0x100200e4       0x4c C:/ST/STM32CubeIDE_1.19.0/STM32CubeIDE/plugins/com.st.stm32cube.ide.mcu.externaltools.gnu-tools-for-stm32.13.3.rel1.win32_1.0.0.202411081344/tools/bin/../lib/gcc/arm-none-eabi/13.3.1/../../../../arm-none-eabi/lib/thumb/v7e-m+fp/hard\libc_nano.a(libc_a-impure.o)
                0x100200e4                _impure_data
                0x10020130                        . = ALIGN (0x4)
                0x10020130                        _edata = .
                0x1000d90c                        __DATA_END = (__DATA_ROM + (_edata - _sdata))
                0x10020000                        text_end = (ORIGIN (m_text) + LENGTH (m_text))
                0x00000001                        ASSERT ((__DATA_END <= text_end), region m_text overflowed with text and data)

.igot.plt       0x10020130        0x0 load address 0x1000d90c
 .igot.plt      0x10020130        0x0 C:/ST/STM32CubeIDE_1.19.0/STM32CubeIDE/plugins/com.st.stm32cube.ide.mcu.externaltools.gnu-tools-for-stm32.13.3.rel1.win32_1.0.0.202411081344/tools/bin/../lib/gcc/arm-none-eabi/13.3.1/thumb/v7e-m+fp/hard/crtbegin.o

.resource_table
                0x10020130       0x8c load address 0x1000d90c
                0x10020130                        . = ALIGN (0x4)
 *(.resource_table*)
 .resource_table
                0x10020130       0x8c ./Application/User/rsc_table.o
                0x10020130                resource_table
                0x100201bc                        . = ALIGN (0x4)
                0x1000d998                        _eirsc = (LOADADDR (.resource_table) + SIZEOF (.resource_table))
                0x00000001                        ASSERT (((SIZEOF (.resource_table) == 0x0) || (_eirsc <= text_end)), no room for resource_table load section in text)

.rel.dyn        0x100201bc        0x0 load address 0x1000d998
 .rel.iplt      0x100201bc        0x0 C:/ST/STM32CubeIDE_1.19.0/STM32CubeIDE/plugins/com.st.stm32cube.ide.mcu.externaltools.gnu-tools-for-stm32.13.3.rel1.win32_1.0.0.202411081344/tools/bin/../lib/gcc/arm-none-eabi/13.3.1/thumb/v7e-m+fp/hard/crtbegin.o
                0x100201bc                        . = ALIGN (0x4)

.bss            0x100201bc     0x139c
                0x100201bc                        _sbss = .
                0x100201bc                        __bss_start__ = _sbss
 *(.bss)
 .bss           0x100201bc       0x1c C:/ST/STM32CubeIDE_1.19.0/STM32CubeIDE/plugins/com.st.stm32cube.ide.mcu.externaltools.gnu-tools-for-stm32.13.3.rel1.win32_1.0.0.202411081344/tools/bin/../lib/gcc/arm-none-eabi/13.3.1/thumb/v7e-m+fp/hard/crtbegin.o
 *(.bss*)
 .bss.hi2c5     0x100201d8       0x54 ./Application/User/main.o
                0x100201d8                hi2c5
 .bss.hipcc     0x1002022c       0x3c ./Application/User/main.o
                0x1002022c                hipcc
 .bss.hexti     0x10020268        0xc ./Application/User/main.o
                0x10020268                hexti
 .bss.buttonPressed
                0x10020274        0x4 ./Application/User/main.o
                0x10020274                buttonPressed
 .bss.commandInit
                0x10020278        0x4 ./Application/User/main.o
                0x10020278                commandInit
 .bss.huart0    0x1002027c       0x50 ./Application/User/main.o
                0x1002027c                huart0
 .bss.huart1    0x100202cc       0x50 ./Application/User/main.o
                0x100202cc                huart1
 .bss.VirtUart0RxMsg
                0x1002031c        0x1 ./Application/User/main.o
                0x1002031c                VirtUart0RxMsg
 *fill*         0x1002031d        0x3 
 .bss.VirtUart0ChannelBuffRx
                0x10020320      0x200 ./Application/User/main.o
                0x10020320                VirtUart0ChannelBuffRx
 .bss.VirtUart0ChannelRxSize
                0x10020520        0x2 ./Application/User/main.o
                0x10020520                VirtUart0ChannelRxSize
 .bss.VirtUart1RxMsg
                0x10020522        0x1 ./Application/User/main.o
                0x10020522                VirtUart1RxMsg
 *fill*         0x10020523        0x1 
 .bss.VirtUart1ChannelBuffRx
                0x10020524      0x200 ./Application/User/main.o
                0x10020524                VirtUart1ChannelBuffRx
 .bss.VirtUart1ChannelRxSize
                0x10020724        0x2 ./Application/User/main.o
                0x10020724                VirtUart1ChannelRxSize
 *fill*         0x10020726        0x2 
 .bss.msg_received_ch1
                0x10020728        0x4 ./Application/User/mbox_ipcc.o
                0x10020728                msg_received_ch1
 .bss.msg_received_ch2
                0x1002072c        0x4 ./Application/User/mbox_ipcc.o
                0x1002072c                msg_received_ch2
 .bss.shm_io    0x10020730        0x4 ./Application/User/openamp.o
 .bss.rsc_io    0x10020734        0x4 ./Application/User/openamp.o
 .bss.rsc_table
                0x10020738        0x4 ./Application/User/openamp.o
 .bss.shpool    0x1002073c        0xc ./Application/User/openamp.o
 .bss.rvdev     0x10020748       0x8c ./Application/User/openamp.o
 .bss.shm_physmap
                0x100207d4        0x4 ./Application/User/openamp.o
 .bss.system_log_buf
                0x100207d8      0x800 ./Application/User/openamp_log.o
                0x100207d8                system_log_buf
 .bss.offset.0  0x10020fd8        0x4 ./Application/User/openamp_log.o
 .bss.SSD1306_Buffer
                0x10020fdc      0x400 ./Drivers/OLED/ssd1306.o
 .bss.SSD1306   0x100213dc        0x6 ./Drivers/OLED/ssd1306.o
 *fill*         0x100213e2        0x2 
 .bss.uwTick    0x100213e4        0x4 ./Drivers/STM32MP1xx_HAL_Driver/stm32mp1xx_hal.o
                0x100213e4                uwTick
 .bss._metal    0x100213e8       0x20 ./Middlewares/OpenAMP/libmetal/generic/generic_init.o
                0x100213e8                _metal
 .bss.__malloc_sbrk_start