../Drivers/OLED/ssd1306.c:8:6:ssd1306_Reset	4	static
../Drivers/OLED/ssd1306.c:13:6:ssd1306_WriteCommand	32	static
../Drivers/OLED/ssd1306.c:18:6:ssd1306_WriteData	32	static
../Drivers/OLED/ssd1306.c:63:17:ssd1306_FillBuffer	24	static
../Drivers/OLED/ssd1306.c:73:5:ssd1306_Init	8	static
../Drivers/OLED/ssd1306.c:177:6:ssd1306_Fill	16	static
../Drivers/OLED/ssd1306.c:180:6:ssd1306_Clear	8	static
../Drivers/OLED/ssd1306.c:186:6:ssd1306_UpdateScreen	16	static
../Drivers/OLED/ssd1306.c:207:6:ssd1306_DrawPixel	16	static
../Drivers/OLED/ssd1306.c:227:6:ssd1306_WriteChar	48	static
../Drivers/OLED/ssd1306.c:264:6:ssd1306_WriteString	32	static
../Drivers/OLED/ssd1306.c:278:6:ssd1306_SetCursor	16	static
../Drivers/OLED/ssd1306.c:284:6:ssd1306_Line	48	static
../Drivers/OLED/ssd1306.c:311:6:ssd1306_Polyline	40	static
../Drivers/OLED/ssd1306.c:325:14:ssd1306_DegToRad	16	static
../Drivers/OLED/ssd1306.c:330:17:ssd1306_NormalizeTo0_360	24	static
../Drivers/OLED/ssd1306.c:346:6:ssd1306_DrawArc	64	static
../Drivers/OLED/ssd1306.c:386:6:ssd1306_DrawArcWithRadiusLine	72	static
../Drivers/OLED/ssd1306.c:429:6:ssd1306_DrawCircle	40	static
../Drivers/OLED/ssd1306.c:464:6:ssd1306_FillCircle	48	static
../Drivers/OLED/ssd1306.c:500:6:ssd1306_DrawRectangle	32	static
../Drivers/OLED/ssd1306.c:510:6:ssd1306_FillRectangle	32	static
../Drivers/OLED/ssd1306.c:524:17:ssd1306_InvertRectangle	32	static
../Drivers/OLED/ssd1306.c:555:6:ssd1306_DrawBitmap	24	static
../Drivers/OLED/ssd1306.c:579:6:ssd1306_SetContrast	24	static
../Drivers/OLED/ssd1306.c:585:6:ssd1306_SetDisplayOn	24	static
../Drivers/OLED/ssd1306.c:597:9:ssd1306_GetDisplayOn	4	static
